Archive member included to satisfy reference by file (symbol)

D:\HNU_RM_CodeStorage\HNU_Serial_08_20_segger_try2\HNU_Embedded_Framework\Middlewares\ST\ARM\DSP\Lib\libarm_cortexM7lfdp_math.a(arm_mat_trans_f32.o)
                              CMakeFiles/CtrBoard-H7_ALL.elf.dir/src/algorithm/QuaternionEKF/QuaternionEKF.c.obj (arm_mat_trans_f32)
D:\HNU_RM_CodeStorage\HNU_Serial_08_20_segger_try2\HNU_Embedded_Framework\Middlewares\ST\ARM\DSP\Lib\libarm_cortexM7lfdp_math.a(arm_mat_sub_f32.o)
                              CMakeFiles/CtrBoard-H7_ALL.elf.dir/src/algorithm/QuaternionEKF/QuaternionEKF.c.obj (arm_mat_sub_f32)
D:\HNU_RM_CodeStorage\HNU_Serial_08_20_segger_try2\HNU_Embedded_Framework\Middlewares\ST\ARM\DSP\Lib\libarm_cortexM7lfdp_math.a(arm_mat_mult_f32.o)
                              CMakeFiles/CtrBoard-H7_ALL.elf.dir/src/algorithm/QuaternionEKF/QuaternionEKF.c.obj (arm_mat_mult_f32)
D:\HNU_RM_CodeStorage\HNU_Serial_08_20_segger_try2\HNU_Embedded_Framework\Middlewares\ST\ARM\DSP\Lib\libarm_cortexM7lfdp_math.a(arm_mat_inverse_f32.o)
                              CMakeFiles/CtrBoard-H7_ALL.elf.dir/src/algorithm/QuaternionEKF/QuaternionEKF.c.obj (arm_mat_inverse_f32)
D:\HNU_RM_CodeStorage\HNU_Serial_08_20_segger_try2\HNU_Embedded_Framework\Middlewares\ST\ARM\DSP\Lib\libarm_cortexM7lfdp_math.a(arm_mat_init_f32.o)
                              CMakeFiles/CtrBoard-H7_ALL.elf.dir/src/algorithm/QuaternionEKF/QuaternionEKF.c.obj (arm_mat_init_f32)
D:\HNU_RM_CodeStorage\HNU_Serial_08_20_segger_try2\HNU_Embedded_Framework\Middlewares\ST\ARM\DSP\Lib\libarm_cortexM7lfdp_math.a(arm_mat_add_f32.o)
                              CMakeFiles/CtrBoard-H7_ALL.elf.dir/src/algorithm/QuaternionEKF/QuaternionEKF.c.obj (arm_mat_add_f32)
D:\HNU_RM_CodeStorage\HNU_Serial_08_20_segger_try2\HNU_Embedded_Framework\Middlewares\ST\ARM\DSP\Lib\libarm_cortexM7lfdp_math.a(arm_sin_f32.o)
                              CMakeFiles/CtrBoard-H7_ALL.elf.dir/src/modules/leg_vmc/drv_leg.c.obj (arm_sin_f32)
D:\HNU_RM_CodeStorage\HNU_Serial_08_20_segger_try2\HNU_Embedded_Framework\Middlewares\ST\ARM\DSP\Lib\libarm_cortexM7lfdp_math.a(arm_cos_f32.o)
                              CMakeFiles/CtrBoard-H7_ALL.elf.dir/src/modules/leg_vmc/drv_leg.c.obj (arm_cos_f32)
D:\HNU_RM_CodeStorage\HNU_Serial_08_20_segger_try2\HNU_Embedded_Framework\Middlewares\ST\ARM\DSP\Lib\libarm_cortexM7lfdp_math.a(arm_common_tables.o)
                              D:\HNU_RM_CodeStorage\HNU_Serial_08_20_segger_try2\HNU_Embedded_Framework\Middlewares\ST\ARM\DSP\Lib\libarm_cortexM7lfdp_math.a(arm_sin_f32.o) (sinTable_f32)
d:/stm32environment/arm/bin/../lib/gcc/arm-none-eabi/10.3.1/thumb/v7e-m+dp/hard\libgcc.a(_arm_addsubsf3.o)
                              CMakeFiles/CtrBoard-H7_ALL.elf.dir/src/modules/motor/DM_motor/DM_Motor.c.obj (__aeabi_ul2f)
d:/stm32environment/arm/bin/../lib/gcc/arm-none-eabi/10.3.1/thumb/v7e-m+dp/hard\libgcc.a(_aeabi_uldivmod.o)
                              CMakeFiles/CtrBoard-H7_ALL.elf.dir/Drivers/STM32H7xx_HAL_Driver/Src/stm32h7xx_hal_uart.c.obj (__aeabi_uldivmod)
d:/stm32environment/arm/bin/../lib/gcc/arm-none-eabi/10.3.1/thumb/v7e-m+dp/hard\libgcc.a(_udivmoddi4.o)
                              d:/stm32environment/arm/bin/../lib/gcc/arm-none-eabi/10.3.1/thumb/v7e-m+dp/hard\libgcc.a(_aeabi_uldivmod.o) (__udivmoddi4)
d:/stm32environment/arm/bin/../lib/gcc/arm-none-eabi/10.3.1/thumb/v7e-m+dp/hard\libgcc.a(_dvmd_tls.o)
                              d:/stm32environment/arm/bin/../lib/gcc/arm-none-eabi/10.3.1/thumb/v7e-m+dp/hard\libgcc.a(_aeabi_uldivmod.o) (__aeabi_ldiv0)
d:/stm32environment/arm/bin/../lib/gcc/arm-none-eabi/10.3.1/../../../../arm-none-eabi/lib/thumb/v7e-m+dp/hard\libg.a(lib_a-errno.o)
                              CMakeFiles/CtrBoard-H7_ALL.elf.dir/Core/Src/syscalls.c.obj (__errno)
d:/stm32environment/arm/bin/../lib/gcc/arm-none-eabi/10.3.1/../../../../arm-none-eabi/lib/thumb/v7e-m+dp/hard\libg.a(lib_a-exit.o)
                              d:/stm32environment/arm/bin/../lib/gcc/arm-none-eabi/10.3.1/../../../../arm-none-eabi/lib/thumb/v7e-m+dp/hard/crt0.o (exit)
d:/stm32environment/arm/bin/../lib/gcc/arm-none-eabi/10.3.1/../../../../arm-none-eabi/lib/thumb/v7e-m+dp/hard\libg.a(lib_a-impure.o)
                              d:/stm32environment/arm/bin/../lib/gcc/arm-none-eabi/10.3.1/../../../../arm-none-eabi/lib/thumb/v7e-m+dp/hard\libg.a(lib_a-exit.o) (_global_impure_ptr)
d:/stm32environment/arm/bin/../lib/gcc/arm-none-eabi/10.3.1/../../../../arm-none-eabi/lib/thumb/v7e-m+dp/hard\libg.a(lib_a-init.o)
                              d:/stm32environment/arm/bin/../lib/gcc/arm-none-eabi/10.3.1/../../../../arm-none-eabi/lib/thumb/v7e-m+dp/hard/crt0.o (__libc_init_array)
d:/stm32environment/arm/bin/../lib/gcc/arm-none-eabi/10.3.1/../../../../arm-none-eabi/lib/thumb/v7e-m+dp/hard\libg.a(lib_a-malloc.o)
                              CMakeFiles/CtrBoard-H7_ALL.elf.dir/src/algorithm/PID/PID.c.obj (malloc)
[...]
Memory Configuration

Name             Origin             Length             Attributes
ITCMRAM          0x00000000         0x00010000         xrw
DTCMRAM          0x20000000         0x00020000         xrw
FLASH            0x08000000         0x00100000         xr
RAM_D1           0x24000000         0x00050000         xrw
RAM_D2           0x30000000         0x00008000         xrw
RAM_D3           0x38000000         0x00004000         xrw
*default*        0x00000000         0xffffffff

Linker script and memory map

LOAD d:/stm32environment/arm/bin/../lib/gcc/arm-none-eabi/10.3.1/thumb/v7e-m+dp/hard/crti.o
LOAD d:/stm32environment/arm/bin/../lib/gcc/arm-none-eabi/10.3.1/thumb/v7e-m+dp/hard/crtbegin.o
LOAD d:/stm32environment/arm/bin/../lib/gcc/arm-none-eabi/10.3.1/../../../../arm-none-eabi/lib/thumb/v7e-m+dp/hard/crt0.o
LOAD CMakeFiles/CtrBoard-H7_ALL.elf.dir/Core/Src/dma.c.obj
LOAD CMakeFiles/CtrBoard-H7_ALL.elf.dir/Core/Src/fdcan.c.obj
LOAD CMakeFiles/CtrBoard-H7_ALL.elf.dir/Core/Src/freertos.c.obj
LOAD CMakeFiles/CtrBoard-H7_ALL.elf.dir/Core/Src/gpio.c.obj
LOAD CMakeFiles/CtrBoard-H7_ALL.elf.dir/Core/Src/main.c.obj
LOAD CMakeFiles/CtrBoard-H7_ALL.elf.dir/Core/Src/spi.c.obj
LOAD CMakeFiles/CtrBoard-H7_ALL.elf.dir/Core/Src/stm32h7xx_hal_msp.c.obj
LOAD CMakeFiles/CtrBoard-H7_ALL.elf.dir/Core/Src/stm32h7xx_hal_timebase_tim.c.obj
LOAD CMakeFiles/CtrBoard-H7_ALL.elf.dir/Core/Src/stm32h7xx_it.c.obj
LOAD CMakeFiles/CtrBoard-H7_ALL.elf.dir/Core/Src/syscalls.c.obj
LOAD CMakeFiles/CtrBoard-H7_ALL.elf.dir/Core/Src/sysmem.c.obj
LOAD CMakeFiles/CtrBoard-H7_ALL.elf.dir/Core/Src/system_stm32h7xx.c.obj
LOAD CMakeFiles/CtrBoard-H7_ALL.elf.dir/Core/Src/tim.c.obj
LOAD CMakeFiles/CtrBoard-H7_ALL.elf.dir/Core/Src/usart.c.obj
LOAD CMakeFiles/CtrBoard-H7_ALL.elf.dir/Core/Startup/startup_stm32h723vgtx.s.obj
LOAD CMakeFiles/CtrBoard-H7_ALL.elf.dir/Drivers/STM32H7xx_HAL_Driver/Src/stm32h7xx_hal.c.obj
LOAD CMakeFiles/CtrBoard-H7_ALL.elf.dir/Drivers/STM32H7xx_HAL_Driver/Src/stm32h7xx_hal_cortex.c.obj
LOAD CMakeFiles/CtrBoard-H7_ALL.elf.dir/Drivers/STM32H7xx_HAL_Driver/Src/stm32h7xx_hal_dma.c.obj
LOAD CMakeFiles/CtrBoard-H7_ALL.elf.dir/Drivers/STM32H7xx_HAL_Driver/Src/stm32h7xx_hal_dma_ex.c.obj
LOAD CMakeFiles/CtrBoard-H7_ALL.elf.dir/Drivers/STM32H7xx_HAL_Driver/Src/stm32h7xx_hal_exti.c.obj
LOAD CMakeFiles/CtrBoard-H7_ALL.elf.dir/Drivers/STM32H7xx_HAL_Driver/Src/stm32h7xx_hal_fdcan.c.obj
LOAD CMakeFiles/CtrBoard-H7_ALL.elf.dir/Drivers/STM32H7xx_HAL_Driver/Src/stm32h7xx_hal_flash.c.obj
LOAD CMakeFiles/CtrBoard-H7_ALL.elf.dir/Drivers/STM32H7xx_HAL_Driver/Src/stm32h7xx_hal_flash_ex.c.obj
LOAD CMakeFiles/CtrBoard-H7_ALL.elf.dir/Drivers/STM32H7xx_HAL_Driver/Src/stm32h7xx_hal_gpio.c.obj
LOAD CMakeFiles/CtrBoard-H7_ALL.elf.dir/Drivers/STM32H7xx_HAL_Driver/Src/stm32h7xx_hal_hsem.c.obj
LOAD CMakeFiles/CtrBoard-H7_ALL.elf.dir/Drivers/STM32H7xx_HAL_Driver/Src/stm32h7xx_hal_i2c.c.obj
LOAD CMakeFiles/CtrBoard-H7_ALL.elf.dir/Drivers/STM32H7xx_HAL_Driver/Src/stm32h7xx_hal_i2c_ex.c.obj
LOAD CMakeFiles/CtrBoard-H7_ALL.elf.dir/Drivers/STM32H7xx_HAL_Driver/Src/stm32h7xx_hal_mdma.c.obj
LOAD CMakeFiles/CtrBoard-H7_ALL.elf.dir/Drivers/STM32H7xx_HAL_Driver/Src/stm32h7xx_hal_pcd.c.obj
LOAD CMakeFiles/CtrBoard-H7_ALL.elf.dir/Drivers/STM32H7xx_HAL_Driver/Src/stm32h7xx_hal_pcd_ex.c.obj
LOAD CMakeFiles/CtrBoard-H7_ALL.elf.dir/Drivers/STM32H7xx_HAL_Driver/Src/stm32h7xx_hal_pwr.c.obj
LOAD CMakeFiles/CtrBoard-H7_ALL.elf.dir/Drivers/STM32H7xx_HAL_Driver/Src/stm32h7xx_hal_pwr_ex.c.obj
LOAD CMakeFiles/CtrBoard-H7_ALL.elf.dir/Drivers/STM32H7xx_HAL_Driver/Src/stm32h7xx_hal_rcc.c.obj
LOAD CMakeFiles/CtrBoard-H7_ALL.elf.dir/Drivers/STM32H7xx_HAL_Driver/Src/stm32h7xx_hal_rcc_ex.c.obj
LOAD CMakeFiles/CtrBoard-H7_ALL.elf.dir/Drivers/STM32H7xx_HAL_Driver/Src/stm32h7xx_hal_spi.c.obj
LOAD CMakeFiles/CtrBoard-H7_ALL.elf.dir/Drivers/STM32H7xx_HAL_Driver/Src/stm32h7xx_hal_spi_ex.c.obj
LOAD CMakeFiles/CtrBoard-H7_ALL.elf.dir/Drivers/STM32H7xx_HAL_Driver/Src/stm32h7xx_hal_tim.c.obj
LOAD CMakeFiles/CtrBoard-H7_ALL.elf.dir/Drivers/STM32H7xx_HAL_Driver/Src/stm32h7xx_hal_tim_ex.c.obj
LOAD CMakeFiles/CtrBoard-H7_ALL.elf.dir/Drivers/STM32H7xx_HAL_Driver/Src/stm32h7xx_hal_uart.c.obj
LOAD CMakeFiles/CtrBoard-H7_ALL.elf.dir/Drivers/STM32H7xx_HAL_Driver/Src/stm32h7xx_hal_uart_ex.c.obj
LOAD CMakeFiles/CtrBoard-H7_ALL.elf.dir/Drivers/STM32H7xx_HAL_Driver/Src/stm32h7xx_ll_usb.c.obj
LOAD CMakeFiles/CtrBoard-H7_ALL.elf.dir/Middlewares/ST/STM32_USB_Device_Library/Class/CDC/Src/usbd_cdc.c.obj
LOAD CMakeFiles/CtrBoard-H7_ALL.elf.dir/Middlewares/ST/STM32_USB_Device_Library/Core/Src/usbd_core.c.obj
LOAD CMakeFiles/CtrBoard-H7_ALL.elf.dir/Middlewares/ST/STM32_USB_Device_Library/Core/Src/usbd_ctlreq.c.obj
LOAD CMakeFiles/CtrBoard-H7_ALL.elf.dir/Middlewares/ST/STM32_USB_Device_Library/Core/Src/usbd_ioreq.c.obj
LOAD CMakeFiles/CtrBoard-H7_ALL.elf.dir/Middlewares/Third_Party/FreeRTOS/Source/CMSIS_RTOS/cmsis_os.c.obj
LOAD CMakeFiles/CtrBoard-H7_ALL.elf.dir/Middlewares/Third_Party/FreeRTOS/Source/croutine.c.obj
LOAD CMakeFiles/CtrBoard-H7_ALL.elf.dir/Middlewares/Third_Party/FreeRTOS/Source/event_groups.c.obj
LOAD CMakeFiles/CtrBoard-H7_ALL.elf.dir/Middlewares/Third_Party/FreeRTOS/Source/list.c.obj
LOAD CMakeFiles/CtrBoard-H7_ALL.elf.dir/Middlewares/Third_Party/FreeRTOS/Source/portable/GCC/ARM_CM4F/port.c.obj
LOAD CMakeFiles/CtrBoard-H7_ALL.elf.dir/Middlewares/Third_Party/FreeRTOS/Source/portable/MemMang/heap_4.c.obj
LOAD CMakeFiles/CtrBoard-H7_ALL.elf.dir/Middlewares/Third_Party/FreeRTOS/Source/queue.c.obj
LOAD CMakeFiles/CtrBoard-H7_ALL.elf.dir/Middlewares/Third_Party/FreeRTOS/Source/stream_buffer.c.obj
LOAD CMakeFiles/CtrBoard-H7_ALL.elf.dir/Middlewares/Third_Party/FreeRTOS/Source/tasks.c.obj
LOAD CMakeFiles/CtrBoard-H7_ALL.elf.dir/Middlewares/Third_Party/FreeRTOS/Source/timers.c.obj
LOAD CMakeFiles/CtrBoard-H7_ALL.elf.dir/Middlewares/Third_Party/SystemView/SEGGER/SEGGER_RTT.c.obj
LOAD CMakeFiles/CtrBoard-H7_ALL.elf.dir/Middlewares/Third_Party/SystemView/SEGGER/SEGGER_RTT_ASM_ARMv7M.s.obj
LOAD CMakeFiles/CtrBoard-H7_ALL.elf.dir/Middlewares/Third_Party/SystemView/SEGGER/SEGGER_RTT_printf.c.obj
LOAD CMakeFiles/CtrBoard-H7_ALL.elf.dir/Middlewares/Third_Party/SystemView/SEGGER/SEGGER_SYSVIEW.c.obj
LOAD CMakeFiles/CtrBoard-H7_ALL.elf.dir/Middlewares/Third_Party/SystemView/Sample/FreeRTOSV10/Config/Cortex-M/SEGGER_SYSVIEW_Config_FreeRTOS.c.obj
LOAD CMakeFiles/CtrBoard-H7_ALL.elf.dir/Middlewares/Third_Party/SystemView/Sample/FreeRTOSV10/SEGGER_SYSVIEW_FreeRTOS.c.obj
LOAD CMakeFiles/CtrBoard-H7_ALL.elf.dir/USB_DEVICE/App/usb_device.c.obj
LOAD CMakeFiles/CtrBoard-H7_ALL.elf.dir/USB_DEVICE/App/usbd_cdc_if.c.obj
LOAD CMakeFiles/CtrBoard-H7_ALL.elf.dir/USB_DEVICE/App/usbd_desc.c.obj
LOAD CMakeFiles/CtrBoard-H7_ALL.elf.dir/USB_DEVICE/Target/usbd_conf.c.obj
LOAD CMakeFiles/CtrBoard-H7_ALL.elf.dir/src/algorithm/Filter/filter32.c.obj
LOAD CMakeFiles/CtrBoard-H7_ALL.elf.dir/src/algorithm/MahonyAHRS/MahonyAHRS.c.obj
LOAD CMakeFiles/CtrBoard-H7_ALL.elf.dir/src/algorithm/PID/PID.c.obj
LOAD CMakeFiles/CtrBoard-H7_ALL.elf.dir/src/algorithm/QuaternionEKF/QuaternionEKF.c.obj
LOAD CMakeFiles/CtrBoard-H7_ALL.elf.dir/src/algorithm/Ramp/ramp.c.obj
LOAD CMakeFiles/CtrBoard-H7_ALL.elf.dir/src/algorithm/User_Lib/user_lib.c.obj
LOAD CMakeFiles/CtrBoard-H7_ALL.elf.dir/src/algorithm/crc/crc8_crc16.c.obj
LOAD CMakeFiles/CtrBoard-H7_ALL.elf.dir/src/algorithm/kalman_filter/kalman_filter.c.obj
LOAD CMakeFiles/CtrBoard-H7_ALL.elf.dir/src/modules/BMI088/BMI088Middleware.c.obj
LOAD CMakeFiles/CtrBoard-H7_ALL.elf.dir/src/modules/BMI088/BMI088driver.c.obj
LOAD CMakeFiles/CtrBoard-H7_ALL.elf.dir/src/modules/BMI088/transfer_function.c.obj
LOAD CMakeFiles/CtrBoard-H7_ALL.elf.dir/src/modules/bsp/bsp_uart.c.obj
LOAD CMakeFiles/CtrBoard-H7_ALL.elf.dir/src/modules/can/hal_can.c.obj
LOAD CMakeFiles/CtrBoard-H7_ALL.elf.dir/src/modules/dm_imu/dm_imu.c.obj
LOAD CMakeFiles/CtrBoard-H7_ALL.elf.dir/src/modules/dwt/drv_dwt.c.obj
LOAD CMakeFiles/CtrBoard-H7_ALL.elf.dir/src/modules/ipc/uMCN.c.obj
LOAD CMakeFiles/CtrBoard-H7_ALL.elf.dir/src/modules/leg_vmc/drv_leg.c.obj
LOAD CMakeFiles/CtrBoard-H7_ALL.elf.dir/src/modules/leg_wbr/leg_wbr.c.obj
LOAD CMakeFiles/CtrBoard-H7_ALL.elf.dir/src/modules/log/bsp_log.c.obj
LOAD CMakeFiles/CtrBoard-H7_ALL.elf.dir/src/modules/motor/DJI_motor/dji_motor.c.obj
LOAD CMakeFiles/CtrBoard-H7_ALL.elf.dir/src/modules/motor/DM_motor/DM_Motor.c.obj
LOAD CMakeFiles/CtrBoard-H7_ALL.elf.dir/src/modules/motor/HT_motor/ht04.c.obj
LOAD CMakeFiles/CtrBoard-H7_ALL.elf.dir/src/modules/motor/LK_motor/lk_motor.c.obj
LOAD CMakeFiles/CtrBoard-H7_ALL.elf.dir/src/modules/pwm/drv_PWM.c.obj
LOAD CMakeFiles/CtrBoard-H7_ALL.elf.dir/src/modules/rc/Dbus/rc_dbus.c.obj
LOAD CMakeFiles/CtrBoard-H7_ALL.elf.dir/src/modules/referee/referee_system.c.obj
LOAD CMakeFiles/CtrBoard-H7_ALL.elf.dir/src/modules/ws2812b/ws2812.c.obj
LOAD CMakeFiles/CtrBoard-H7_ALL.elf.dir/src/robot.c.obj
LOAD CMakeFiles/CtrBoard-H7_ALL.elf.dir/src/task/chassis/chassis_task.c.obj
LOAD CMakeFiles/CtrBoard-H7_ALL.elf.dir/src/task/cmd/cmd_task.c.obj
LOAD CMakeFiles/CtrBoard-H7_ALL.elf.dir/src/task/gimbal/gimbal_task.c.obj
LOAD CMakeFiles/CtrBoard-H7_ALL.elf.dir/src/task/ins/ins_task.c.obj
LOAD CMakeFiles/CtrBoard-H7_ALL.elf.dir/src/task/motor/motor_task.c.obj
LOAD CMakeFiles/CtrBoard-H7_ALL.elf.dir/src/task/shoot/shoot_task.c.obj
LOAD CMakeFiles/CtrBoard-H7_ALL.elf.dir/src/task/trans/trans_task.c.obj
LOAD D:\HNU_RM_CodeStorage\HNU_Serial_08_20_segger_try2\HNU_Embedded_Framework\Middlewares\ST\ARM\DSP\Lib\libarm_cortexM7lfdp_math.a
START GROUP
LOAD d:/stm32environment/arm/bin/../lib/gcc/arm-none-eabi/10.3.1/thumb/v7e-m+dp/hard\libgcc.a
LOAD d:/stm32environment/arm/bin/../lib/gcc/arm-none-eabi/10.3.1/../../../../arm-none-eabi/lib/thumb/v7e-m+dp/hard\libg.a
LOAD d:/stm32environment/arm/bin/../lib/gcc/arm-none-eabi/10.3.1/../../../../arm-none-eabi/lib/thumb/v7e-m+dp/hard\libc.a
END GROUP
LOAD d:/stm32environment/arm/bin/../lib/gcc/arm-none-eabi/10.3.1/thumb/v7e-m+dp/hard/crtend.o
LOAD d:/stm32environment/arm/bin/../lib/gcc/arm-none-eabi/10.3.1/thumb/v7e-m+dp/hard/crtn.o
                0x24050000                _estack = (ORIGIN (RAM_D1) + LENGTH (RAM_D1))
                0x00000400                _Min_Heap_Size = 0x400
                0x00001000                _Min_Stack_Size = 0x1000

.isr_vector     0x08000000      0x2cc
                0x08000000                . = ALIGN (0x4)
 *(.isr_vector)
 .isr_vector    0x08000000      0x2cc CMakeFiles/CtrBoard-H7_ALL.elf.dir/Core/Startup/startup_stm32h723vgtx.s.obj
                0x08000000                g_pfnVectors
                0x080002cc                . = ALIGN (0x4)

.text           0x08000300    0x213d0
                0x08000300                . = ALIGN (0x4)
 *(.text)
 .text          0x08000300       0x40 d:/stm32environment/arm/bin/../lib/gcc/arm-none-eabi/10.3.1/thumb/v7e-m+dp/hard/crtbegin.o
 .text          0x08000340       0x94 CMakeFiles/CtrBoard-H7_ALL.elf.dir/Middlewares/Third_Party/SystemView/SEGGER/SEGGER_RTT_ASM_ARMv7M.s.obj
                0x08000340                SEGGER_RTT_ASM_WriteSkipNoLock
 .text          0x080003d4      0x21c d:/stm32environment/arm/bin/../lib/gcc/arm-none-eabi/10.3.1/thumb/v7e-m+dp/hard\libgcc.a(_arm_addsubsf3.o)
                0x080003d4                __aeabi_frsub
                0x080003dc                __subsf3
                0x080003dc                __aeabi_fsub
                0x080003e0                __aeabi_fadd
                0x080003e0                __addsf3
                0x08000540                __aeabi_ui2f
                0x08000540                __floatunsisf
                0x08000548                __aeabi_i2f
                0x08000548                __floatsisf
                0x08000564                __aeabi_ul2f
                0x08000564                __floatundisf
                0x08000574                __aeabi_l2f
                0x08000574                __floatdisf
 .text          0x080005f0       0x30 d:/stm32environment/arm/bin/../lib/gcc/arm-none-eabi/10.3.1/thumb/v7e-m+dp/hard\libgcc.a(_aeabi_uldivmod.o)
                0x080005f0                __aeabi_uldivmod
 .text          0x08000620      0x2d0 d:/stm32environment/arm/bin/../lib/gcc/arm-none-eabi/10.3.1/thumb/v7e-m+dp/hard\libgcc.a(_udivmoddi4.o)
                0x08000620                __udivmoddi4
 .text          0x080008f0        0x4 d:/stm32environment/arm/bin/../lib/gcc/arm-none-eabi/10.3.1/thumb/v7e-m+dp/hard\libgcc.a(_dvmd_tls.o)
                0x080008f0                __aeabi_idiv0
                0x080008f0                __aeabi_ldiv0
 .text          0x080008f4      0x134 d:/stm32environment/arm/bin/../lib/gcc/arm-none-eabi/10.3.1/../../../../arm-none-eabi/lib/thumb/v7e-m+dp/hard\libg.a(lib_a-memcpy.o)
                0x080008f4                memcpy
 *fill*         0x08000a28       0x18 
 .text          0x08000a40       0xdc d:/stm32environment/arm/bin/../lib/gcc/arm-none-eabi/10.3.1/../../../../arm-none-eabi/lib/thumb/v7e-m+dp/hard\libg.a(lib_a-strlen.o)
                0x08000a40                strlen
 *fill*         0x08000b1c        0x4 
 .text          0x08000b20       0xa0 d:/stm32environment/arm/bin/../lib/gcc/arm-none-eabi/10.3.1/../../../../arm-none-eabi/lib/thumb/v7e-m+dp/hard\libg.a(lib_a-memchr.o)
                0x08000b20                memchr
 .text          0x08000bc0      0x378 d:/stm32environment/arm/bin/../lib/gcc/arm-none-eabi/10.3.1/thumb/v7e-m+dp/hard\libgcc.a(_arm_addsubdf3.o)
                0x08000bc0                __aeabi_drsub
                0x08000bc8                __aeabi_dsub
                0x08000bc8                __subdf3
                0x08000bcc                __aeabi_dadd
                0x08000bcc                __adddf3
                0x08000e44                __floatunsidf
                0x08000e44                __aeabi_ui2d
                0x08000e64                __floatsidf
                0x08000e64                __aeabi_i2d
                0x08000e88                __aeabi_f2d
                0x08000e88                __extendsfdf2
                0x08000ecc                __floatundidf
                0x08000ecc                __aeabi_ul2d
                0x08000edc                __floatdidf
                0x08000edc                __aeabi_l2d
 *(.text*)
 .text.MX_DMA_Init
                0x08000f38       0xc0 CMakeFiles/CtrBoard-H7_ALL.elf.dir/Core/Src/dma.c.obj
                0x08000f38                MX_DMA_Init
 .text.MX_FDCAN1_Init
                0x08000ff8       0x64 CMakeFiles/CtrBoard-H7_ALL.elf.dir/Core/Src/fdcan.c.obj
                0x08000ff8                MX_FDCAN1_Init
 .text.MX_FDCAN2_Init
                0x0800105c       0x64 CMakeFiles/CtrBoard-H7_ALL.elf.dir/Core/Src/fdcan.c.obj
                0x0800105c                MX_FDCAN2_Init
 .text.MX_FDCAN3_Init
                0x080010c0       0x64 CMakeFiles/CtrBoard-H7_ALL.elf.dir/Core/Src/fdcan.c.obj
                0x080010c0                MX_FDCAN3_Init
 .text.HAL_FDCAN_MspInit
                0x08001124      0x180 CMakeFiles/CtrBoard-H7_ALL.elf.dir/Core/Src/fdcan.c.obj
                0x08001124                HAL_FDCAN_MspInit
 .text.StartDefaultTask
                0x080012a4       0x2c CMakeFiles/CtrBoard-H7_ALL.elf.dir/Core/Src/freertos.c.obj
                0x080012a4                StartDefaultTask
 .text.vApplicationGetIdleTaskMemory
                0x080012d0       0x18 CMakeFiles/CtrBoard-H7_ALL.elf.dir/Core/Src/freertos.c.obj
                0x080012d0                vApplicationGetIdleTaskMemory
 .text.vApplicationGetTimerTaskMemory
                0x080012e8       0x18 CMakeFiles/CtrBoard-H7_ALL.elf.dir/Core/Src/freertos.c.obj
                0x080012e8                vApplicationGetTimerTaskMemory
 .text.MX_FREERTOS_Init
                0x08001300       0x30 CMakeFiles/CtrBoard-H7_ALL.elf.dir/Core/Src/freertos.c.obj
                0x08001300                MX_FREERTOS_Init
 .text.MX_GPIO_Init
                0x08001330      0x2bc CMakeFiles/CtrBoard-H7_ALL.elf.dir/Core/Src/gpio.c.obj
                0x08001330                MX_GPIO_Init
 .text.Error_Handler
                0x080015ec        0x4 CMakeFiles/CtrBoard-H7_ALL.elf.dir/Core/Src/main.c.obj
                0x080015ec                Error_Handler
 .text.SystemClock_Config
                0x080015f0       0xb0 CMakeFiles/CtrBoard-H7_ALL.elf.dir/Core/Src/main.c.obj
                0x080015f0                SystemClock_Config
 .text.PeriphCommonClock_Config
                0x080016a0       0x48 CMakeFiles/CtrBoard-H7_ALL.elf.dir/Core/Src/main.c.obj
                0x080016a0                PeriphCommonClock_Config
 .text.main     0x080016e8       0x80 CMakeFiles/CtrBoard-H7_ALL.elf.dir/Core/Src/main.c.obj
                0x080016e8                main
 .text.MX_SPI2_Init
                0x08001768       0x60 CMakeFiles/CtrBoard-H7_ALL.elf.dir/Core/Src/spi.c.obj
                0x08001768                MX_SPI2_Init
 .text.MX_SPI6_Init
                0x080017c8       0x64 CMakeFiles/CtrBoard-H7_ALL.elf.dir/Core/Src/spi.c.obj
                0x080017c8                MX_SPI6_Init
 .text.HAL_SPI_MspInit
                0x0800182c      0x224 CMakeFiles/CtrBoard-H7_ALL.elf.dir/Core/Src/spi.c.obj
                0x0800182c                HAL_SPI_MspInit
 .text.HAL_MspInit
                0x08001a50       0x34 CMakeFiles/CtrBoard-H7_ALL.elf.dir/Core/Src/stm32h7xx_hal_msp.c.obj
                0x08001a50                HAL_MspInit
 .text.HAL_InitTick
                0x08001a84       0x90 CMakeFiles/CtrBoard-H7_ALL.elf.dir/Core/Src/stm32h7xx_hal_timebase_tim.c.obj
                0x08001a84                HAL_InitTick
 .text.NMI_Handler
                0x08001b14        0x2 CMakeFiles/CtrBoard-H7_ALL.elf.dir/Core/Src/stm32h7xx_it.c.obj
                0x08001b14                NMI_Handler
 .text.HardFault_Handler
                0x08001b16        0x2 CMakeFiles/CtrBoard-H7_ALL.elf.dir/Core/Src/stm32h7xx_it.c.obj
                0x08001b16                HardFault_Handler
 .text.MemManage_Handler
                0x08001b18        0x2 CMakeFiles/CtrBoard-H7_ALL.elf.dir/Core/Src/stm32h7xx_it.c.obj
                0x08001b18                MemManage_Handler
 .text.BusFault_Handler
                0x08001b1a        0x2 CMakeFiles/CtrBoard-H7_ALL.elf.dir/Core/Src/stm32h7xx_it.c.obj
                0x08001b1a                BusFault_Handler
 .text.UsageFault_Handler
                0x08001b1c        0x2 CMakeFiles/CtrBoard-H7_ALL.elf.dir/Core/Src/stm32h7xx_it.c.obj
                0x08001b1c                UsageFault_Handler
 .text.DebugMon_Handler
                0x08001b1e        0x2 CMakeFiles/CtrBoard-H7_ALL.elf.dir/Core/Src/stm32h7xx_it.c.obj
                0x08001b1e                DebugMon_Handler
 .text.DMA1_Stream1_IRQHandler
                0x08001b20       0x10 CMakeFiles/CtrBoard-H7_ALL.elf.dir/Core/Src/stm32h7xx_it.c.obj
                0x08001b20                DMA1_Stream1_IRQHandler
 .text.DMA1_Stream2_IRQHandler
                0x08001b30       0x10 CMakeFiles/CtrBoard-H7_ALL.elf.dir/Core/Src/stm32h7xx_it.c.obj
                0x08001b30                DMA1_Stream2_IRQHandler
 .text.DMA1_Stream3_IRQHandler
                0x08001b40       0x10 CMakeFiles/CtrBoard-H7_ALL.elf.dir/Core/Src/stm32h7xx_it.c.obj
                0x08001b40                DMA1_Stream3_IRQHandler
 .text.DMA1_Stream4_IRQHandler
                0x08001b50       0x10 CMakeFiles/CtrBoard-H7_ALL.elf.dir/Core/Src/stm32h7xx_it.c.obj
                0x08001b50                DMA1_Stream4_IRQHandler
 .text.DMA1_Stream5_IRQHandler
                0x08001b60       0x10 CMakeFiles/CtrBoard-H7_ALL.elf.dir/Core/Src/stm32h7xx_it.c.obj
                0x08001b60                DMA1_Stream5_IRQHandler
 .text.DMA1_Stream6_IRQHandler
                0x08001b70       0x10 CMakeFiles/CtrBoard-H7_ALL.elf.dir/Core/Src/stm32h7xx_it.c.obj
                0x08001b70                DMA1_Stream6_IRQHandler
 .text.FDCAN1_IT0_IRQHandler
                0x08001b80       0x10 CMakeFiles/CtrBoard-H7_ALL.elf.dir/Core/Src/stm32h7xx_it.c.obj
                0x08001b80                FDCAN1_IT0_IRQHandler
 .text.FDCAN2_IT0_IRQHandler
                0x08001b90       0x10 CMakeFiles/CtrBoard-H7_ALL.elf.dir/Core/Src/stm32h7xx_it.c.obj
                0x08001b90                FDCAN2_IT0_IRQHandler
 .text.TIM4_IRQHandler
                0x08001ba0       0x10 CMakeFiles/CtrBoard-H7_ALL.elf.dir/Core/Src/stm32h7xx_it.c.obj
                0x08001ba0                TIM4_IRQHandler
 .text.SPI2_IRQHandler
                0x08001bb0       0x10 CMakeFiles/CtrBoard-H7_ALL.elf.dir/Core/Src/stm32h7xx_it.c.obj
                0x08001bb0                SPI2_IRQHandler
 .text.USART1_IRQHandler
                0x08001bc0       0x10 CMakeFiles/CtrBoard-H7_ALL.elf.dir/Core/Src/stm32h7xx_it.c.obj
                0x08001bc0                USART1_IRQHandler
 .text.UART5_IRQHandler
                0x08001bd0       0x10 CMakeFiles/CtrBoard-H7_ALL.elf.dir/Core/Src/stm32h7xx_it.c.obj
                0x08001bd0                UART5_IRQHandler
 .text.DMA2_Stream0_IRQHandler
                0x08001be0       0x10 CMakeFiles/CtrBoard-H7_ALL.elf.dir/Core/Src/stm32h7xx_it.c.obj
                0x08001be0                DMA2_Stream0_IRQHandler
 .text.DMA2_Stream1_IRQHandler
                0x08001bf0       0x10 CMakeFiles/CtrBoard-H7_ALL.elf.dir/Core/Src/stm32h7xx_it.c.obj
                0x08001bf0                DMA2_Stream1_IRQHandler
 .text.OTG_HS_IRQHandler
                0x08001c00       0x10 CMakeFiles/CtrBoard-H7_ALL.elf.dir/Core/Src/stm32h7xx_it.c.obj
                0x08001c00                OTG_HS_IRQHandler
 .text.UART7_IRQHandler
                0x08001c10       0x10 CMakeFiles/CtrBoard-H7_ALL.elf.dir/Core/Src/stm32h7xx_it.c.obj
                0x08001c10                UART7_IRQHandler
 .text.USART10_IRQHandler
                0x08001c20       0x10 CMakeFiles/CtrBoard-H7_ALL.elf.dir/Core/Src/stm32h7xx_it.c.obj
                0x08001c20                USART10_IRQHandler
 .text.FDCAN3_IT0_IRQHandler
                0x08001c30       0x10 CMakeFiles/CtrBoard-H7_ALL.elf.dir/Core/Src/stm32h7xx_it.c.obj
                0x08001c30                FDCAN3_IT0_IRQHandler
 .text.TIM23_IRQHandler
                0x08001c40       0x10 CMakeFiles/CtrBoard-H7_ALL.elf.dir/Core/Src/stm32h7xx_it.c.obj
                0x08001c40                TIM23_IRQHandler
 .text._getpid  0x08001c50        0x4 CMakeFiles/CtrBoard-H7_ALL.elf.dir/Core/Src/syscalls.c.obj
                0x08001c50                _getpid
 .text._kill    0x08001c54       0x10 CMakeFiles/CtrBoard-H7_ALL.elf.dir/Core/Src/syscalls.c.obj
                0x08001c54                _kill
 .text._exit    0x08001c64        0xc CMakeFiles/CtrBoard-H7_ALL.elf.dir/Core/Src/syscalls.c.obj
                0x08001c64                _exit
 .text._read    0x08001c70       0x20 CMakeFiles/CtrBoard-H7_ALL.elf.dir/Core/Src/syscalls.c.obj
                0x08001c70                _read
 .text._write   0x08001c90       0x1c CMakeFiles/CtrBoard-H7_ALL.elf.dir/Core/Src/syscalls.c.obj
                0x08001c90                _write
 .text._close   0x08001cac        0x6 CMakeFiles/CtrBoard-H7_ALL.elf.dir/Core/Src/syscalls.c.obj
                0x08001cac                _close
 .text._fstat   0x08001cb2        0xa CMakeFiles/CtrBoard-H7_ALL.elf.dir/Core/Src/syscalls.c.obj
                0x08001cb2                _fstat
 .text._isatty  0x08001cbc        0x4 CMakeFiles/CtrBoard-H7_ALL.elf.dir/Core/Src/syscalls.c.obj
                0x08001cbc                _isatty
 .text._lseek   0x08001cc0        0x4 CMakeFiles/CtrBoard-H7_ALL.elf.dir/Core/Src/syscalls.c.obj
                0x08001cc0                _lseek
 .text._sbrk    0x08001cc4       0x48 CMakeFiles/CtrBoard-H7_ALL.elf.dir/Core/Src/sysmem.c.obj
                0x08001cc4                _sbrk
 .text.SystemInit
                0x08001d0c       0xac CMakeFiles/CtrBoard-H7_ALL.elf.dir/Core/Src/system_stm32h7xx.c.obj
                0x08001d0c                SystemInit
 .text.MX_TIM4_Init
                0x08001db8       0x74 CMakeFiles/CtrBoard-H7_ALL.elf.dir/Core/Src/tim.c.obj
                0x08001db8                MX_TIM4_Init
 .text.HAL_TIM_PWM_MspInit
                0x08001e2c       0x34 CMakeFiles/CtrBoard-H7_ALL.elf.dir/Core/Src/tim.c.obj
                0x08001e2c                HAL_TIM_PWM_MspInit
 .text.HAL_TIM_Base_MspInit
                0x08001e60       0x48 CMakeFiles/CtrBoard-H7_ALL.elf.dir/Core/Src/tim.c.obj
                0x08001e60                HAL_TIM_Base_MspInit
 .text.HAL_TIM_MspPostInit
                0x08001ea8       0x58 CMakeFiles/CtrBoard-H7_ALL.elf.dir/Core/Src/tim.c.obj
                0x08001ea8                HAL_TIM_MspPostInit
 .text.MX_TIM3_Init
                0x08001f00       0x88 CMakeFiles/CtrBoard-H7_ALL.elf.dir/Core/Src/tim.c.obj
                0x08001f00                MX_TIM3_Init
 .text.MX_UART5_Init
                0x08001f88       0x78 CMakeFiles/CtrBoard-H7_ALL.elf.dir/Core/Src/usart.c.obj
                0x08001f88                MX_UART5_Init
 .text.MX_UART7_Init
                0x08002000       0x68 CMakeFiles/CtrBoard-H7_ALL.elf.dir/Core/Src/usart.c.obj
                0x08002000                MX_UART7_Init
 .text.MX_USART1_UART_Init
                0x08002068       0x68 CMakeFiles/CtrBoard-H7_ALL.elf.dir/Core/Src/usart.c.obj
                0x08002068                MX_USART1_UART_Init
 .text.MX_USART10_UART_Init
                0x080020d0       0x68 CMakeFiles/CtrBoard-H7_ALL.elf.dir/Core/Src/usart.c.obj
                0x080020d0                MX_USART10_UART_Init
 .text.HAL_UART_MspInit
                0x08002138      0x3c8 CMakeFiles/CtrBoard-H7_ALL.elf.dir/Core/Src/usart.c.obj
                0x08002138                HAL_UART_MspInit
 .text.Reset_Handler
                0x08002500       0x50 CMakeFiles/CtrBoard-H7_ALL.elf.dir/Core/Startup/startup_stm32h723vgtx.s.obj
                0x08002500                Reset_Handler
 .text.Default_Handler
                0x08002550        0x2 CMakeFiles/CtrBoard-H7_ALL.elf.dir/Core/Startup/startup_stm32h723vgtx.s.obj
                0x08002550                RTC_Alarm_IRQHandler
                0x08002550                EXTI2_IRQHandler
                0x08002550                TIM8_CC_IRQHandler
                0x08002550                UART8_IRQHandler
                0x08002550                SPI4_IRQHandler
                0x08002550                TIM1_CC_IRQHandler
                0x08002550                BDMA_Channel6_IRQHandler
                0x08002550                DMA2_Stream5_IRQHandler
                0x08002550                CORDIC_IRQHandler
                0x08002550                BDMA_Channel1_IRQHandler
                0x08002550                TAMP_STAMP_IRQHandler
                0x08002550                EXTI3_IRQHandler
                0x08002550                LPTIM4_IRQHandler
                0x08002550                TIM8_TRG_COM_TIM14_IRQHandler
                0x08002550                LPTIM2_IRQHandler
                0x08002550                DFSDM1_FLT1_IRQHandler
                0x08002550                DMAMUX2_OVR_IRQHandler
                0x08002550                TIM8_UP_TIM13_IRQHandler
                0x08002550                I2C3_ER_IRQHandler
                0x08002550                DFSDM1_FLT2_IRQHandler
                0x08002550                I2C5_EV_IRQHandler
                0x08002550                MDMA_IRQHandler
                0x08002550                LPTIM3_IRQHandler
                0x08002550                HSEM1_IRQHandler
                0x08002550                EXTI0_IRQHandler
                0x08002550                I2C2_EV_IRQHandler
                0x08002550                FPU_IRQHandler
                0x08002550                OTG_HS_WKUP_IRQHandler
                0x08002550                FDCAN1_IT1_IRQHandler
                0x08002550                LTDC_ER_IRQHandler
                0x08002550                DMA2_Stream2_IRQHandler
                0x08002550                SPI1_IRQHandler
                0x08002550                OCTOSPI1_IRQHandler
                0x08002550                TIM6_DAC_IRQHandler
                0x08002550                DMA2_Stream3_IRQHandler
                0x08002550                OCTOSPI2_IRQHandler
                0x08002550                DFSDM1_FLT3_IRQHandler
                0x08002550                USART6_IRQHandler
                0x08002550                TIM17_IRQHandler
                0x08002550                USART3_IRQHandler
                0x08002550                BDMA_Channel7_IRQHandler
                0x08002550                LPTIM5_IRQHandler
                0x08002550                ADC3_IRQHandler
                0x08002550                BDMA_Channel2_IRQHandler
                0x08002550                I2C1_EV_IRQHandler
                0x08002550                DMAMUX1_OVR_IRQHandler
                0x08002550                TIM16_IRQHandler
                0x08002550                UART4_IRQHandler
                0x08002550                BDMA_Channel5_IRQHandler
                0x08002550                TIM3_IRQHandler
                0x08002550                RCC_IRQHandler
                0x08002550                UART9_IRQHandler
                0x08002550                TIM8_BRK_TIM12_IRQHandler
                0x08002550                TIM1_TRG_COM_IRQHandler
                0x08002550                Default_Handler
                0x08002550                ECC_IRQHandler
                0x08002550                FMAC_IRQHandler
                0x08002550                CEC_IRQHandler
                0x08002550                EXTI15_10_IRQHandler
                0x08002550                BDMA_Channel0_IRQHandler
                0x08002550                ADC_IRQHandler
                0x08002550                I2C5_ER_IRQHandler
                0x08002550                DMA1_Stream7_IRQHandler
                0x08002550                SPI5_IRQHandler
                0x08002550                TIM7_IRQHandler
                0x08002550                FDCAN3_IT1_IRQHandler
                0x08002550                SDMMC1_IRQHandler
                0x08002550                TIM5_IRQHandler
                0x08002550                DMA2_Stream7_IRQHandler
                0x08002550                TIM15_IRQHandler
                0x08002550                PVD_AVD_IRQHandler
                0x08002550                I2C3_EV_IRQHandler
                0x08002550                EXTI9_5_IRQHandler
                0x08002550                RTC_WKUP_IRQHandler
                0x08002550                LTDC_IRQHandler
                0x08002550                ETH_WKUP_IRQHandler
                0x08002550                SPDIF_RX_IRQHandler
                0x08002550                OTG_HS_EP1_IN_IRQHandler
                0x08002550                DMA1_Stream0_IRQHandler
                0x08002550                TIM24_IRQHandler
                0x08002550                CRS_IRQHandler
                0x08002550                EXTI4_IRQHandler
                0x08002550                RNG_IRQHandler
                0x08002550                FDCAN2_IT1_IRQHandler
                0x08002550                ETH_IRQHandler
                0x08002550                TIM1_UP_IRQHandler
                0x08002550                BDMA_Channel4_IRQHandler
                0x08002550                OTG_HS_EP1_OUT_IRQHandler
                0x08002550                WWDG_IRQHandler
                0x08002550                SPI6_IRQHandler
                0x08002550                MDIOS_IRQHandler
                0x08002550                I2C4_EV_IRQHandler
                0x08002550                LPUART1_IRQHandler
                0x08002550                TIM2_IRQHandler
                0x08002550                DMA2D_IRQHandler
                0x08002550                TIM1_BRK_IRQHandler
                0x08002550                EXTI1_IRQHandler
                0x08002550                SDMMC2_IRQHandler
                0x08002550                BDMA_Channel3_IRQHandler
                0x08002550                DTS_IRQHandler
                0x08002550                MDIOS_WKUP_IRQHandler
                0x08002550                USART2_IRQHandler
                0x08002550                DFSDM1_FLT0_IRQHandler
                0x08002550                SAI4_IRQHandler
                0x08002550                I2C2_ER_IRQHandler
                0x08002550                FLASH_IRQHandler
                0x08002550                DMA2_Stream4_IRQHandler
                0x08002550                SPI3_IRQHandler
                0x08002550                WAKEUP_PIN_IRQHandler
                0x08002550                I2C1_ER_IRQHandler
                0x08002550                FMC_IRQHandler
                0x08002550                FDCAN_CAL_IRQHandler
                0x08002550                SWPMI1_IRQHandler
                0x08002550                COMP1_IRQHandler
                0x08002550                LPTIM1_IRQHandler
                0x08002550                DCMI_PSSI_IRQHandler
                0x08002550                I2C4_ER_IRQHandler
                0x08002550                DMA2_Stream6_IRQHandler
                0x08002550                SAI1_IRQHandler
 *fill*         0x08002552        0x2 
 .text.HAL_Init
                0x08002554       0x5c CMakeFiles/CtrBoard-H7_ALL.elf.dir/Drivers/STM32H7xx_HAL_Driver/Src/stm32h7xx_hal.c.obj
                0x08002554                HAL_Init
 .text.HAL_IncTick
                0x080025b0       0x18 CMakeFiles/CtrBoard-H7_ALL.elf.dir/Drivers/STM32H7xx_HAL_Driver/Src/stm32h7xx_hal.c.obj
                0x080025b0                HAL_IncTick
 .text.HAL_GetTick
                0x080025c8        0xc CMakeFiles/CtrBoard-H7_ALL.elf.dir/Drivers/STM32H7xx_HAL_Driver/Src/stm32h7xx_hal.c.obj
                0x080025c8                HAL_GetTick
 .text.HAL_Delay
                0x080025d4       0x28 CMakeFiles/CtrBoard-H7_ALL.elf.dir/Drivers/STM32H7xx_HAL_Driver/Src/stm32h7xx_hal.c.obj
                0x080025d4                HAL_Delay
 .text.HAL_SYSCFG_AnalogSwitchConfig
                0x080025fc       0x14 CMakeFiles/CtrBoard-H7_ALL.elf.dir/Drivers/STM32H7xx_HAL_Driver/Src/stm32h7xx_hal.c.obj
                0x080025fc                HAL_SYSCFG_AnalogSwitchConfig
 .text.HAL_NVIC_SetPriorityGrouping
                0x08002610       0x24 CMakeFiles/CtrBoard-H7_ALL.elf.dir/Drivers/STM32H7xx_HAL_Driver/Src/stm32h7xx_hal_cortex.c.obj
                0x08002610                HAL_NVIC_SetPriorityGrouping
 .text.HAL_NVIC_SetPriority
                0x08002634       0x6c CMakeFiles/CtrBoard-H7_ALL.elf.dir/Drivers/STM32H7xx_HAL_Driver/Src/stm32h7xx_hal_cortex.c.obj
                0x08002634                HAL_NVIC_SetPriority
 .text.HAL_NVIC_EnableIRQ
                0x080026a0       0x1c CMakeFiles/CtrBoard-H7_ALL.elf.dir/Drivers/STM32H7xx_HAL_Driver/Src/stm32h7xx_hal_cortex.c.obj
                0x080026a0                HAL_NVIC_EnableIRQ
 .text.DMA_CalcBaseAndBitshift
                0x080026bc       0xb4 CMakeFiles/CtrBoard-H7_ALL.elf.dir/Drivers/STM32H7xx_HAL_Driver/Src/stm32h7xx_hal_dma.c.obj
 .text.DMA_CheckFifoParam
                0x08002770       0x92 CMakeFiles/CtrBoard-H7_ALL.elf.dir/Drivers/STM32H7xx_HAL_Driver/Src/stm32h7xx_hal_dma.c.obj
 *fill*         0x08002802        0x2 
 .text.DMA_CalcDMAMUXChannelBaseAndMask
                0x08002804       0xb0 CMakeFiles/CtrBoard-H7_ALL.elf.dir/Drivers/STM32H7xx_HAL_Driver/Src/stm32h7xx_hal_dma.c.obj
 .text.DMA_CalcDMAMUXRequestGenBaseAndMask
                0x080028b4       0x7c CMakeFiles/CtrBoard-H7_ALL.elf.dir/Drivers/STM32H7xx_HAL_Driver/Src/stm32h7xx_hal_dma.c.obj
 .text.HAL_DMA_Init
                0x08002930      0x394 CMakeFiles/CtrBoard-H7_ALL.elf.dir/Drivers/STM32H7xx_HAL_Driver/Src/stm32h7xx_hal_dma.c.obj
                0x08002930                HAL_DMA_Init
 .text.HAL_DMA_Abort
                0x08002cc4      0x340 CMakeFiles/CtrBoard-H7_ALL.elf.dir/Drivers/STM32H7xx_HAL_Driver/Src/stm32h7xx_hal_dma.c.obj
                0x08002cc4                HAL_DMA_Abort
 .text.HAL_DMA_Abort_IT
                0x08003004      0x270 CMakeFiles/CtrBoard-H7_ALL.elf.dir/Drivers/STM32H7xx_HAL_Driver/Src/stm32h7xx_hal_dma.c.obj
                0x08003004                HAL_DMA_Abort_IT
 .text.HAL_DMA_IRQHandler
                0x08003274      0x738 CMakeFiles/CtrBoard-H7_ALL.elf.dir/Drivers/STM32H7xx_HAL_Driver/Src/stm32h7xx_hal_dma.c.obj
                0x08003274                HAL_DMA_IRQHandler
 .text.FDCAN_CalcultateRamBlockAddresses
                0x080039ac      0x1d4 CMakeFiles/CtrBoard-H7_ALL.elf.dir/Drivers/STM32H7xx_HAL_Driver/Src/stm32h7xx_hal_fdcan.c.obj
 .text.FDCAN_CopyMessageToRAM
                0x08003b80       0x8c CMakeFiles/CtrBoard-H7_ALL.elf.dir/Drivers/STM32H7xx_HAL_Driver/Src/stm32h7xx_hal_fdcan.c.obj
 .text.HAL_FDCAN_Init
                0x08003c0c      0x294 CMakeFiles/CtrBoard-H7_ALL.elf.dir/Drivers/STM32H7xx_HAL_Driver/Src/stm32h7xx_hal_fdcan.c.obj
                0x08003c0c                HAL_FDCAN_Init
 .text.HAL_FDCAN_ConfigFilter
                0x08003ea0       0x88 CMakeFiles/CtrBoard-H7_ALL.elf.dir/Drivers/STM32H7xx_HAL_Driver/Src/stm32h7xx_hal_fdcan.c.obj
                0x08003ea0                HAL_FDCAN_ConfigFilter
 .text.HAL_FDCAN_ConfigGlobalFilter
                0x08003f28       0x36 CMakeFiles/CtrBoard-H7_ALL.elf.dir/Drivers/STM32H7xx_HAL_Driver/Src/stm32h7xx_hal_fdcan.c.obj
                0x08003f28                HAL_FDCAN_ConfigGlobalFilter
 .text.HAL_FDCAN_Start
                0x08003f5e       0x34 CMakeFiles/CtrBoard-H7_ALL.elf.dir/Drivers/STM32H7xx_HAL_Driver/Src/stm32h7xx_hal_fdcan.c.obj
                0x08003f5e                HAL_FDCAN_Start
 .text.HAL_FDCAN_AddMessageToTxFifoQ
                0x08003f92       0x76 CMakeFiles/CtrBoard-H7_ALL.elf.dir/Drivers/STM32H7xx_HAL_Driver/Src/stm32h7xx_hal_fdcan.c.obj
                0x08003f92                HAL_FDCAN_AddMessageToTxFifoQ
 .text.HAL_FDCAN_GetRxMessage
                0x08004008      0x1e8 CMakeFiles/CtrBoard-H7_ALL.elf.dir/Drivers/STM32H7xx_HAL_Driver/Src/stm32h7xx_hal_fdcan.c.obj
                0x08004008                HAL_FDCAN_GetRxMessage
 .text.HAL_FDCAN_GetRxFifoFillLevel
                0x080041f0       0x1c CMakeFiles/CtrBoard-H7_ALL.elf.dir/Drivers/STM32H7xx_HAL_Driver/Src/stm32h7xx_hal_fdcan.c.obj
                0x080041f0                HAL_FDCAN_GetRxFifoFillLevel
 .text.HAL_FDCAN_GetTxFifoFreeLevel
                0x0800420c        0xc CMakeFiles/CtrBoard-H7_ALL.elf.dir/Drivers/STM32H7xx_HAL_Driver/Src/stm32h7xx_hal_fdcan.c.obj
                0x0800420c                HAL_FDCAN_GetTxFifoFreeLevel
 .text.HAL_FDCAN_ActivateNotification
                0x08004218       0x90 CMakeFiles/CtrBoard-H7_ALL.elf.dir/Drivers/STM32H7xx_HAL_Driver/Src/stm32h7xx_hal_fdcan.c.obj
                0x08004218                HAL_FDCAN_ActivateNotification
 .text.HAL_FDCAN_ClockCalibrationCallback
                0x080042a8        0x2 CMakeFiles/CtrBoard-H7_ALL.elf.dir/Drivers/STM32H7xx_HAL_Driver/Src/stm32h7xx_hal_fdcan.c.obj
                0x080042a8                HAL_FDCAN_ClockCalibrationCallback
 .text.HAL_FDCAN_TxEventFifoCallback
                0x080042aa        0x2 CMakeFiles/CtrBoard-H7_ALL.elf.dir/Drivers/STM32H7xx_HAL_Driver/Src/stm32h7xx_hal_fdcan.c.obj
                0x080042aa                HAL_FDCAN_TxEventFifoCallback
 .text.HAL_FDCAN_TxFifoEmptyCallback
                0x080042ac        0x2 CMakeFiles/CtrBoard-H7_ALL.elf.dir/Drivers/STM32H7xx_HAL_Driver/Src/stm32h7xx_hal_fdcan.c.obj
                0x080042ac                HAL_FDCAN_TxFifoEmptyCallback
 .text.HAL_FDCAN_TxBufferCompleteCallback
                0x080042ae        0x2 CMakeFiles/CtrBoard-H7_ALL.elf.dir/Drivers/STM32H7xx_HAL_Driver/Src/stm32h7xx_hal_fdcan.c.obj
                0x080042ae                HAL_FDCAN_TxBufferCompleteCallback
 .text.HAL_FDCAN_TxBufferAbortCallback
                0x080042b0        0x2 CMakeFiles/CtrBoard-H7_ALL.elf.dir/Drivers/STM32H7xx_HAL_Driver/Src/stm32h7xx_hal_fdcan.c.obj
                0x080042b0                HAL_FDCAN_TxBufferAbortCallback
 .text.HAL_FDCAN_RxBufferNewMessageCallback
                0x080042b2        0x2 CMakeFiles/CtrBoard-H7_ALL.elf.dir/Drivers/STM32H7xx_HAL_Driver/Src/stm32h7xx_hal_fdcan.c.obj
                0x080042b2                HAL_FDCAN_RxBufferNewMessageCallback
 .text.HAL_FDCAN_TimestampWraparoundCallback
                0x080042b4        0x2 CMakeFiles/CtrBoard-H7_ALL.elf.dir/Drivers/STM32H7xx_HAL_Driver/Src/stm32h7xx_hal_fdcan.c.obj
                0x080042b4                HAL_FDCAN_TimestampWraparoundCallback
 .text.HAL_FDCAN_TimeoutOccurredCallback
                0x080042b6        0x2 CMakeFiles/CtrBoard-H7_ALL.elf.dir/Drivers/STM32H7xx_HAL_Driver/Src/stm32h7xx_hal_fdcan.c.obj
                0x080042b6                HAL_FDCAN_TimeoutOccurredCallback
 .text.HAL_FDCAN_HighPriorityMessageCallback
                0x080042b8        0x2 CMakeFiles/CtrBoard-H7_ALL.elf.dir/Drivers/STM32H7xx_HAL_Driver/Src/stm32h7xx_hal_fdcan.c.obj
                0x080042b8                HAL_FDCAN_HighPriorityMessageCallback
 .text.HAL_FDCAN_ErrorCallback
                0x080042ba        0x2 CMakeFiles/CtrBoard-H7_ALL.elf.dir/Drivers/STM32H7xx_HAL_Driver/Src/stm32h7xx_hal_fdcan.c.obj
                0x080042ba                HAL_FDCAN_ErrorCallback
 .text.HAL_FDCAN_ErrorStatusCallback
                0x080042bc        0x2 CMakeFiles/CtrBoard-H7_ALL.elf.dir/Drivers/STM32H7xx_HAL_Driver/Src/stm32h7xx_hal_fdcan.c.obj
                0x080042bc                HAL_FDCAN_ErrorStatusCallback
 .text.HAL_FDCAN_TT_ScheduleSyncCallback
                0x080042be        0x2 CMakeFiles/CtrBoard-H7_ALL.elf.dir/Drivers/STM32H7xx_HAL_Driver/Src/stm32h7xx_hal_fdcan.c.obj
                0x080042be                HAL_FDCAN_TT_ScheduleSyncCallback
 .text.HAL_FDCAN_TT_TimeMarkCallback
                0x080042c0        0x2 CMakeFiles/CtrBoard-H7_ALL.elf.dir/Drivers/STM32H7xx_HAL_Driver/Src/stm32h7xx_hal_fdcan.c.obj
                0x080042c0                HAL_FDCAN_TT_TimeMarkCallback
 .text.HAL_FDCAN_TT_StopWatchCallback
                0x080042c2        0x2 CMakeFiles/CtrBoard-H7_ALL.elf.dir/Drivers/STM32H7xx_HAL_Driver/Src/stm32h7xx_hal_fdcan.c.obj
                0x080042c2                HAL_FDCAN_TT_StopWatchCallback
 .text.HAL_FDCAN_TT_GlobalTimeCallback
                0x080042c4        0x2 CMakeFiles/CtrBoard-H7_ALL.elf.dir/Drivers/STM32H7xx_HAL_Driver/Src/stm32h7xx_hal_fdcan.c.obj
                0x080042c4                HAL_FDCAN_TT_GlobalTimeCallback
 *fill*         0x080042c6        0x2 
 .text.HAL_FDCAN_IRQHandler
                0x080042c8      0x31c CMakeFiles/CtrBoard-H7_ALL.elf.dir/Drivers/STM32H7xx_HAL_Driver/Src/stm32h7xx_hal_fdcan.c.obj
                0x080042c8                HAL_FDCAN_IRQHandler
 .text.HAL_GPIO_Init
                0x080045e4      0x214 CMakeFiles/CtrBoard-H7_ALL.elf.dir/Drivers/STM32H7xx_HAL_Driver/Src/stm32h7xx_hal_gpio.c.obj
                0x080045e4                HAL_GPIO_Init
 .text.HAL_GPIO_WritePin
                0x080047f8        0xc CMakeFiles/CtrBoard-H7_ALL.elf.dir/Drivers/STM32H7xx_HAL_Driver/Src/stm32h7xx_hal_gpio.c.obj
                0x080047f8                HAL_GPIO_WritePin
 .text.PCD_WriteEmptyTxFifo
                0x08004804       0xd0 CMakeFiles/CtrBoard-H7_ALL.elf.dir/Drivers/STM32H7xx_HAL_Driver/Src/stm32h7xx_hal_pcd.c.obj
 .text.HAL_PCD_Init
                0x080048d4      0x102 CMakeFiles/CtrBoard-H7_ALL.elf.dir/Drivers/STM32H7xx_HAL_Driver/Src/stm32h7xx_hal_pcd.c.obj
                0x080048d4                HAL_PCD_Init
 .text.HAL_PCD_Start
                0x080049d6       0x44 CMakeFiles/CtrBoard-H7_ALL.elf.dir/Drivers/STM32H7xx_HAL_Driver/Src/stm32h7xx_hal_pcd.c.obj
                0x080049d6                HAL_PCD_Start
 *fill*         0x08004a1a        0x2 
 .text.PCD_EP_OutXfrComplete_int
                0x08004a1c      0x104 CMakeFiles/CtrBoard-H7_ALL.elf.dir/Drivers/STM32H7xx_HAL_Driver/Src/stm32h7xx_hal_pcd.c.obj
 .text.PCD_EP_OutSetupPacket_int
                0x08004b20       0x50 CMakeFiles/CtrBoard-H7_ALL.elf.dir/Drivers/STM32H7xx_HAL_Driver/Src/stm32h7xx_hal_pcd.c.obj
 .text.HAL_PCD_SetAddress
                0x08004b70       0x26 CMakeFiles/CtrBoard-H7_ALL.elf.dir/Drivers/STM32H7xx_HAL_Driver/Src/stm32h7xx_hal_pcd.c.obj
                0x08004b70                HAL_PCD_SetAddress
 .text.HAL_PCD_EP_Open
                0x08004b96       0x8c CMakeFiles/CtrBoard-H7_ALL.elf.dir/Drivers/STM32H7xx_HAL_Driver/Src/stm32h7xx_hal_pcd.c.obj
                0x08004b96                HAL_PCD_EP_Open
 .text.HAL_PCD_EP_Close
                0x08004c22       0x70 CMakeFiles/CtrBoard-H7_ALL.elf.dir/Drivers/STM32H7xx_HAL_Driver/Src/stm32h7xx_hal_pcd.c.obj
                0x08004c22                HAL_PCD_EP_Close
 .text.HAL_PCD_EP_Receive
                0x08004c92       0x4a CMakeFiles/CtrBoard-H7_ALL.elf.dir/Drivers/STM32H7xx_HAL_Driver/Src/stm32h7xx_hal_pcd.c.obj
                0x08004c92                HAL_PCD_EP_Receive
 .text.HAL_PCD_EP_GetRxCount
                0x08004cdc       0x12 CMakeFiles/CtrBoard-H7_ALL.elf.dir/Drivers/STM32H7xx_HAL_Driver/Src/stm32h7xx_hal_pcd.c.obj
                0x08004cdc                HAL_PCD_EP_GetRxCount
 .text.HAL_PCD_EP_Transmit
                0x08004cee       0x4a CMakeFiles/CtrBoard-H7_ALL.elf.dir/Drivers/STM32H7xx_HAL_Driver/Src/stm32h7xx_hal_pcd.c.obj
                0x08004cee                HAL_PCD_EP_Transmit
 .text.HAL_PCD_EP_SetStall
                0x08004d38       0x86 CMakeFiles/CtrBoard-H7_ALL.elf.dir/Drivers/STM32H7xx_HAL_Driver/Src/stm32h7xx_hal_pcd.c.obj
                0x08004d38                HAL_PCD_EP_SetStall
 .text.HAL_PCD_EP_ClrStall
                0x08004dbe       0x74 CMakeFiles/CtrBoard-H7_ALL.elf.dir/Drivers/STM32H7xx_HAL_Driver/Src/stm32h7xx_hal_pcd.c.obj
                0x08004dbe                HAL_PCD_EP_ClrStall
 .text.HAL_PCD_EP_Abort
                0x08004e32       0x34 CMakeFiles/CtrBoard-H7_ALL.elf.dir/Drivers/STM32H7xx_HAL_Driver/Src/stm32h7xx_hal_pcd.c.obj
                0x08004e32                HAL_PCD_EP_Abort
 .text.HAL_PCD_IRQHandler
                0x08004e66      0x5fc CMakeFiles/CtrBoard-H7_ALL.elf.dir/Drivers/STM32H7xx_HAL_Driver/Src/stm32h7xx_hal_pcd.c.obj
                0x08004e66                HAL_PCD_IRQHandler
 .text.HAL_PCDEx_SetTxFiFo
                0x08005462       0x4c CMakeFiles/CtrBoard-H7_ALL.elf.dir/Drivers/STM32H7xx_HAL_Driver/Src/stm32h7xx_hal_pcd_ex.c.obj
                0x08005462                HAL_PCDEx_SetTxFiFo
 .text.HAL_PCDEx_SetRxFiFo
                0x080054ae        0x8 CMakeFiles/CtrBoard-H7_ALL.elf.dir/Drivers/STM32H7xx_HAL_Driver/Src/stm32h7xx_hal_pcd_ex.c.obj
                0x080054ae                HAL_PCDEx_SetRxFiFo
 *fill*         0x080054b6        0x2 
 .text.HAL_PCDEx_ActivateLPM
                0x080054b8       0x28 CMakeFiles/CtrBoard-H7_ALL.elf.dir/Drivers/STM32H7xx_HAL_Driver/Src/stm32h7xx_hal_pcd_ex.c.obj
                0x080054b8                HAL_PCDEx_ActivateLPM
 .text.HAL_PCDEx_LPM_Callback
                0x080054e0        0x2 CMakeFiles/CtrBoard-H7_ALL.elf.dir/Drivers/STM32H7xx_HAL_Driver/Src/stm32h7xx_hal_pcd_ex.c.obj
                0x080054e0                HAL_PCDEx_LPM_Callback
 *fill*         0x080054e2        0x2 
 .text.HAL_PWREx_ConfigSupply
                0x080054e4       0x54 CMakeFiles/CtrBoard-H7_ALL.elf.dir/Drivers/STM32H7xx_HAL_Driver/Src/stm32h7xx_hal_pwr_ex.c.obj
                0x080054e4                HAL_PWREx_ConfigSupply
 .text.HAL_PWREx_EnableUSBVoltageDetector
                0x08005538       0x10 CMakeFiles/CtrBoard-H7_ALL.elf.dir/Drivers/STM32H7xx_HAL_Driver/Src/stm32h7xx_hal_pwr_ex.c.obj
                0x08005538                HAL_PWREx_EnableUSBVoltageDetector
 .text.HAL_RCC_OscConfig
                0x08005548      0x5ec CMakeFiles/CtrBoard-H7_ALL.elf.dir/Drivers/STM32H7xx_HAL_Driver/Src/stm32h7xx_hal_rcc.c.obj
                0x08005548                HAL_RCC_OscConfig
 .text.HAL_RCC_GetSysClockFreq
                0x08005b34      0x1f4 CMakeFiles/CtrBoard-H7_ALL.elf.dir/Drivers/STM32H7xx_HAL_Driver/Src/stm32h7xx_hal_rcc.c.obj
                0x08005b34                HAL_RCC_GetSysClockFreq
 .text.HAL_RCC_ClockConfig
                0x08005d28      0x294 CMakeFiles/CtrBoard-H7_ALL.elf.dir/Drivers/STM32H7xx_HAL_Driver/Src/stm32h7xx_hal_rcc.c.obj
                0x08005d28                HAL_RCC_ClockConfig
 .text.HAL_RCC_GetHCLKFreq
                0x08005fbc       0x44 CMakeFiles/CtrBoard-H7_ALL.elf.dir/Drivers/STM32H7xx_HAL_Driver/Src/stm32h7xx_hal_rcc.c.obj
                0x08005fbc                HAL_RCC_GetHCLKFreq
 .text.HAL_RCC_GetPCLK1Freq
                0x08006000       0x24 CMakeFiles/CtrBoard-H7_ALL.elf.dir/Drivers/STM32H7xx_HAL_Driver/Src/stm32h7xx_hal_rcc.c.obj
                0x08006000                HAL_RCC_GetPCLK1Freq
 .text.HAL_RCC_GetPCLK2Freq
                0x08006024       0x24 CMakeFiles/CtrBoard-H7_ALL.elf.dir/Drivers/STM32H7xx_HAL_Driver/Src/stm32h7xx_hal_rcc.c.obj
                0x08006024                HAL_RCC_GetPCLK2Freq
 .text.HAL_RCC_GetClockConfig
                0x08006048       0x54 CMakeFiles/CtrBoard-H7_ALL.elf.dir/Drivers/STM32H7xx_HAL_Driver/Src/stm32h7xx_hal_rcc.c.obj
                0x08006048                HAL_RCC_GetClockConfig
 .text.RCCEx_PLL2_Config
                0x0800609c      0x10c CMakeFiles/CtrBoard-H7_ALL.elf.dir/Drivers/STM32H7xx_HAL_Driver/Src/stm32h7xx_hal_rcc_ex.c.obj
 .text.RCCEx_PLL3_Config
                0x080061a8      0x10c CMakeFiles/CtrBoard-H7_ALL.elf.dir/Drivers/STM32H7xx_HAL_Driver/Src/stm32h7xx_hal_rcc_ex.c.obj
 .text.HAL_RCCEx_PeriphCLKConfig
                0x080062b4      0xa0c CMakeFiles/CtrBoard-H7_ALL.elf.dir/Drivers/STM32H7xx_HAL_Driver/Src/stm32h7xx_hal_rcc_ex.c.obj
                0x080062b4                HAL_RCCEx_PeriphCLKConfig
 .text.HAL_RCCEx_GetD3PCLK1Freq
                0x08006cc0       0x24 CMakeFiles/CtrBoard-H7_ALL.elf.dir/Drivers/STM32H7xx_HAL_Driver/Src/stm32h7xx_hal_rcc_ex.c.obj
                0x08006cc0                HAL_RCCEx_GetD3PCLK1Freq
 .text.HAL_RCCEx_GetPLL2ClockFreq
                0x08006ce4      0x1f8 CMakeFiles/CtrBoard-H7_ALL.elf.dir/Drivers/STM32H7xx_HAL_Driver/Src/stm32h7xx_hal_rcc_ex.c.obj
                0x08006ce4                HAL_RCCEx_GetPLL2ClockFreq
 .text.HAL_RCCEx_GetPLL3ClockFreq
                0x08006edc      0x1f8 CMakeFiles/CtrBoard-H7_ALL.elf.dir/Drivers/STM32H7xx_HAL_Driver/Src/stm32h7xx_hal_rcc_ex.c.obj
                0x08006edc                HAL_RCCEx_GetPLL3ClockFreq
 .text.SPI_CloseTransfer
                0x080070d4       0xd0 CMakeFiles/CtrBoard-H7_ALL.elf.dir/Drivers/STM32H7xx_HAL_Driver/Src/stm32h7xx_hal_spi.c.obj
 .text.SPI_GetPacketSize
                0x080071a4       0x10 CMakeFiles/CtrBoard-H7_ALL.elf.dir/Drivers/STM32H7xx_HAL_Driver/Src/stm32h7xx_hal_spi.c.obj
 .text.SPI_WaitOnFlagUntilTimeout
                0x080071b4       0x46 CMakeFiles/CtrBoard-H7_ALL.elf.dir/Drivers/STM32H7xx_HAL_Driver/Src/stm32h7xx_hal_spi.c.obj
 *fill*         0x080071fa        0x2 
 .text.HAL_SPI_Init
                0x080071fc      0x190 CMakeFiles/CtrBoard-H7_ALL.elf.dir/Drivers/STM32H7xx_HAL_Driver/Src/stm32h7xx_hal_spi.c.obj
                0x080071fc                HAL_SPI_Init
 .text.HAL_SPI_Transmit
                0x0800738c      0x2c4 CMakeFiles/CtrBoard-H7_ALL.elf.dir/Drivers/STM32H7xx_HAL_Driver/Src/stm32h7xx_hal_spi.c.obj
                0x0800738c                HAL_SPI_Transmit
 .text.HAL_SPI_TransmitReceive
                0x08007650      0x494 CMakeFiles/CtrBoard-H7_ALL.elf.dir/Drivers/STM32H7xx_HAL_Driver/Src/stm32h7xx_hal_spi.c.obj
                0x08007650                HAL_SPI_TransmitReceive
 .text.HAL_SPI_TxCpltCallback
                0x08007ae4        0x2 CMakeFiles/CtrBoard-H7_ALL.elf.dir/Drivers/STM32H7xx_HAL_Driver/Src/stm32h7xx_hal_spi.c.obj
                0x08007ae4                HAL_SPI_TxCpltCallback
 .text.HAL_SPI_RxCpltCallback
                0x08007ae6        0x2 CMakeFiles/CtrBoard-H7_ALL.elf.dir/Drivers/STM32H7xx_HAL_Driver/Src/stm32h7xx_hal_spi.c.obj
                0x08007ae6                HAL_SPI_RxCpltCallback
 .text.HAL_SPI_TxRxCpltCallback
                0x08007ae8        0x2 CMakeFiles/CtrBoard-H7_ALL.elf.dir/Drivers/STM32H7xx_HAL_Driver/Src/stm32h7xx_hal_spi.c.obj
                0x08007ae8                HAL_SPI_TxRxCpltCallback
 .text.HAL_SPI_ErrorCallback
                0x08007aea        0x2 CMakeFiles/CtrBoard-H7_ALL.elf.dir/Drivers/STM32H7xx_HAL_Driver/Src/stm32h7xx_hal_spi.c.obj
                0x08007aea                HAL_SPI_ErrorCallback
 .text.SPI_DMAAbortOnError
                0x08007aec       0x1a CMakeFiles/CtrBoard-H7_ALL.elf.dir/Drivers/STM32H7xx_HAL_Driver/Src/stm32h7xx_hal_spi.c.obj
 .text.HAL_SPI_SuspendCallback
                0x08007b06        0x2 CMakeFiles/CtrBoard-H7_ALL.elf.dir/Drivers/STM32H7xx_HAL_Driver/Src/stm32h7xx_hal_spi.c.obj
                0x08007b06                HAL_SPI_SuspendCallback
 .text.HAL_SPI_IRQHandler
                0x08007b08      0x240 CMakeFiles/CtrBoard-H7_ALL.elf.dir/Drivers/STM32H7xx_HAL_Driver/Src/stm32h7xx_hal_spi.c.obj
                0x08007b08                HAL_SPI_IRQHandler
 .text.TIM_OC1_SetConfig
                0x08007d48       0xa8 CMakeFiles/CtrBoard-H7_ALL.elf.dir/Drivers/STM32H7xx_HAL_Driver/Src/stm32h7xx_hal_tim.c.obj
 .text.TIM_OC3_SetConfig
                0x08007df0       0x94 CMakeFiles/CtrBoard-H7_ALL.elf.dir/Drivers/STM32H7xx_HAL_Driver/Src/stm32h7xx_hal_tim.c.obj
 .text.TIM_OC4_SetConfig
                0x08007e84       0x74 CMakeFiles/CtrBoard-H7_ALL.elf.dir/Drivers/STM32H7xx_HAL_Driver/Src/stm32h7xx_hal_tim.c.obj
 .text.TIM_OC5_SetConfig
                0x08007ef8       0x74 CMakeFiles/CtrBoard-H7_ALL.elf.dir/Drivers/STM32H7xx_HAL_Driver/Src/stm32h7xx_hal_tim.c.obj
 .text.TIM_OC6_SetConfig
                0x08007f6c       0x74 CMakeFiles/CtrBoard-H7_ALL.elf.dir/Drivers/STM32H7xx_HAL_Driver/Src/stm32h7xx_hal_tim.c.obj
 .text.TIM_TI1_ConfigInputStage
                0x08007fe0       0x26 CMakeFiles/CtrBoard-H7_ALL.elf.dir/Drivers/STM32H7xx_HAL_Driver/Src/stm32h7xx_hal_tim.c.obj
 .text.TIM_TI2_ConfigInputStage
                0x08008006       0x28 CMakeFiles/CtrBoard-H7_ALL.elf.dir/Drivers/STM32H7xx_HAL_Driver/Src/stm32h7xx_hal_tim.c.obj
 *fill*         0x0800802e        0x2 
 .text.TIM_ITRx_SetConfig
                0x08008030       0x14 CMakeFiles/CtrBoard-H7_ALL.elf.dir/Drivers/STM32H7xx_HAL_Driver/Src/stm32h7xx_hal_tim.c.obj
 .text.HAL_TIM_Base_Start_IT
                0x08008044       0xa0 CMakeFiles/CtrBoard-H7_ALL.elf.dir/Drivers/STM32H7xx_HAL_Driver/Src/stm32h7xx_hal_tim.c.obj
                0x08008044                HAL_TIM_Base_Start_IT
 .text.HAL_TIM_OC_DelayElapsedCallback
                0x080080e4        0x2 CMakeFiles/CtrBoard-H7_ALL.elf.dir/Drivers/STM32H7xx_HAL_Driver/Src/stm32h7xx_hal_tim.c.obj
                0x080080e4                HAL_TIM_OC_DelayElapsedCallback
 .text.HAL_TIM_IC_CaptureCallback
                0x080080e6        0x2 CMakeFiles/CtrBoard-H7_ALL.elf.dir/Drivers/STM32H7xx_HAL_Driver/Src/stm32h7xx_hal_tim.c.obj
                0x080080e6                HAL_TIM_IC_CaptureCallback
 .text.HAL_TIM_PWM_PulseFinishedCallback
                0x080080e8        0x2 CMakeFiles/CtrBoard-H7_ALL.elf.dir/Drivers/STM32H7xx_HAL_Driver/Src/stm32h7xx_hal_tim.c.obj
                0x080080e8                HAL_TIM_PWM_PulseFinishedCallback
 .text.HAL_TIM_TriggerCallback
                0x080080ea        0x2 CMakeFiles/CtrBoard-H7_ALL.elf.dir/Drivers/STM32H7xx_HAL_Driver/Src/stm32h7xx_hal_tim.c.obj
                0x080080ea                HAL_TIM_TriggerCallback
 .text.HAL_TIM_IRQHandler
                0x080080ec      0x17a CMakeFiles/CtrBoard-H7_ALL.elf.dir/Drivers/STM32H7xx_HAL_Driver/Src/stm32h7xx_hal_tim.c.obj
                0x080080ec                HAL_TIM_IRQHandler
 *fill*         0x08008266        0x2 
 .text.TIM_Base_SetConfig
                0x08008268      0x120 CMakeFiles/CtrBoard-H7_ALL.elf.dir/Drivers/STM32H7xx_HAL_Driver/Src/stm32h7xx_hal_tim.c.obj
                0x08008268                TIM_Base_SetConfig
 .text.HAL_TIM_Base_Init
                0x08008388       0x60 CMakeFiles/CtrBoard-H7_ALL.elf.dir/Drivers/STM32H7xx_HAL_Driver/Src/stm32h7xx_hal_tim.c.obj
                0x08008388                HAL_TIM_Base_Init
 .text.HAL_TIM_PWM_Init
                0x080083e8       0x60 CMakeFiles/CtrBoard-H7_ALL.elf.dir/Drivers/STM32H7xx_HAL_Driver/Src/stm32h7xx_hal_tim.c.obj
                0x080083e8                HAL_TIM_PWM_Init
 .text.TIM_OC2_SetConfig
                0x08008448       0x94 CMakeFiles/CtrBoard-H7_ALL.elf.dir/Drivers/STM32H7xx_HAL_Driver/Src/stm32h7xx_hal_tim.c.obj
                0x08008448                TIM_OC2_SetConfig
 .text.HAL_TIM_PWM_ConfigChannel
                0x080084dc      0x13a CMakeFiles/CtrBoard-H7_ALL.elf.dir/Drivers/STM32H7xx_HAL_Driver/Src/stm32h7xx_hal_tim.c.obj
                0x080084dc                HAL_TIM_PWM_ConfigChannel
 .text.TIM_ETR_SetConfig
                0x08008616       0x1a CMakeFiles/CtrBoard-H7_ALL.elf.dir/Drivers/STM32H7xx_HAL_Driver/Src/stm32h7xx_hal_tim.c.obj
                0x08008616                TIM_ETR_SetConfig
 .text.HAL_TIM_ConfigClockSource
                0x08008630      0x138 CMakeFiles/CtrBoard-H7_ALL.elf.dir/Drivers/STM32H7xx_HAL_Driver/Src/stm32h7xx_hal_tim.c.obj
                0x08008630                HAL_TIM_ConfigClockSource
 .text.TIM_CCxChannelCmd
                0x08008768       0x1e CMakeFiles/CtrBoard-H7_ALL.elf.dir/Drivers/STM32H7xx_HAL_Driver/Src/stm32h7xx_hal_tim.c.obj
                0x08008768                TIM_CCxChannelCmd
 *fill*         0x08008786        0x2 
 .text.HAL_TIM_PWM_Start
                0x08008788      0x178 CMakeFiles/CtrBoard-H7_ALL.elf.dir/Drivers/STM32H7xx_HAL_Driver/Src/stm32h7xx_hal_tim.c.obj
                0x08008788                HAL_TIM_PWM_Start
 .text.HAL_TIMEx_MasterConfigSynchronization
                0x08008900       0xb0 CMakeFiles/CtrBoard-H7_ALL.elf.dir/Drivers/STM32H7xx_HAL_Driver/Src/stm32h7xx_hal_tim_ex.c.obj
                0x08008900                HAL_TIMEx_MasterConfigSynchronization
 .text.HAL_TIMEx_CommutCallback
                0x080089b0        0x2 CMakeFiles/CtrBoard-H7_ALL.elf.dir/Drivers/STM32H7xx_HAL_Driver/Src/stm32h7xx_hal_tim_ex.c.obj
                0x080089b0                HAL_TIMEx_CommutCallback
 .text.HAL_TIMEx_BreakCallback
                0x080089b2        0x2 CMakeFiles/CtrBoard-H7_ALL.elf.dir/Drivers/STM32H7xx_HAL_Driver/Src/stm32h7xx_hal_tim_ex.c.obj
                0x080089b2                HAL_TIMEx_BreakCallback
 .text.HAL_TIMEx_Break2Callback
                0x080089b4        0x2 CMakeFiles/CtrBoard-H7_ALL.elf.dir/Drivers/STM32H7xx_HAL_Driver/Src/stm32h7xx_hal_tim_ex.c.obj
                0x080089b4                HAL_TIMEx_Break2Callback
 *fill*         0x080089b6        0x2 
 .text.UART_EndRxTransfer
                0x080089b8       0x58 CMakeFiles/CtrBoard-H7_ALL.elf.dir/Drivers/STM32H7xx_HAL_Driver/Src/stm32h7xx_hal_uart.c.obj
 .text.HAL_UART_TxCpltCallback
                0x08008a10        0x2 CMakeFiles/CtrBoard-H7_ALL.elf.dir/Drivers/STM32H7xx_HAL_Driver/Src/stm32h7xx_hal_uart.c.obj
                0x08008a10                HAL_UART_TxCpltCallback
 .text.UART_EndTransmit_IT
                0x08008a12       0x24 CMakeFiles/CtrBoard-H7_ALL.elf.dir/Drivers/STM32H7xx_HAL_Driver/Src/stm32h7xx_hal_uart.c.obj
 .text.HAL_UART_ErrorCallback
                0x08008a36        0x2 CMakeFiles/CtrBoard-H7_ALL.elf.dir/Drivers/STM32H7xx_HAL_Driver/Src/stm32h7xx_hal_uart.c.obj
                0x08008a36                HAL_UART_ErrorCallback
 .text.UART_DMAAbortOnError
                0x08008a38       0x10 CMakeFiles/CtrBoard-H7_ALL.elf.dir/Drivers/STM32H7xx_HAL_Driver/Src/stm32h7xx_hal_uart.c.obj
 .text.HAL_UART_IRQHandler
                0x08008a48      0x3d4 CMakeFiles/CtrBoard-H7_ALL.elf.dir/Drivers/STM32H7xx_HAL_Driver/Src/stm32h7xx_hal_uart.c.obj
                0x08008a48                HAL_UART_IRQHandler
 .text.UART_SetConfig
                0x08008e1c      0x6bc CMakeFiles/CtrBoard-H7_ALL.elf.dir/Drivers/STM32H7xx_HAL_Driver/Src/stm32h7xx_hal_uart.c.obj
                0x08008e1c                UART_SetConfig
 .text.UART_AdvFeatureConfig
                0x080094d8       0xca CMakeFiles/CtrBoard-H7_ALL.elf.dir/Drivers/STM32H7xx_HAL_Driver/Src/stm32h7xx_hal_uart.c.obj
                0x080094d8                UART_AdvFeatureConfig
 .text.UART_WaitOnFlagUntilTimeout
                0x080095a2       0xaa CMakeFiles/CtrBoard-H7_ALL.elf.dir/Drivers/STM32H7xx_HAL_Driver/Src/stm32h7xx_hal_uart.c.obj
                0x080095a2                UART_WaitOnFlagUntilTimeout
 .text.UART_CheckIdleState
                0x0800964c       0xca CMakeFiles/CtrBoard-H7_ALL.elf.dir/Drivers/STM32H7xx_HAL_Driver/Src/stm32h7xx_hal_uart.c.obj
                0x0800964c                UART_CheckIdleState
 .text.HAL_UART_Init
                0x08009716       0x66 CMakeFiles/CtrBoard-H7_ALL.elf.dir/Drivers/STM32H7xx_HAL_Driver/Src/stm32h7xx_hal_uart.c.obj
                0x08009716                HAL_UART_Init
 .text.UARTEx_SetNbDataToProcess
                0x0800977c       0x4c CMakeFiles/CtrBoard-H7_ALL.elf.dir/Drivers/STM32H7xx_HAL_Driver/Src/stm32h7xx_hal_uart_ex.c.obj
 .text.HAL_UARTEx_WakeupCallback
                0x080097c8        0x2 CMakeFiles/CtrBoard-H7_ALL.elf.dir/Drivers/STM32H7xx_HAL_Driver/Src/stm32h7xx_hal_uart_ex.c.obj
                0x080097c8                HAL_UARTEx_WakeupCallback
 .text.HAL_UARTEx_RxFifoFullCallback
                0x080097ca        0x2 CMakeFiles/CtrBoard-H7_ALL.elf.dir/Drivers/STM32H7xx_HAL_Driver/Src/stm32h7xx_hal_uart_ex.c.obj
                0x080097ca                HAL_UARTEx_RxFifoFullCallback
 .text.HAL_UARTEx_TxFifoEmptyCallback
                0x080097cc        0x2 CMakeFiles/CtrBoard-H7_ALL.elf.dir/Drivers/STM32H7xx_HAL_Driver/Src/stm32h7xx_hal_uart_ex.c.obj
                0x080097cc                HAL_UARTEx_TxFifoEmptyCallback
 .text.HAL_UARTEx_DisableFifoMode
                0x080097ce       0x3e CMakeFiles/CtrBoard-H7_ALL.elf.dir/Drivers/STM32H7xx_HAL_Driver/Src/stm32h7xx_hal_uart_ex.c.obj
                0x080097ce                HAL_UARTEx_DisableFifoMode
 .text.HAL_UARTEx_SetTxFifoThreshold
                0x0800980c       0x4a CMakeFiles/CtrBoard-H7_ALL.elf.dir/Drivers/STM32H7xx_HAL_Driver/Src/stm32h7xx_hal_uart_ex.c.obj
                0x0800980c                HAL_UARTEx_SetTxFifoThreshold
 .text.HAL_UARTEx_SetRxFifoThreshold
                0x08009856       0x4a CMakeFiles/CtrBoard-H7_ALL.elf.dir/Drivers/STM32H7xx_HAL_Driver/Src/stm32h7xx_hal_uart_ex.c.obj
                0x08009856                HAL_UARTEx_SetRxFifoThreshold
 .text.USB_CoreReset
                0x080098a0       0x4a CMakeFiles/CtrBoard-H7_ALL.elf.dir/Drivers/STM32H7xx_HAL_Driver/Src/stm32h7xx_ll_usb.c.obj
 *fill*         0x080098ea        0x2 
 .text.USB_CoreInit
                0x080098ec       0xa4 CMakeFiles/CtrBoard-H7_ALL.elf.dir/Drivers/STM32H7xx_HAL_Driver/Src/stm32h7xx_ll_usb.c.obj
                0x080098ec                USB_CoreInit
 .text.USB_SetTurnaroundTime
                0x08009990       0xe4 CMakeFiles/CtrBoard-H7_ALL.elf.dir/Drivers/STM32H7xx_HAL_Driver/Src/stm32h7xx_ll_usb.c.obj
                0x08009990                USB_SetTurnaroundTime
 .text.USB_EnableGlobalInt
                0x08009a74        0xc CMakeFiles/CtrBoard-H7_ALL.elf.dir/Drivers/STM32H7xx_HAL_Driver/Src/stm32h7xx_ll_usb.c.obj
                0x08009a74                USB_EnableGlobalInt
 .text.USB_DisableGlobalInt
                0x08009a80        0xc CMakeFiles/CtrBoard-H7_ALL.elf.dir/Drivers/STM32H7xx_HAL_Driver/Src/stm32h7xx_ll_usb.c.obj
                0x08009a80                USB_DisableGlobalInt
 .text.USB_FlushTxFifo
                0x08009a8c       0x4a CMakeFiles/CtrBoard-H7_ALL.elf.dir/Drivers/STM32H7xx_HAL_Driver/Src/stm32h7xx_ll_usb.c.obj
                0x08009a8c                USB_FlushTxFifo
 .text.USB_FlushRxFifo
                0x08009ad6       0x46 CMakeFiles/CtrBoard-H7_ALL.elf.dir/Drivers/STM32H7xx_HAL_Driver/Src/stm32h7xx_ll_usb.c.obj
                0x08009ad6                USB_FlushRxFifo
 .text.USB_SetDevSpeed
                0x08009b1c        0xe CMakeFiles/CtrBoard-H7_ALL.elf.dir/Drivers/STM32H7xx_HAL_Driver/Src/stm32h7xx_ll_usb.c.obj
                0x08009b1c                USB_SetDevSpeed
 *fill*         0x08009b2a        0x2 
 .text.USB_DevInit
                0x08009b2c      0x18c CMakeFiles/CtrBoard-H7_ALL.elf.dir/Drivers/STM32H7xx_HAL_Driver/Src/stm32h7xx_ll_usb.c.obj
                0x08009b2c                USB_DevInit
 .text.USB_GetDevSpeed
                0x08009cb8       0x1e CMakeFiles/CtrBoard-H7_ALL.elf.dir/Drivers/STM32H7xx_HAL_Driver/Src/stm32h7xx_ll_usb.c.obj
                0x08009cb8                USB_GetDevSpeed
 *fill*         0x08009cd6        0x2 
 .text.USB_ActivateEndpoint
                0x08009cd8       0x9c CMakeFiles/CtrBoard-H7_ALL.elf.dir/Drivers/STM32H7xx_HAL_Driver/Src/stm32h7xx_ll_usb.c.obj
                0x08009cd8                USB_ActivateEndpoint
 .text.USB_DeactivateEndpoint
                0x08009d74       0xe0 CMakeFiles/CtrBoard-H7_ALL.elf.dir/Drivers/STM32H7xx_HAL_Driver/Src/stm32h7xx_ll_usb.c.obj
                0x08009d74                USB_DeactivateEndpoint
 .text.USB_EPStopXfer
                0x08009e54       0xbe CMakeFiles/CtrBoard-H7_ALL.elf.dir/Drivers/STM32H7xx_HAL_Driver/Src/stm32h7xx_ll_usb.c.obj
                0x08009e54                USB_EPStopXfer
 .text.USB_WritePacket
                0x08009f12       0x2e CMakeFiles/CtrBoard-H7_ALL.elf.dir/Drivers/STM32H7xx_HAL_Driver/Src/stm32h7xx_ll_usb.c.obj
                0x08009f12                USB_WritePacket
 .text.USB_EPStartXfer
                0x08009f40      0x248 CMakeFiles/CtrBoard-H7_ALL.elf.dir/Drivers/STM32H7xx_HAL_Driver/Src/stm32h7xx_ll_usb.c.obj
                0x08009f40                USB_EPStartXfer
 .text.USB_ReadPacket
                0x0800a188       0x54 CMakeFiles/CtrBoard-H7_ALL.elf.dir/Drivers/STM32H7xx_HAL_Driver/Src/stm32h7xx_ll_usb.c.obj
                0x0800a188                USB_ReadPacket
 .text.USB_EPSetStall
                0x0800a1dc       0x5a CMakeFiles/CtrBoard-H7_ALL.elf.dir/Drivers/STM32H7xx_HAL_Driver/Src/stm32h7xx_ll_usb.c.obj
                0x0800a1dc                USB_EPSetStall
 .text.USB_EPClearStall
                0x0800a236       0x5c CMakeFiles/CtrBoard-H7_ALL.elf.dir/Drivers/STM32H7xx_HAL_Driver/Src/stm32h7xx_ll_usb.c.obj
                0x0800a236                USB_EPClearStall
 .text.USB_SetDevAddress
                0x0800a292       0x20 CMakeFiles/CtrBoard-H7_ALL.elf.dir/Drivers/STM32H7xx_HAL_Driver/Src/stm32h7xx_ll_usb.c.obj
                0x0800a292                USB_SetDevAddress
 .text.USB_DevConnect
                0x0800a2b2       0x1c CMakeFiles/CtrBoard-H7_ALL.elf.dir/Drivers/STM32H7xx_HAL_Driver/Src/stm32h7xx_ll_usb.c.obj
                0x0800a2b2                USB_DevConnect
 .text.USB_DevDisconnect
                0x0800a2ce       0x1c CMakeFiles/CtrBoard-H7_ALL.elf.dir/Drivers/STM32H7xx_HAL_Driver/Src/stm32h7xx_ll_usb.c.obj
                0x0800a2ce                USB_DevDisconnect
 .text.USB_ReadInterrupts
                0x0800a2ea        0x8 CMakeFiles/CtrBoard-H7_ALL.elf.dir/Drivers/STM32H7xx_HAL_Driver/Src/stm32h7xx_ll_usb.c.obj
                0x0800a2ea                USB_ReadInterrupts
 .text.USB_ReadDevAllOutEpInterrupt
                0x0800a2f2       0x10 CMakeFiles/CtrBoard-H7_ALL.elf.dir/Drivers/STM32H7xx_HAL_Driver/Src/stm32h7xx_ll_usb.c.obj
                0x0800a2f2                USB_ReadDevAllOutEpInterrupt
 .text.USB_ReadDevAllInEpInterrupt
                0x0800a302       0x10 CMakeFiles/CtrBoard-H7_ALL.elf.dir/Drivers/STM32H7xx_HAL_Driver/Src/stm32h7xx_ll_usb.c.obj
                0x0800a302                USB_ReadDevAllInEpInterrupt
 .text.USB_ReadDevOutEPInterrupt
                0x0800a312       0x12 CMakeFiles/CtrBoard-H7_ALL.elf.dir/Drivers/STM32H7xx_HAL_Driver/Src/stm32h7xx_ll_usb.c.obj
                0x0800a312                USB_ReadDevOutEPInterrupt
 .text.USB_ReadDevInEPInterrupt
                0x0800a324       0x28 CMakeFiles/CtrBoard-H7_ALL.elf.dir/Drivers/STM32H7xx_HAL_Driver/Src/stm32h7xx_ll_usb.c.obj
                0x0800a324                USB_ReadDevInEPInterrupt
 .text.USB_GetMode
                0x0800a34c        0x8 CMakeFiles/CtrBoard-H7_ALL.elf.dir/Drivers/STM32H7xx_HAL_Driver/Src/stm32h7xx_ll_usb.c.obj
                0x0800a34c                USB_GetMode
 .text.USB_SetCurrentMode
                0x0800a354       0x62 CMakeFiles/CtrBoard-H7_ALL.elf.dir/Drivers/STM32H7xx_HAL_Driver/Src/stm32h7xx_ll_usb.c.obj
                0x0800a354                USB_SetCurrentMode
 *fill*         0x0800a3b6        0x2 
 .text.USB_ActivateSetup
                0x0800a3b8       0x20 CMakeFiles/CtrBoard-H7_ALL.elf.dir/Drivers/STM32H7xx_HAL_Driver/Src/stm32h7xx_ll_usb.c.obj
                0x0800a3b8                USB_ActivateSetup
 .text.USB_EP0_OutStart
                0x0800a3d8       0x60 CMakeFiles/CtrBoard-H7_ALL.elf.dir/Drivers/STM32H7xx_HAL_Driver/Src/stm32h7xx_ll_usb.c.obj
                0x0800a3d8                USB_EP0_OutStart
 .text.USBD_CDC_EP0_RxReady
                0x0800a438       0x40 CMakeFiles/CtrBoard-H7_ALL.elf.dir/Middlewares/ST/STM32_USB_Device_Library/Class/CDC/Src/usbd_cdc.c.obj
 .text.USBD_CDC_GetDeviceQualifierDescriptor
                0x0800a478        0xc CMakeFiles/CtrBoard-H7_ALL.elf.dir/Middlewares/ST/STM32_USB_Device_Library/Class/CDC/Src/usbd_cdc.c.obj
                0x0800a478                USBD_CDC_GetDeviceQualifierDescriptor
 .text.USBD_CDC_GetOtherSpeedCfgDesc
                0x0800a484       0x48 CMakeFiles/CtrBoard-H7_ALL.elf.dir/Middlewares/ST/STM32_USB_Device_Library/Class/CDC/Src/usbd_cdc.c.obj
 .text.USBD_CDC_GetFSCfgDesc
                0x0800a4cc       0x48 CMakeFiles/CtrBoard-H7_ALL.elf.dir/Middlewares/ST/STM32_USB_Device_Library/Class/CDC/Src/usbd_cdc.c.obj
 .text.USBD_CDC_GetHSCfgDesc
                0x0800a514       0x48 CMakeFiles/CtrBoard-H7_ALL.elf.dir/Middlewares/ST/STM32_USB_Device_Library/Class/CDC/Src/usbd_cdc.c.obj
 .text.USBD_CDC_DataOut
                0x0800a55c       0x38 CMakeFiles/CtrBoard-H7_ALL.elf.dir/Middlewares/ST/STM32_USB_Device_Library/Class/CDC/Src/usbd_cdc.c.obj
 .text.USBD_CDC_DataIn
                0x0800a594       0x7c CMakeFiles/CtrBoard-H7_ALL.elf.dir/Middlewares/ST/STM32_USB_Device_Library/Class/CDC/Src/usbd_cdc.c.obj
 .text.USBD_CDC_Setup
                0x0800a610      0x11a CMakeFiles/CtrBoard-H7_ALL.elf.dir/Middlewares/ST/STM32_USB_Device_Library/Class/CDC/Src/usbd_cdc.c.obj
 .text.USBD_CDC_DeInit
                0x0800a72a       0x64 CMakeFiles/CtrBoard-H7_ALL.elf.dir/Middlewares/ST/STM32_USB_Device_Library/Class/CDC/Src/usbd_cdc.c.obj
 .text.USBD_CDC_Init
                0x0800a78e       0xee CMakeFiles/CtrBoard-H7_ALL.elf.dir/Middlewares/ST/STM32_USB_Device_Library/Class/CDC/Src/usbd_cdc.c.obj
 .text.USBD_CDC_RegisterInterface
                0x0800a87c       0x16 CMakeFiles/CtrBoard-H7_ALL.elf.dir/Middlewares/ST/STM32_USB_Device_Library/Class/CDC/Src/usbd_cdc.c.obj
                0x0800a87c                USBD_CDC_RegisterInterface
 .text.USBD_CDC_SetTxBuffer
                0x0800a892       0x1c CMakeFiles/CtrBoard-H7_ALL.elf.dir/Middlewares/ST/STM32_USB_Device_Library/Class/CDC/Src/usbd_cdc.c.obj
                0x0800a892                USBD_CDC_SetTxBuffer
 .text.USBD_CDC_SetRxBuffer
                0x0800a8ae       0x18 CMakeFiles/CtrBoard-H7_ALL.elf.dir/Middlewares/ST/STM32_USB_Device_Library/Class/CDC/Src/usbd_cdc.c.obj
                0x0800a8ae                USBD_CDC_SetRxBuffer
 .text.USBD_CDC_TransmitPacket
                0x0800a8c6       0x3a CMakeFiles/CtrBoard-H7_ALL.elf.dir/Middlewares/ST/STM32_USB_Device_Library/Class/CDC/Src/usbd_cdc.c.obj
                0x0800a8c6                USBD_CDC_TransmitPacket
 .text.USBD_CDC_ReceivePacket
                0x0800a900       0x38 CMakeFiles/CtrBoard-H7_ALL.elf.dir/Middlewares/ST/STM32_USB_Device_Library/Class/CDC/Src/usbd_cdc.c.obj
                0x0800a900                USBD_CDC_ReceivePacket
 .text.USBD_Init
                0x0800a938       0x2e CMakeFiles/CtrBoard-H7_ALL.elf.dir/Middlewares/ST/STM32_USB_Device_Library/Core/Src/usbd_core.c.obj
                0x0800a938                USBD_Init
 .text.USBD_RegisterClass
                0x0800a966       0x34 CMakeFiles/CtrBoard-H7_ALL.elf.dir/Middlewares/ST/STM32_USB_Device_Library/Core/Src/usbd_core.c.obj
                0x0800a966                USBD_RegisterClass
 .text.USBD_Start
                0x0800a99a        0x8 CMakeFiles/CtrBoard-H7_ALL.elf.dir/Middlewares/ST/STM32_USB_Device_Library/Core/Src/usbd_core.c.obj
                0x0800a99a                USBD_Start
 .text.USBD_SetClassConfig
                0x0800a9a2       0x12 CMakeFiles/CtrBoard-H7_ALL.elf.dir/Middlewares/ST/STM32_USB_Device_Library/Core/Src/usbd_core.c.obj
                0x0800a9a2                USBD_SetClassConfig
 .text.USBD_ClrClassConfig
                0x0800a9b4       0x12 CMakeFiles/CtrBoard-H7_ALL.elf.dir/Middlewares/ST/STM32_USB_Device_Library/Core/Src/usbd_core.c.obj
                0x0800a9b4                USBD_ClrClassConfig
 .text.USBD_LL_SetupStage
                0x0800a9c6       0x58 CMakeFiles/CtrBoard-H7_ALL.elf.dir/Middlewares/ST/STM32_USB_Device_Library/Core/Src/usbd_core.c.obj
                0x0800a9c6                USBD_LL_SetupStage
 .text.USBD_LL_Reset
                0x0800aa1e       0x64 CMakeFiles/CtrBoard-H7_ALL.elf.dir/Middlewares/ST/STM32_USB_Device_Library/Core/Src/usbd_core.c.obj
                0x0800aa1e                USBD_LL_Reset
 .text.USBD_LL_SetSpeed
                0x0800aa82        0x6 CMakeFiles/CtrBoard-H7_ALL.elf.dir/Middlewares/ST/STM32_USB_Device_Library/Core/Src/usbd_core.c.obj
                0x0800aa82                USBD_LL_SetSpeed
 .text.USBD_LL_Suspend
                0x0800aa88       0x1e CMakeFiles/CtrBoard-H7_ALL.elf.dir/Middlewares/ST/STM32_USB_Device_Library/Core/Src/usbd_core.c.obj
                0x0800aa88                USBD_LL_Suspend
 .text.USBD_LL_Resume
                0x0800aaa6       0x1a CMakeFiles/CtrBoard-H7_ALL.elf.dir/Middlewares/ST/STM32_USB_Device_Library/Core/Src/usbd_core.c.obj
                0x0800aaa6                USBD_LL_Resume
 .text.USBD_LL_SOF
                0x0800aac0       0x22 CMakeFiles/CtrBoard-H7_ALL.elf.dir/Middlewares/ST/STM32_USB_Device_Library/Core/Src/usbd_core.c.obj
                0x0800aac0                USBD_LL_SOF
 .text.USBD_LL_IsoINIncomplete
                0x0800aae2       0x2e CMakeFiles/CtrBoard-H7_ALL.elf.dir/Middlewares/ST/STM32_USB_Device_Library/Core/Src/usbd_core.c.obj
                0x0800aae2                USBD_LL_IsoINIncomplete
 .text.USBD_LL_IsoOUTIncomplete
                0x0800ab10       0x2e CMakeFiles/CtrBoard-H7_ALL.elf.dir/Middlewares/ST/STM32_USB_Device_Library/Core/Src/usbd_core.c.obj
                0x0800ab10                USBD_LL_IsoOUTIncomplete
 .text.USBD_LL_DevConnected
                0x0800ab3e        0x4 CMakeFiles/CtrBoard-H7_ALL.elf.dir/Middlewares/ST/STM32_USB_Device_Library/Core/Src/usbd_core.c.obj
                0x0800ab3e                USBD_LL_DevConnected
 .text.USBD_LL_DevDisconnected
                0x0800ab42       0x20 CMakeFiles/CtrBoard-H7_ALL.elf.dir/Middlewares/ST/STM32_USB_Device_Library/Core/Src/usbd_core.c.obj
                0x0800ab42                USBD_LL_DevDisconnected
 .text.USBD_CoreFindIF
                0x0800ab62        0x4 CMakeFiles/CtrBoard-H7_ALL.elf.dir/Middlewares/ST/STM32_USB_Device_Library/Core/Src/usbd_core.c.obj
                0x0800ab62                USBD_CoreFindIF
 .text.USBD_CoreFindEP
                0x0800ab66        0x4 CMakeFiles/CtrBoard-H7_ALL.elf.dir/Middlewares/ST/STM32_USB_Device_Library/Core/Src/usbd_core.c.obj
                0x0800ab66                USBD_CoreFindEP
 .text.USBD_LL_DataOutStage
                0x0800ab6a       0xc6 CMakeFiles/CtrBoard-H7_ALL.elf.dir/Middlewares/ST/STM32_USB_Device_Library/Core/Src/usbd_core.c.obj
                0x0800ab6a                USBD_LL_DataOutStage
 .text.USBD_LL_DataInStage
                0x0800ac30       0xd6 CMakeFiles/CtrBoard-H7_ALL.elf.dir/Middlewares/ST/STM32_USB_Device_Library/Core/Src/usbd_core.c.obj
                0x0800ac30                USBD_LL_DataInStage
 .text.USBD_GetNextDesc
                0x0800ad06        0xe CMakeFiles/CtrBoard-H7_ALL.elf.dir/Middlewares/ST/STM32_USB_Device_Library/Core/Src/usbd_core.c.obj
                0x0800ad06                USBD_GetNextDesc
 .text.USBD_GetEpDesc
                0x0800ad14       0x3e CMakeFiles/CtrBoard-H7_ALL.elf.dir/Middlewares/ST/STM32_USB_Device_Library/Core/Src/usbd_core.c.obj
                0x0800ad14                USBD_GetEpDesc
 .text.USBD_GetLen
                0x0800ad52       0x14 CMakeFiles/CtrBoard-H7_ALL.elf.dir/Middlewares/ST/STM32_USB_Device_Library/Core/Src/usbd_ctlreq.c.obj
 .text.USBD_ParseSetupRequest
                0x0800ad66       0x28 CMakeFiles/CtrBoard-H7_ALL.elf.dir/Middlewares/ST/STM32_USB_Device_Library/Core/Src/usbd_ctlreq.c.obj
                0x0800ad66                USBD_ParseSetupRequest
 .text.USBD_CtlError
                0x0800ad8e       0x14 CMakeFiles/CtrBoard-H7_ALL.elf.dir/Middlewares/ST/STM32_USB_Device_Library/Core/Src/usbd_ctlreq.c.obj
                0x0800ad8e                USBD_CtlError
 .text.USBD_GetDescriptor
                0x0800ada2      0x1ac CMakeFiles/CtrBoard-H7_ALL.elf.dir/Middlewares/ST/STM32_USB_Device_Library/Core/Src/usbd_ctlreq.c.obj
 .text.USBD_SetAddress
                0x0800af4e       0x50 CMakeFiles/CtrBoard-H7_ALL.elf.dir/Middlewares/ST/STM32_USB_Device_Library/Core/Src/usbd_ctlreq.c.obj
 *fill*         0x0800af9e        0x2 
 .text.USBD_SetConfig
                0x0800afa0       0xcc CMakeFiles/CtrBoard-H7_ALL.elf.dir/Middlewares/ST/STM32_USB_Device_Library/Core/Src/usbd_ctlreq.c.obj
 .text.USBD_GetConfig
                0x0800b06c       0x40 CMakeFiles/CtrBoard-H7_ALL.elf.dir/Middlewares/ST/STM32_USB_Device_Library/Core/Src/usbd_ctlreq.c.obj
 .text.USBD_GetStatus
                0x0800b0ac       0x38 CMakeFiles/CtrBoard-H7_ALL.elf.dir/Middlewares/ST/STM32_USB_Device_Library/Core/Src/usbd_ctlreq.c.obj
 .text.USBD_SetFeature
                0x0800b0e4       0x2a CMakeFiles/CtrBoard-H7_ALL.elf.dir/Middlewares/ST/STM32_USB_Device_Library/Core/Src/usbd_ctlreq.c.obj
 .text.USBD_ClrFeature
                0x0800b10e       0x26 CMakeFiles/CtrBoard-H7_ALL.elf.dir/Middlewares/ST/STM32_USB_Device_Library/Core/Src/usbd_ctlreq.c.obj
 .text.USBD_StdDevReq
                0x0800b134       0x76 CMakeFiles/CtrBoard-H7_ALL.elf.dir/Middlewares/ST/STM32_USB_Device_Library/Core/Src/usbd_ctlreq.c.obj
                0x0800b134                USBD_StdDevReq
 .text.USBD_StdItfReq
                0x0800b1aa       0x84 CMakeFiles/CtrBoard-H7_ALL.elf.dir/Middlewares/ST/STM32_USB_Device_Library/Core/Src/usbd_ctlreq.c.obj
                0x0800b1aa                USBD_StdItfReq
 .text.USBD_StdEPReq
                0x0800b22e      0x232 CMakeFiles/CtrBoard-H7_ALL.elf.dir/Middlewares/ST/STM32_USB_Device_Library/Core/Src/usbd_ctlreq.c.obj
                0x0800b22e                USBD_StdEPReq
 .text.USBD_GetString
                0x0800b460       0x46 CMakeFiles/CtrBoard-H7_ALL.elf.dir/Middlewares/ST/STM32_USB_Device_Library/Core/Src/usbd_ctlreq.c.obj
                0x0800b460                USBD_GetString
 .text.USBD_CtlSendData
                0x0800b4a6       0x1a CMakeFiles/CtrBoard-H7_ALL.elf.dir/Middlewares/ST/STM32_USB_Device_Library/Core/Src/usbd_ioreq.c.obj
                0x0800b4a6                USBD_CtlSendData
 .text.USBD_CtlContinueSendData
                0x0800b4c0       0x10 CMakeFiles/CtrBoard-H7_ALL.elf.dir/Middlewares/ST/STM32_USB_Device_Library/Core/Src/usbd_ioreq.c.obj
                0x0800b4c0                USBD_CtlContinueSendData
 .text.USBD_CtlPrepareRx
                0x0800b4d0       0x1e CMakeFiles/CtrBoard-H7_ALL.elf.dir/Middlewares/ST/STM32_USB_Device_Library/Core/Src/usbd_ioreq.c.obj
                0x0800b4d0                USBD_CtlPrepareRx
 .text.USBD_CtlContinueRx
                0x0800b4ee       0x10 CMakeFiles/CtrBoard-H7_ALL.elf.dir/Middlewares/ST/STM32_USB_Device_Library/Core/Src/usbd_ioreq.c.obj
                0x0800b4ee                USBD_CtlContinueRx
 .text.USBD_CtlSendStatus
                0x0800b4fe       0x16 CMakeFiles/CtrBoard-H7_ALL.elf.dir/Middlewares/ST/STM32_USB_Device_Library/Core/Src/usbd_ioreq.c.obj
                0x0800b4fe                USBD_CtlSendStatus
 .text.USBD_CtlReceiveStatus
                0x0800b514       0x16 CMakeFiles/CtrBoard-H7_ALL.elf.dir/Middlewares/ST/STM32_USB_Device_Library/Core/Src/usbd_ioreq.c.obj
                0x0800b514                USBD_CtlReceiveStatus
 .text.makeFreeRtosPriority
                0x0800b52a        0xc CMakeFiles/CtrBoard-H7_ALL.elf.dir/Middlewares/Third_Party/FreeRTOS/Source/CMSIS_RTOS/cmsis_os.c.obj
 .text.inHandlerMode
                0x0800b536        0xc CMakeFiles/CtrBoard-H7_ALL.elf.dir/Middlewares/Third_Party/FreeRTOS/Source/CMSIS_RTOS/cmsis_os.c.obj
 .text.osKernelStart
                0x0800b542        0xa CMakeFiles/CtrBoard-H7_ALL.elf.dir/Middlewares/Third_Party/FreeRTOS/Source/CMSIS_RTOS/cmsis_os.c.obj
                0x0800b542                osKernelStart
 .text.osKernelSysTick
                0x0800b54c       0x14 CMakeFiles/CtrBoard-H7_ALL.elf.dir/Middlewares/Third_Party/FreeRTOS/Source/CMSIS_RTOS/cmsis_os.c.obj
                0x0800b54c                osKernelSysTick
 .text.osThreadCreate
                0x0800b560       0x6a CMakeFiles/CtrBoard-H7_ALL.elf.dir/Middlewares/Third_Party/FreeRTOS/Source/CMSIS_RTOS/cmsis_os.c.obj
                0x0800b560                osThreadCreate
 .text.osDelay  0x0800b5ca        0xe CMakeFiles/CtrBoard-H7_ALL.elf.dir/Middlewares/Third_Party/FreeRTOS/Source/CMSIS_RTOS/cmsis_os.c.obj
                0x0800b5ca                osDelay
 .text.osMutexCreate
                0x0800b5d8       0x16 CMakeFiles/CtrBoard-H7_ALL.elf.dir/Middlewares/Third_Party/FreeRTOS/Source/CMSIS_RTOS/cmsis_os.c.obj
                0x0800b5d8                osMutexCreate
 .text.osSemaphoreCreate
                0x0800b5ee       0x58 CMakeFiles/CtrBoard-H7_ALL.elf.dir/Middlewares/Third_Party/FreeRTOS/Source/CMSIS_RTOS/cmsis_os.c.obj
                0x0800b5ee                osSemaphoreCreate
 .text.osSemaphoreWait
                0x0800b646       0x5e CMakeFiles/CtrBoard-H7_ALL.elf.dir/Middlewares/Third_Party/FreeRTOS/Source/CMSIS_RTOS/cmsis_os.c.obj
                0x0800b646                osSemaphoreWait
 .text.osSemaphoreRelease
                0x0800b6a4       0x5a CMakeFiles/CtrBoard-H7_ALL.elf.dir/Middlewares/Third_Party/FreeRTOS/Source/CMSIS_RTOS/cmsis_os.c.obj
                0x0800b6a4                osSemaphoreRelease
 .text.vListInitialise
                0x0800b6fe       0x16 CMakeFiles/CtrBoard-H7_ALL.elf.dir/Middlewares/Third_Party/FreeRTOS/Source/list.c.obj
                0x0800b6fe                vListInitialise
 .text.vListInitialiseItem
                0x0800b714        0x6 CMakeFiles/CtrBoard-H7_ALL.elf.dir/Middlewares/Third_Party/FreeRTOS/Source/list.c.obj
                0x0800b714                vListInitialiseItem
 .text.vListInsertEnd
                0x0800b71a       0x16 CMakeFiles/CtrBoard-H7_ALL.elf.dir/Middlewares/Third_Party/FreeRTOS/Source/list.c.obj
                0x0800b71a                vListInsertEnd
 .text.vListInsert
                0x0800b730       0x32 CMakeFiles/CtrBoard-H7_ALL.elf.dir/Middlewares/Third_Party/FreeRTOS/Source/list.c.obj
                0x0800b730                vListInsert
 .text.uxListRemove
                0x0800b762       0x26 CMakeFiles/CtrBoard-H7_ALL.elf.dir/Middlewares/Third_Party/FreeRTOS/Source/list.c.obj
                0x0800b762                uxListRemove
 .text.prvTaskExitError
                0x0800b788       0x40 CMakeFiles/CtrBoard-H7_ALL.elf.dir/Middlewares/Third_Party/FreeRTOS/Source/portable/GCC/ARM_CM4F/port.c.obj
 .text.prvPortStartFirstTask
                0x0800b7c8       0x28 CMakeFiles/CtrBoard-H7_ALL.elf.dir/Middlewares/Third_Party/FreeRTOS/Source/portable/GCC/ARM_CM4F/port.c.obj
 .text.vPortEnableVFP
                0x0800b7f0       0x14 CMakeFiles/CtrBoard-H7_ALL.elf.dir/Middlewares/Third_Party/FreeRTOS/Source/portable/GCC/ARM_CM4F/port.c.obj
 .text.pxPortInitialiseStack
                0x0800b804       0x2c CMakeFiles/CtrBoard-H7_ALL.elf.dir/Middlewares/Third_Party/FreeRTOS/Source/portable/GCC/ARM_CM4F/port.c.obj
                0x0800b804                pxPortInitialiseStack
 .text.SVC_Handler
                0x0800b830       0x24 CMakeFiles/CtrBoard-H7_ALL.elf.dir/Middlewares/Third_Party/FreeRTOS/Source/portable/GCC/ARM_CM4F/port.c.obj
                0x0800b830                SVC_Handler
 .text.vPortEnterCritical
                0x0800b854       0x44 CMakeFiles/CtrBoard-H7_ALL.elf.dir/Middlewares/Third_Party/FreeRTOS/Source/portable/GCC/ARM_CM4F/port.c.obj
                0x0800b854                vPortEnterCritical
 .text.vPortExitCritical
                0x0800b898       0x2c CMakeFiles/CtrBoard-H7_ALL.elf.dir/Middlewares/Third_Party/FreeRTOS/Source/portable/GCC/ARM_CM4F/port.c.obj
                0x0800b898                vPortExitCritical
 *fill*         0x0800b8c4        0xc 
 .text.PendSV_Handler
                0x0800b8d0       0x64 CMakeFiles/CtrBoard-H7_ALL.elf.dir/Middlewares/Third_Party/FreeRTOS/Source/portable/GCC/ARM_CM4F/port.c.obj
                0x0800b8d0                PendSV_Handler
 .text.SysTick_Handler
                0x0800b934       0x2c CMakeFiles/CtrBoard-H7_ALL.elf.dir/Middlewares/Third_Party/FreeRTOS/Source/portable/GCC/ARM_CM4F/port.c.obj
                0x0800b934                SysTick_Handler
 .text.vPortSetupTimerInterrupt
                0x0800b960       0x28 CMakeFiles/CtrBoard-H7_ALL.elf.dir/Middlewares/Third_Party/FreeRTOS/Source/portable/GCC/ARM_CM4F/port.c.obj
                0x0800b960                vPortSetupTimerInterrupt
 .text.xPortStartScheduler
                0x0800b988      0x118 CMakeFiles/CtrBoard-H7_ALL.elf.dir/Middlewares/Third_Party/FreeRTOS/Source/portable/GCC/ARM_CM4F/port.c.obj
                0x0800b988                xPortStartScheduler
 .text.vPortValidateInterruptPriority
                0x0800baa0       0x5c CMakeFiles/CtrBoard-H7_ALL.elf.dir/Middlewares/Third_Party/FreeRTOS/Source/portable/GCC/ARM_CM4F/port.c.obj
                0x0800baa0                vPortValidateInterruptPriority
 .text.prvHeapInit
                0x0800bafc       0x68 CMakeFiles/CtrBoard-H7_ALL.elf.dir/Middlewares/Third_Party/FreeRTOS/Source/portable/MemMang/heap_4.c.obj
 .text.prvInsertBlockIntoFreeList
                0x0800bb64       0x64 CMakeFiles/CtrBoard-H7_ALL.elf.dir/Middlewares/Third_Party/FreeRTOS/Source/portable/MemMang/heap_4.c.obj
 .text.pvPortMalloc
                0x0800bbc8       0xfc CMakeFiles/CtrBoard-H7_ALL.elf.dir/Middlewares/Third_Party/FreeRTOS/Source/portable/MemMang/heap_4.c.obj
                0x0800bbc8                pvPortMalloc
 .text.vPortFree
                0x0800bcc4       0x7c CMakeFiles/CtrBoard-H7_ALL.elf.dir/Middlewares/Third_Party/FreeRTOS/Source/portable/MemMang/heap_4.c.obj
                0x0800bcc4                vPortFree
 .text.prvGetDisinheritPriorityAfterTimeout
                0x0800bd40       0x10 CMakeFiles/CtrBoard-H7_ALL.elf.dir/Middlewares/Third_Party/FreeRTOS/Source/queue.c.obj
 .text.prvIsQueueFull
                0x0800bd50       0x1e CMakeFiles/CtrBoard-H7_ALL.elf.dir/Middlewares/Third_Party/FreeRTOS/Source/queue.c.obj
 .text.prvIsQueueEmpty
                0x0800bd6e       0x1a CMakeFiles/CtrBoard-H7_ALL.elf.dir/Middlewares/Third_Party/FreeRTOS/Source/queue.c.obj
 .text.prvCopyDataToQueue
                0x0800bd88       0x76 CMakeFiles/CtrBoard-H7_ALL.elf.dir/Middlewares/Third_Party/FreeRTOS/Source/queue.c.obj
 .text.prvNotifyQueueSetContainer
                0x0800bdfe       0x7c CMakeFiles/CtrBoard-H7_ALL.elf.dir/Middlewares/Third_Party/FreeRTOS/Source/queue.c.obj
 .text.prvCopyDataFromQueue
                0x0800be7a       0x24 CMakeFiles/CtrBoard-H7_ALL.elf.dir/Middlewares/Third_Party/FreeRTOS/Source/queue.c.obj
 .text.prvUnlockQueue
                0x0800be9e       0x82 CMakeFiles/CtrBoard-H7_ALL.elf.dir/Middlewares/Third_Party/FreeRTOS/Source/queue.c.obj
 .text.xQueueGenericReset
                0x0800bf20       0x84 CMakeFiles/CtrBoard-H7_ALL.elf.dir/Middlewares/Third_Party/FreeRTOS/Source/queue.c.obj
                0x0800bf20                xQueueGenericReset
 .text.prvInitialiseNewQueue
                0x0800bfa4       0x26 CMakeFiles/CtrBoard-H7_ALL.elf.dir/Middlewares/Third_Party/FreeRTOS/Source/queue.c.obj
 .text.xQueueGenericCreateStatic
                0x0800bfca       0xa6 CMakeFiles/CtrBoard-H7_ALL.elf.dir/Middlewares/Third_Party/FreeRTOS/Source/queue.c.obj
                0x0800bfca                xQueueGenericCreateStatic
 .text.xQueueGenericCreate
                0x0800c070       0x48 CMakeFiles/CtrBoard-H7_ALL.elf.dir/Middlewares/Third_Party/FreeRTOS/Source/queue.c.obj
                0x0800c070                xQueueGenericCreate
 .text.xQueueCreateCountingSemaphoreStatic
                0x0800c0b8       0x46 CMakeFiles/CtrBoard-H7_ALL.elf.dir/Middlewares/Third_Party/FreeRTOS/Source/queue.c.obj
                0x0800c0b8                xQueueCreateCountingSemaphoreStatic
 .text.xQueueCreateCountingSemaphore
                0x0800c0fe       0x3c CMakeFiles/CtrBoard-H7_ALL.elf.dir/Middlewares/Third_Party/FreeRTOS/Source/queue.c.obj
                0x0800c0fe                xQueueCreateCountingSemaphore
 .text.xQueueGenericSend
                0x0800c13a      0x1c2 CMakeFiles/CtrBoard-H7_ALL.elf.dir/Middlewares/Third_Party/FreeRTOS/Source/queue.c.obj
                0x0800c13a                xQueueGenericSend
 .text.prvInitialiseMutex
                0x0800c2fc       0x18 CMakeFiles/CtrBoard-H7_ALL.elf.dir/Middlewares/Third_Party/FreeRTOS/Source/queue.c.obj
 .text.xQueueCreateMutex
                0x0800c314       0x16 CMakeFiles/CtrBoard-H7_ALL.elf.dir/Middlewares/Third_Party/FreeRTOS/Source/queue.c.obj
                0x0800c314                xQueueCreateMutex
 .text.xQueueCreateMutexStatic
                0x0800c32a       0x1e CMakeFiles/CtrBoard-H7_ALL.elf.dir/Middlewares/Third_Party/FreeRTOS/Source/queue.c.obj
                0x0800c32a                xQueueCreateMutexStatic
 .text.xQueueGenericSendFromISR
                0x0800c348      0x102 CMakeFiles/CtrBoard-H7_ALL.elf.dir/Middlewares/Third_Party/FreeRTOS/Source/queue.c.obj
                0x0800c348                xQueueGenericSendFromISR
 .text.xQueueGiveFromISR
                0x0800c44a       0xce CMakeFiles/CtrBoard-H7_ALL.elf.dir/Middlewares/Third_Party/FreeRTOS/Source/queue.c.obj
                0x0800c44a                xQueueGiveFromISR
 .text.xQueueReceive
                0x0800c518      0x15e CMakeFiles/CtrBoard-H7_ALL.elf.dir/Middlewares/Third_Party/FreeRTOS/Source/queue.c.obj
                0x0800c518                xQueueReceive
 .text.xQueueSemaphoreTake
                0x0800c676      0x1a6 CMakeFiles/CtrBoard-H7_ALL.elf.dir/Middlewares/Third_Party/FreeRTOS/Source/queue.c.obj
                0x0800c676                xQueueSemaphoreTake
 .text.xQueueReceiveFromISR
                0x0800c81c       0xa8 CMakeFiles/CtrBoard-H7_ALL.elf.dir/Middlewares/Third_Party/FreeRTOS/Source/queue.c.obj
                0x0800c81c                xQueueReceiveFromISR
 .text.vQueueAddToRegistry
                0x0800c8c4       0x28 CMakeFiles/CtrBoard-H7_ALL.elf.dir/Middlewares/Third_Party/FreeRTOS/Source/queue.c.obj
                0x0800c8c4                vQueueAddToRegistry
 .text.vQueueWaitForMessageRestricted
                0x0800c8ec       0x52 CMakeFiles/CtrBoard-H7_ALL.elf.dir/Middlewares/Third_Party/FreeRTOS/Source/queue.c.obj
                0x0800c8ec                vQueueWaitForMessageRestricted
 .text.prvTaskCheckFreeStackSpace
                0x0800c93e       0x14 CMakeFiles/CtrBoard-H7_ALL.elf.dir/Middlewares/Third_Party/FreeRTOS/Source/tasks.c.obj
 *fill*         0x0800c952        0x2 
 .text.prvResetNextTaskUnblockTime
                0x0800c954       0x2c CMakeFiles/CtrBoard-H7_ALL.elf.dir/Middlewares/Third_Party/FreeRTOS/Source/tasks.c.obj
 .text.prvInitialiseNewTask
                0x0800c980      0x106 CMakeFiles/CtrBoard-H7_ALL.elf.dir/Middlewares/Third_Party/FreeRTOS/Source/tasks.c.obj
 *fill*         0x0800ca86        0x2 
 .text.prvInitialiseTaskLists
                0x0800ca88       0x68 CMakeFiles/CtrBoard-H7_ALL.elf.dir/Middlewares/Third_Party/FreeRTOS/Source/tasks.c.obj
 .text.prvAddNewTaskToReadyList
                0x0800caf0       0xac CMakeFiles/CtrBoard-H7_ALL.elf.dir/Middlewares/Third_Party/FreeRTOS/Source/tasks.c.obj
 .text.prvDeleteTCB
                0x0800cb9c       0x40 CMakeFiles/CtrBoard-H7_ALL.elf.dir/Middlewares/Third_Party/FreeRTOS/Source/tasks.c.obj
 .text.prvCheckTasksWaitingTermination
                0x0800cbdc       0x4c CMakeFiles/CtrBoard-H7_ALL.elf.dir/Middlewares/Third_Party/FreeRTOS/Source/tasks.c.obj
 .text.prvIdleTask
                0x0800cc28       0x28 CMakeFiles/CtrBoard-H7_ALL.elf.dir/Middlewares/Third_Party/FreeRTOS/Source/tasks.c.obj
 .text.prvAddCurrentTaskToDelayedList
                0x0800cc50       0xa0 CMakeFiles/CtrBoard-H7_ALL.elf.dir/Middlewares/Third_Party/FreeRTOS/Source/tasks.c.obj
 .text.xTaskCreateStatic
                0x0800ccf0       0x7a CMakeFiles/CtrBoard-H7_ALL.elf.dir/Middlewares/Third_Party/FreeRTOS/Source/tasks.c.obj
                0x0800ccf0                xTaskCreateStatic
 .text.xTaskCreate
                0x0800cd6a       0x6a CMakeFiles/CtrBoard-H7_ALL.elf.dir/Middlewares/Third_Party/FreeRTOS/Source/tasks.c.obj
                0x0800cd6a                xTaskCreate
 .text.vTaskStartScheduler
                0x0800cdd4       0xac CMakeFiles/CtrBoard-H7_ALL.elf.dir/Middlewares/Third_Party/FreeRTOS/Source/tasks.c.obj
                0x0800cdd4                vTaskStartScheduler
 .text.vTaskSuspendAll
                0x0800ce80       0x10 CMakeFiles/CtrBoard-H7_ALL.elf.dir/Middlewares/Third_Party/FreeRTOS/Source/tasks.c.obj
                0x0800ce80                vTaskSuspendAll
 .text.xTaskGetTickCount
                0x0800ce90        0xc CMakeFiles/CtrBoard-H7_ALL.elf.dir/Middlewares/Third_Party/FreeRTOS/Source/tasks.c.obj