Archive member included to satisfy reference by file (symbol)

D:\HNU_RM_CodeStorage\HNU_Serial_H723_02_26\HNU_Embedded_Framework\Middlewares\ST\ARM\DSP\Lib\libarm_cortexM7lfsp_math.a(arm_mat_trans_f32.o)
                              CMakeFiles/CtrBoard-H7_ALL.elf.dir/src/algorithm/QuaternionEKF/QuaternionEKF.c.obj (arm_mat_trans_f32)
D:\HNU_RM_CodeStorage\HNU_Serial_H723_02_26\HNU_Embedded_Framework\Middlewares\ST\ARM\DSP\Lib\libarm_cortexM7lfsp_math.a(arm_mat_sub_f32.o)
                              CMakeFiles/CtrBoard-H7_ALL.elf.dir/src/algorithm/QuaternionEKF/QuaternionEKF.c.obj (arm_mat_sub_f32)
D:\HNU_RM_CodeStorage\HNU_Serial_H723_02_26\HNU_Embedded_Framework\Middlewares\ST\ARM\DSP\Lib\libarm_cortexM7lfsp_math.a(arm_mat_mult_f32.o)
                              CMakeFiles/CtrBoard-H7_ALL.elf.dir/src/algorithm/QuaternionEKF/QuaternionEKF.c.obj (arm_mat_mult_f32)
D:\HNU_RM_CodeStorage\HNU_Serial_H723_02_26\HNU_Embedded_Framework\Middlewares\ST\ARM\DSP\Lib\libarm_cortexM7lfsp_math.a(arm_mat_inverse_f32.o)
                              CMakeFiles/CtrBoard-H7_ALL.elf.dir/src/algorithm/QuaternionEKF/QuaternionEKF.c.obj (arm_mat_inverse_f32)
D:\HNU_RM_CodeStorage\HNU_Serial_H723_02_26\HNU_Embedded_Framework\Middlewares\ST\ARM\DSP\Lib\libarm_cortexM7lfsp_math.a(arm_mat_init_f32.o)
                              CMakeFiles/CtrBoard-H7_ALL.elf.dir/src/algorithm/QuaternionEKF/QuaternionEKF.c.obj (arm_mat_init_f32)
D:\HNU_RM_CodeStorage\HNU_Serial_H723_02_26\HNU_Embedded_Framework\Middlewares\ST\ARM\DSP\Lib\libarm_cortexM7lfsp_math.a(arm_mat_add_f32.o)
                              CMakeFiles/CtrBoard-H7_ALL.elf.dir/src/algorithm/QuaternionEKF/QuaternionEKF.c.obj (arm_mat_add_f32)
D:\HNU_RM_CodeStorage\HNU_Serial_H723_02_26\HNU_Embedded_Framework\Middlewares\ST\ARM\DSP\Lib\libarm_cortexM7lfsp_math.a(arm_sin_f32.o)
                              CMakeFiles/CtrBoard-H7_ALL.elf.dir/src/modules/leg_vmc/drv_leg.c.obj (arm_sin_f32)
D:\HNU_RM_CodeStorage\HNU_Serial_H723_02_26\HNU_Embedded_Framework\Middlewares\ST\ARM\DSP\Lib\libarm_cortexM7lfsp_math.a(arm_cos_f32.o)
                              CMakeFiles/CtrBoard-H7_ALL.elf.dir/src/modules/leg_vmc/drv_leg.c.obj (arm_cos_f32)
D:\HNU_RM_CodeStorage\HNU_Serial_H723_02_26\HNU_Embedded_Framework\Middlewares\ST\ARM\DSP\Lib\libarm_cortexM7lfsp_math.a(arm_common_tables.o)
                              D:\HNU_RM_CodeStorage\HNU_Serial_H723_02_26\HNU_Embedded_Framework\Middlewares\ST\ARM\DSP\Lib\libarm_cortexM7lfsp_math.a(arm_sin_f32.o) (sinTable_f32)
d:/stm32environment/arm/bin/../lib/gcc/arm-none-eabi/10.3.1/thumb/v7e-m+fp/hard\libgcc.a(_arm_muldf3.o)
                              CMakeFiles/CtrBoard-H7_ALL.elf.dir/src/modules/BMI088/transfer_function.c.obj (__aeabi_dmul)
d:/stm32environment/arm/bin/../lib/gcc/arm-none-eabi/10.3.1/thumb/v7e-m+fp/hard\libgcc.a(_arm_addsubdf3.o)
                              CMakeFiles/CtrBoard-H7_ALL.elf.dir/src/modules/BMI088/transfer_function.c.obj (__aeabi_dsub)
d:/stm32environment/arm/bin/../lib/gcc/arm-none-eabi/10.3.1/thumb/v7e-m+fp/hard\libgcc.a(_arm_muldivdf3.o)
                              CMakeFiles/CtrBoard-H7_ALL.elf.dir/src/modules/BMI088/transfer_function.c.obj (__aeabi_ddiv)
d:/stm32environment/arm/bin/../lib/gcc/arm-none-eabi/10.3.1/thumb/v7e-m+fp/hard\libgcc.a(_arm_cmpdf2.o)
                              CMakeFiles/CtrBoard-H7_ALL.elf.dir/src/task/shoot/shoot_task.c.obj (__aeabi_dcmplt)
d:/stm32environment/arm/bin/../lib/gcc/arm-none-eabi/10.3.1/thumb/v7e-m+fp/hard\libgcc.a(_arm_truncdfsf2.o)
                              CMakeFiles/CtrBoard-H7_ALL.elf.dir/src/algorithm/MahonyAHRS/MahonyAHRS.c.obj (__aeabi_d2f)
d:/stm32environment/arm/bin/../lib/gcc/arm-none-eabi/10.3.1/thumb/v7e-m+fp/hard\libgcc.a(_arm_addsubsf3.o)
                              CMakeFiles/CtrBoard-H7_ALL.elf.dir/src/modules/motor/DM_motor/DM_Motor.c.obj (__aeabi_ul2f)
d:/stm32environment/arm/bin/../lib/gcc/arm-none-eabi/10.3.1/thumb/v7e-m+fp/hard\libgcc.a(_aeabi_uldivmod.o)
                              CMakeFiles/CtrBoard-H7_ALL.elf.dir/Drivers/STM32H7xx_HAL_Driver/Src/stm32h7xx_hal_uart.c.obj (__aeabi_uldivmod)
d:/stm32environment/arm/bin/../lib/gcc/arm-none-eabi/10.3.1/thumb/v7e-m+fp/hard\libgcc.a(_udivmoddi4.o)
                              d:/stm32environment/arm/bin/../lib/gcc/arm-none-eabi/10.3.1/thumb/v7e-m+fp/hard\libgcc.a(_aeabi_uldivmod.o) (__udivmoddi4)
d:/stm32environment/arm/bin/../lib/gcc/arm-none-eabi/10.3.1/thumb/v7e-m+fp/hard\libgcc.a(_dvmd_tls.o)
                              d:/stm32environment/arm/bin/../lib/gcc/arm-none-eabi/10.3.1/thumb/v7e-m+fp/hard\libgcc.a(_aeabi_uldivmod.o) (__aeabi_ldiv0)
d:/stm32environment/arm/bin/../lib/gcc/arm-none-eabi/10.3.1/../../../../arm-none-eabi/lib/thumb/v7e-m+fp/hard\libg.a(lib_a-errno.o)
                              CMakeFiles/CtrBoard-H7_ALL.elf.dir/Core/Src/syscalls.c.obj (__errno)
[...]
Memory Configuration

Name             Origin             Length             Attributes
ITCMRAM          0x00000000         0x00010000         xrw
DTCMRAM          0x20000000         0x00020000         xrw
FLASH            0x08000000         0x00100000         xr
RAM_D1           0x24000000         0x00050000         xrw
RAM_D2           0x30000000         0x00008000         xrw
RAM_D3           0x38000000         0x00004000         xrw
*default*        0x00000000         0xffffffff

Linker script and memory map

LOAD d:/stm32environment/arm/bin/../lib/gcc/arm-none-eabi/10.3.1/thumb/v7e-m+fp/hard/crti.o
LOAD d:/stm32environment/arm/bin/../lib/gcc/arm-none-eabi/10.3.1/thumb/v7e-m+fp/hard/crtbegin.o
LOAD d:/stm32environment/arm/bin/../lib/gcc/arm-none-eabi/10.3.1/../../../../arm-none-eabi/lib/thumb/v7e-m+fp/hard/crt0.o
LOAD CMakeFiles/CtrBoard-H7_ALL.elf.dir/Core/Src/dma.c.obj
LOAD CMakeFiles/CtrBoard-H7_ALL.elf.dir/Core/Src/fdcan.c.obj
LOAD CMakeFiles/CtrBoard-H7_ALL.elf.dir/Core/Src/freertos.c.obj
LOAD CMakeFiles/CtrBoard-H7_ALL.elf.dir/Core/Src/gpio.c.obj
LOAD CMakeFiles/CtrBoard-H7_ALL.elf.dir/Core/Src/main.c.obj
LOAD CMakeFiles/CtrBoard-H7_ALL.elf.dir/Core/Src/memorymap.c.obj
LOAD CMakeFiles/CtrBoard-H7_ALL.elf.dir/Core/Src/spi.c.obj
LOAD CMakeFiles/CtrBoard-H7_ALL.elf.dir/Core/Src/stm32h7xx_hal_msp.c.obj
LOAD CMakeFiles/CtrBoard-H7_ALL.elf.dir/Core/Src/stm32h7xx_hal_timebase_tim.c.obj
LOAD CMakeFiles/CtrBoard-H7_ALL.elf.dir/Core/Src/stm32h7xx_it.c.obj
LOAD CMakeFiles/CtrBoard-H7_ALL.elf.dir/Core/Src/syscalls.c.obj
LOAD CMakeFiles/CtrBoard-H7_ALL.elf.dir/Core/Src/sysmem.c.obj
LOAD CMakeFiles/CtrBoard-H7_ALL.elf.dir/Core/Src/system_stm32h7xx.c.obj
LOAD CMakeFiles/CtrBoard-H7_ALL.elf.dir/Core/Src/tim.c.obj
LOAD CMakeFiles/CtrBoard-H7_ALL.elf.dir/Core/Src/usart.c.obj
LOAD CMakeFiles/CtrBoard-H7_ALL.elf.dir/Core/Startup/startup_stm32h723vgtx.s.obj
LOAD CMakeFiles/CtrBoard-H7_ALL.elf.dir/Drivers/STM32H7xx_HAL_Driver/Src/stm32h7xx_hal.c.obj
LOAD CMakeFiles/CtrBoard-H7_ALL.elf.dir/Drivers/STM32H7xx_HAL_Driver/Src/stm32h7xx_hal_cortex.c.obj
LOAD CMakeFiles/CtrBoard-H7_ALL.elf.dir/Drivers/STM32H7xx_HAL_Driver/Src/stm32h7xx_hal_dma.c.obj
LOAD CMakeFiles/CtrBoard-H7_ALL.elf.dir/Drivers/STM32H7xx_HAL_Driver/Src/stm32h7xx_hal_dma_ex.c.obj
LOAD CMakeFiles/CtrBoard-H7_ALL.elf.dir/Drivers/STM32H7xx_HAL_Driver/Src/stm32h7xx_hal_exti.c.obj
LOAD CMakeFiles/CtrBoard-H7_ALL.elf.dir/Drivers/STM32H7xx_HAL_Driver/Src/stm32h7xx_hal_fdcan.c.obj
LOAD CMakeFiles/CtrBoard-H7_ALL.elf.dir/Drivers/STM32H7xx_HAL_Driver/Src/stm32h7xx_hal_flash.c.obj
LOAD CMakeFiles/CtrBoard-H7_ALL.elf.dir/Drivers/STM32H7xx_HAL_Driver/Src/stm32h7xx_hal_flash_ex.c.obj
LOAD CMakeFiles/CtrBoard-H7_ALL.elf.dir/Drivers/STM32H7xx_HAL_Driver/Src/stm32h7xx_hal_gpio.c.obj
LOAD CMakeFiles/CtrBoard-H7_ALL.elf.dir/Drivers/STM32H7xx_HAL_Driver/Src/stm32h7xx_hal_hsem.c.obj
LOAD CMakeFiles/CtrBoard-H7_ALL.elf.dir/Drivers/STM32H7xx_HAL_Driver/Src/stm32h7xx_hal_i2c.c.obj
LOAD CMakeFiles/CtrBoard-H7_ALL.elf.dir/Drivers/STM32H7xx_HAL_Driver/Src/stm32h7xx_hal_i2c_ex.c.obj
LOAD CMakeFiles/CtrBoard-H7_ALL.elf.dir/Drivers/STM32H7xx_HAL_Driver/Src/stm32h7xx_hal_mdma.c.obj
LOAD CMakeFiles/CtrBoard-H7_ALL.elf.dir/Drivers/STM32H7xx_HAL_Driver/Src/stm32h7xx_hal_pcd.c.obj
LOAD CMakeFiles/CtrBoard-H7_ALL.elf.dir/Drivers/STM32H7xx_HAL_Driver/Src/stm32h7xx_hal_pcd_ex.c.obj
LOAD CMakeFiles/CtrBoard-H7_ALL.elf.dir/Drivers/STM32H7xx_HAL_Driver/Src/stm32h7xx_hal_pwr.c.obj
LOAD CMakeFiles/CtrBoard-H7_ALL.elf.dir/Drivers/STM32H7xx_HAL_Driver/Src/stm32h7xx_hal_pwr_ex.c.obj
LOAD CMakeFiles/CtrBoard-H7_ALL.elf.dir/Drivers/STM32H7xx_HAL_Driver/Src/stm32h7xx_hal_rcc.c.obj
LOAD CMakeFiles/CtrBoard-H7_ALL.elf.dir/Drivers/STM32H7xx_HAL_Driver/Src/stm32h7xx_hal_rcc_ex.c.obj
LOAD CMakeFiles/CtrBoard-H7_ALL.elf.dir/Drivers/STM32H7xx_HAL_Driver/Src/stm32h7xx_hal_spi.c.obj
LOAD CMakeFiles/CtrBoard-H7_ALL.elf.dir/Drivers/STM32H7xx_HAL_Driver/Src/stm32h7xx_hal_spi_ex.c.obj
LOAD CMakeFiles/CtrBoard-H7_ALL.elf.dir/Drivers/STM32H7xx_HAL_Driver/Src/stm32h7xx_hal_tim.c.obj
LOAD CMakeFiles/CtrBoard-H7_ALL.elf.dir/Drivers/STM32H7xx_HAL_Driver/Src/stm32h7xx_hal_tim_ex.c.obj
LOAD CMakeFiles/CtrBoard-H7_ALL.elf.dir/Drivers/STM32H7xx_HAL_Driver/Src/stm32h7xx_hal_uart.c.obj
LOAD CMakeFiles/CtrBoard-H7_ALL.elf.dir/Drivers/STM32H7xx_HAL_Driver/Src/stm32h7xx_hal_uart_ex.c.obj
LOAD CMakeFiles/CtrBoard-H7_ALL.elf.dir/Drivers/STM32H7xx_HAL_Driver/Src/stm32h7xx_ll_usb.c.obj
LOAD CMakeFiles/CtrBoard-H7_ALL.elf.dir/Middlewares/ST/STM32_USB_Device_Library/Class/CDC/Src/usbd_cdc.c.obj
LOAD CMakeFiles/CtrBoard-H7_ALL.elf.dir/Middlewares/ST/STM32_USB_Device_Library/Core/Src/usbd_core.c.obj
LOAD CMakeFiles/CtrBoard-H7_ALL.elf.dir/Middlewares/ST/STM32_USB_Device_Library/Core/Src/usbd_ctlreq.c.obj
LOAD CMakeFiles/CtrBoard-H7_ALL.elf.dir/Middlewares/ST/STM32_USB_Device_Library/Core/Src/usbd_ioreq.c.obj
LOAD CMakeFiles/CtrBoard-H7_ALL.elf.dir/Middlewares/Third_Party/FreeRTOS/Source/CMSIS_RTOS/cmsis_os.c.obj
LOAD CMakeFiles/CtrBoard-H7_ALL.elf.dir/Middlewares/Third_Party/FreeRTOS/Source/croutine.c.obj
LOAD CMakeFiles/CtrBoard-H7_ALL.elf.dir/Middlewares/Third_Party/FreeRTOS/Source/event_groups.c.obj
LOAD CMakeFiles/CtrBoard-H7_ALL.elf.dir/Middlewares/Third_Party/FreeRTOS/Source/list.c.obj
LOAD CMakeFiles/CtrBoard-H7_ALL.elf.dir/Middlewares/Third_Party/FreeRTOS/Source/portable/GCC/ARM_CM4F/port.c.obj
LOAD CMakeFiles/CtrBoard-H7_ALL.elf.dir/Middlewares/Third_Party/FreeRTOS/Source/portable/MemMang/heap_4.c.obj
LOAD CMakeFiles/CtrBoard-H7_ALL.elf.dir/Middlewares/Third_Party/FreeRTOS/Source/queue.c.obj
LOAD CMakeFiles/CtrBoard-H7_ALL.elf.dir/Middlewares/Third_Party/FreeRTOS/Source/stream_buffer.c.obj
LOAD CMakeFiles/CtrBoard-H7_ALL.elf.dir/Middlewares/Third_Party/FreeRTOS/Source/tasks.c.obj
LOAD CMakeFiles/CtrBoard-H7_ALL.elf.dir/Middlewares/Third_Party/FreeRTOS/Source/timers.c.obj
LOAD CMakeFiles/CtrBoard-H7_ALL.elf.dir/Middlewares/Third_Party/SEGGER/RTT/SEGGER_RTT.c.obj
LOAD CMakeFiles/CtrBoard-H7_ALL.elf.dir/Middlewares/Third_Party/SEGGER/RTT/SEGGER_RTT_ASM_ARMv7M.s.obj
LOAD CMakeFiles/CtrBoard-H7_ALL.elf.dir/Middlewares/Third_Party/SEGGER/RTT/SEGGER_RTT_printf.c.obj
LOAD CMakeFiles/CtrBoard-H7_ALL.elf.dir/USB_DEVICE/App/usb_device.c.obj
LOAD CMakeFiles/CtrBoard-H7_ALL.elf.dir/USB_DEVICE/App/usbd_cdc_if.c.obj
LOAD CMakeFiles/CtrBoard-H7_ALL.elf.dir/USB_DEVICE/App/usbd_desc.c.obj
LOAD CMakeFiles/CtrBoard-H7_ALL.elf.dir/USB_DEVICE/Target/usbd_conf.c.obj
LOAD CMakeFiles/CtrBoard-H7_ALL.elf.dir/src/algorithm/Filter/filter32.c.obj
LOAD CMakeFiles/CtrBoard-H7_ALL.elf.dir/src/algorithm/MahonyAHRS/MahonyAHRS.c.obj
LOAD CMakeFiles/CtrBoard-H7_ALL.elf.dir/src/algorithm/PID/PID.c.obj
LOAD CMakeFiles/CtrBoard-H7_ALL.elf.dir/src/algorithm/QuaternionEKF/QuaternionEKF.c.obj
LOAD CMakeFiles/CtrBoard-H7_ALL.elf.dir/src/algorithm/Ramp/ramp.c.obj
LOAD CMakeFiles/CtrBoard-H7_ALL.elf.dir/src/algorithm/User_Lib/user_lib.c.obj
LOAD CMakeFiles/CtrBoard-H7_ALL.elf.dir/src/algorithm/crc/crc8_crc16.c.obj
LOAD CMakeFiles/CtrBoard-H7_ALL.elf.dir/src/algorithm/kalman_filter/kalman_filter.c.obj
LOAD CMakeFiles/CtrBoard-H7_ALL.elf.dir/src/modules/BMI088/BMI088Middleware.c.obj
LOAD CMakeFiles/CtrBoard-H7_ALL.elf.dir/src/modules/BMI088/BMI088driver.c.obj
LOAD CMakeFiles/CtrBoard-H7_ALL.elf.dir/src/modules/BMI088/transfer_function.c.obj
LOAD CMakeFiles/CtrBoard-H7_ALL.elf.dir/src/modules/bsp/bsp_uart.c.obj
LOAD CMakeFiles/CtrBoard-H7_ALL.elf.dir/src/modules/can/hal_can.c.obj
LOAD CMakeFiles/CtrBoard-H7_ALL.elf.dir/src/modules/dm_imu/dm_imu.c.obj
LOAD CMakeFiles/CtrBoard-H7_ALL.elf.dir/src/modules/dwt/drv_dwt.c.obj
LOAD CMakeFiles/CtrBoard-H7_ALL.elf.dir/src/modules/ipc/uMCN.c.obj
LOAD CMakeFiles/CtrBoard-H7_ALL.elf.dir/src/modules/leg_vmc/drv_leg.c.obj
LOAD CMakeFiles/CtrBoard-H7_ALL.elf.dir/src/modules/leg_wbr/leg_wbr.c.obj
LOAD CMakeFiles/CtrBoard-H7_ALL.elf.dir/src/modules/log/bsp_log.c.obj
LOAD CMakeFiles/CtrBoard-H7_ALL.elf.dir/src/modules/motor/DJI_motor/dji_motor.c.obj
LOAD CMakeFiles/CtrBoard-H7_ALL.elf.dir/src/modules/motor/DM_motor/DM_Motor.c.obj
LOAD CMakeFiles/CtrBoard-H7_ALL.elf.dir/src/modules/motor/HT_motor/ht04.c.obj
LOAD CMakeFiles/CtrBoard-H7_ALL.elf.dir/src/modules/motor/LK_motor/lk_motor.c.obj
LOAD CMakeFiles/CtrBoard-H7_ALL.elf.dir/src/modules/pwm/drv_PWM.c.obj
LOAD CMakeFiles/CtrBoard-H7_ALL.elf.dir/src/modules/rc/Dbus/rc_dbus.c.obj
LOAD CMakeFiles/CtrBoard-H7_ALL.elf.dir/src/modules/referee/referee_system.c.obj
LOAD CMakeFiles/CtrBoard-H7_ALL.elf.dir/src/modules/ws2812b/ws2812.c.obj
LOAD CMakeFiles/CtrBoard-H7_ALL.elf.dir/src/robot.c.obj
LOAD CMakeFiles/CtrBoard-H7_ALL.elf.dir/src/task/chassis/chassis_task.c.obj
LOAD CMakeFiles/CtrBoard-H7_ALL.elf.dir/src/task/cmd/cmd_task.c.obj
LOAD CMakeFiles/CtrBoard-H7_ALL.elf.dir/src/task/gimbal/gimbal_task.c.obj
LOAD CMakeFiles/CtrBoard-H7_ALL.elf.dir/src/task/ins/ins_task.c.obj
LOAD CMakeFiles/CtrBoard-H7_ALL.elf.dir/src/task/motor/motor_task.c.obj
LOAD CMakeFiles/CtrBoard-H7_ALL.elf.dir/src/task/shoot/shoot_task.c.obj
LOAD CMakeFiles/CtrBoard-H7_ALL.elf.dir/src/task/trans/trans_task.c.obj
LOAD D:\HNU_RM_CodeStorage\HNU_Serial_H723_02_26\HNU_Embedded_Framework\Middlewares\ST\ARM\DSP\Lib\libarm_cortexM7lfsp_math.a
START GROUP
LOAD d:/stm32environment/arm/bin/../lib/gcc/arm-none-eabi/10.3.1/thumb/v7e-m+fp/hard\libgcc.a
LOAD d:/stm32environment/arm/bin/../lib/gcc/arm-none-eabi/10.3.1/../../../../arm-none-eabi/lib/thumb/v7e-m+fp/hard\libg.a
LOAD d:/stm32environment/arm/bin/../lib/gcc/arm-none-eabi/10.3.1/../../../../arm-none-eabi/lib/thumb/v7e-m+fp/hard\libc.a
END GROUP
LOAD d:/stm32environment/arm/bin/../lib/gcc/arm-none-eabi/10.3.1/thumb/v7e-m+fp/hard/crtend.o
LOAD d:/stm32environment/arm/bin/../lib/gcc/arm-none-eabi/10.3.1/thumb/v7e-m+fp/hard/crtn.o
                0x24050000                _estack = (ORIGIN (RAM_D1) + LENGTH (RAM_D1))
                0x00000400                _Min_Heap_Size = 0x400
                0x00001000                _Min_Stack_Size = 0x1000

.isr_vector     0x08000000      0x2cc
                0x08000000                . = ALIGN (0x4)
 *(.isr_vector)
 .isr_vector    0x08000000      0x2cc CMakeFiles/CtrBoard-H7_ALL.elf.dir/Core/Startup/startup_stm32h723vgtx.s.obj
                0x08000000                g_pfnVectors
                0x080002cc                . = ALIGN (0x4)

.text           0x08000300    0x202d8
                0x08000300                . = ALIGN (0x4)
 *(.text)
 .text          0x08000300       0x40 d:/stm32environment/arm/bin/../lib/gcc/arm-none-eabi/10.3.1/thumb/v7e-m+fp/hard/crtbegin.o
 .text          0x08000340      0x378 d:/stm32environment/arm/bin/../lib/gcc/arm-none-eabi/10.3.1/thumb/v7e-m+fp/hard\libgcc.a(_arm_addsubdf3.o)
                0x08000340                __aeabi_drsub
                0x08000348                __aeabi_dsub
                0x08000348                __subdf3
                0x0800034c                __aeabi_dadd
                0x0800034c                __adddf3
                0x080005c4                __floatunsidf
                0x080005c4                __aeabi_ui2d
                0x080005e4                __floatsidf
                0x080005e4                __aeabi_i2d
                0x08000608                __aeabi_f2d
                0x08000608                __extendsfdf2
                0x0800064c                __floatundidf
                0x0800064c                __aeabi_ul2d
                0x0800065c                __floatdidf
                0x0800065c                __aeabi_l2d
 .text          0x080006b8      0x424 d:/stm32environment/arm/bin/../lib/gcc/arm-none-eabi/10.3.1/thumb/v7e-m+fp/hard\libgcc.a(_arm_muldivdf3.o)
                0x080006b8                __aeabi_dmul
                0x080006b8                __muldf3
                0x0800090c                __divdf3
                0x0800090c                __aeabi_ddiv
 .text          0x08000adc      0x110 d:/stm32environment/arm/bin/../lib/gcc/arm-none-eabi/10.3.1/thumb/v7e-m+fp/hard\libgcc.a(_arm_cmpdf2.o)
                0x08000adc                __gtdf2
                0x08000adc                __gedf2
                0x08000ae4                __ltdf2
                0x08000ae4                __ledf2
                0x08000aec                __nedf2
                0x08000aec                __eqdf2
                0x08000aec                __cmpdf2
                0x08000b68                __aeabi_cdrcmple
                0x08000b78                __aeabi_cdcmpeq
                0x08000b78                __aeabi_cdcmple
                0x08000b88                __aeabi_dcmpeq
                0x08000b9c                __aeabi_dcmplt
                0x08000bb0                __aeabi_dcmple
                0x08000bc4                __aeabi_dcmpge
                0x08000bd8                __aeabi_dcmpgt
 .text          0x08000bec       0xa0 d:/stm32environment/arm/bin/../lib/gcc/arm-none-eabi/10.3.1/thumb/v7e-m+fp/hard\libgcc.a(_arm_truncdfsf2.o)
                0x08000bec                __truncdfsf2
                0x08000bec                __aeabi_d2f
 .text          0x08000c8c      0x21c d:/stm32environment/arm/bin/../lib/gcc/arm-none-eabi/10.3.1/thumb/v7e-m+fp/hard\libgcc.a(_arm_addsubsf3.o)
                0x08000c8c                __aeabi_frsub
                0x08000c94                __subsf3
                0x08000c94                __aeabi_fsub
                0x08000c98                __aeabi_fadd
                0x08000c98                __addsf3
                0x08000df8                __aeabi_ui2f
                0x08000df8                __floatunsisf
                0x08000e00                __aeabi_i2f
                0x08000e00                __floatsisf
                0x08000e1c                __aeabi_ul2f
                0x08000e1c                __floatundisf
                0x08000e2c                __aeabi_l2f
                0x08000e2c                __floatdisf
 .text          0x08000ea8       0x30 d:/stm32environment/arm/bin/../lib/gcc/arm-none-eabi/10.3.1/thumb/v7e-m+fp/hard\libgcc.a(_aeabi_uldivmod.o)
                0x08000ea8                __aeabi_uldivmod
 .text          0x08000ed8      0x2d0 d:/stm32environment/arm/bin/../lib/gcc/arm-none-eabi/10.3.1/thumb/v7e-m+fp/hard\libgcc.a(_udivmoddi4.o)
                0x08000ed8                __udivmoddi4
 .text          0x080011a8        0x4 d:/stm32environment/arm/bin/../lib/gcc/arm-none-eabi/10.3.1/thumb/v7e-m+fp/hard\libgcc.a(_dvmd_tls.o)
                0x080011a8                __aeabi_idiv0
                0x080011a8                __aeabi_ldiv0
 .text          0x080011ac      0x134 d:/stm32environment/arm/bin/../lib/gcc/arm-none-eabi/10.3.1/../../../../arm-none-eabi/lib/thumb/v7e-m+fp/hard\libg.a(lib_a-memcpy.o)
                0x080011ac                memcpy
 *fill*         0x080012e0       0x20 
 .text          0x08001300       0xdc d:/stm32environment/arm/bin/../lib/gcc/arm-none-eabi/10.3.1/../../../../arm-none-eabi/lib/thumb/v7e-m+fp/hard\libg.a(lib_a-strlen.o)
                0x08001300                strlen
 *fill*         0x080013dc        0x4 
 .text          0x080013e0       0xa0 d:/stm32environment/arm/bin/../lib/gcc/arm-none-eabi/10.3.1/../../../../arm-none-eabi/lib/thumb/v7e-m+fp/hard\libg.a(lib_a-memchr.o)
                0x080013e0                memchr
 .text          0x08001480       0x2c d:/stm32environment/arm/bin/../lib/gcc/arm-none-eabi/10.3.1/thumb/v7e-m+fp/hard\libgcc.a(_arm_unorddf2.o)
                0x08001480                __unorddf2
                0x08001480                __aeabi_dcmpun
 .text          0x080014ac       0x50 d:/stm32environment/arm/bin/../lib/gcc/arm-none-eabi/10.3.1/thumb/v7e-m+fp/hard\libgcc.a(_arm_fixdfsi.o)
                0x080014ac                __aeabi_d2iz
                0x080014ac                __fixdfsi
 *(.text*)
 .text.MX_DMA_Init
                0x080014fc       0xc0 CMakeFiles/CtrBoard-H7_ALL.elf.dir/Core/Src/dma.c.obj
                0x080014fc                MX_DMA_Init
 .text.MX_FDCAN1_Init
                0x080015bc       0x64 CMakeFiles/CtrBoard-H7_ALL.elf.dir/Core/Src/fdcan.c.obj
                0x080015bc                MX_FDCAN1_Init
 .text.MX_FDCAN2_Init
                0x08001620       0x64 CMakeFiles/CtrBoard-H7_ALL.elf.dir/Core/Src/fdcan.c.obj
                0x08001620                MX_FDCAN2_Init
 .text.MX_FDCAN3_Init
                0x08001684       0x64 CMakeFiles/CtrBoard-H7_ALL.elf.dir/Core/Src/fdcan.c.obj
                0x08001684                MX_FDCAN3_Init
 .text.HAL_FDCAN_MspInit
                0x080016e8      0x1f8 CMakeFiles/CtrBoard-H7_ALL.elf.dir/Core/Src/fdcan.c.obj
                0x080016e8                HAL_FDCAN_MspInit
 .text.StartDefaultTask
                0x080018e0       0x2c CMakeFiles/CtrBoard-H7_ALL.elf.dir/Core/Src/freertos.c.obj
                0x080018e0                StartDefaultTask
 .text.vApplicationGetIdleTaskMemory
                0x0800190c       0x18 CMakeFiles/CtrBoard-H7_ALL.elf.dir/Core/Src/freertos.c.obj
                0x0800190c                vApplicationGetIdleTaskMemory
 .text.vApplicationGetTimerTaskMemory
                0x08001924       0x18 CMakeFiles/CtrBoard-H7_ALL.elf.dir/Core/Src/freertos.c.obj
                0x08001924                vApplicationGetTimerTaskMemory
 .text.MX_FREERTOS_Init
                0x0800193c       0x30 CMakeFiles/CtrBoard-H7_ALL.elf.dir/Core/Src/freertos.c.obj
                0x0800193c                MX_FREERTOS_Init
 .text.MX_GPIO_Init
                0x0800196c      0x2bc CMakeFiles/CtrBoard-H7_ALL.elf.dir/Core/Src/gpio.c.obj
                0x0800196c                MX_GPIO_Init
 .text.Error_Handler
                0x08001c28        0x4 CMakeFiles/CtrBoard-H7_ALL.elf.dir/Core/Src/main.c.obj
                0x08001c28                Error_Handler
 .text.SystemClock_Config
                0x08001c2c       0xac CMakeFiles/CtrBoard-H7_ALL.elf.dir/Core/Src/main.c.obj
                0x08001c2c                SystemClock_Config
 .text.main     0x08001cd8       0x74 CMakeFiles/CtrBoard-H7_ALL.elf.dir/Core/Src/main.c.obj
                0x08001cd8                main
 .text.MX_SPI2_Init
                0x08001d4c       0x60 CMakeFiles/CtrBoard-H7_ALL.elf.dir/Core/Src/spi.c.obj
                0x08001d4c                MX_SPI2_Init
 .text.MX_SPI6_Init
                0x08001dac       0x64 CMakeFiles/CtrBoard-H7_ALL.elf.dir/Core/Src/spi.c.obj
                0x08001dac                MX_SPI6_Init
 .text.HAL_SPI_MspInit
                0x08001e10      0x20c CMakeFiles/CtrBoard-H7_ALL.elf.dir/Core/Src/spi.c.obj
                0x08001e10                HAL_SPI_MspInit
 .text.HAL_MspInit
                0x0800201c       0x34 CMakeFiles/CtrBoard-H7_ALL.elf.dir/Core/Src/stm32h7xx_hal_msp.c.obj
                0x0800201c                HAL_MspInit
 .text.HAL_InitTick
                0x08002050       0x90 CMakeFiles/CtrBoard-H7_ALL.elf.dir/Core/Src/stm32h7xx_hal_timebase_tim.c.obj
                0x08002050                HAL_InitTick
 .text.NMI_Handler
                0x080020e0        0x2 CMakeFiles/CtrBoard-H7_ALL.elf.dir/Core/Src/stm32h7xx_it.c.obj
                0x080020e0                NMI_Handler
 .text.HardFault_Handler
                0x080020e2        0x2 CMakeFiles/CtrBoard-H7_ALL.elf.dir/Core/Src/stm32h7xx_it.c.obj
                0x080020e2                HardFault_Handler
 .text.MemManage_Handler
                0x080020e4        0x2 CMakeFiles/CtrBoard-H7_ALL.elf.dir/Core/Src/stm32h7xx_it.c.obj
                0x080020e4                MemManage_Handler
 .text.BusFault_Handler
                0x080020e6        0x2 CMakeFiles/CtrBoard-H7_ALL.elf.dir/Core/Src/stm32h7xx_it.c.obj
                0x080020e6                BusFault_Handler
 .text.UsageFault_Handler
                0x080020e8        0x2 CMakeFiles/CtrBoard-H7_ALL.elf.dir/Core/Src/stm32h7xx_it.c.obj
                0x080020e8                UsageFault_Handler
 .text.DebugMon_Handler
                0x080020ea        0x2 CMakeFiles/CtrBoard-H7_ALL.elf.dir/Core/Src/stm32h7xx_it.c.obj
                0x080020ea                DebugMon_Handler
 .text.DMA1_Stream1_IRQHandler
                0x080020ec       0x10 CMakeFiles/CtrBoard-H7_ALL.elf.dir/Core/Src/stm32h7xx_it.c.obj
                0x080020ec                DMA1_Stream1_IRQHandler
 .text.DMA1_Stream2_IRQHandler
                0x080020fc       0x10 CMakeFiles/CtrBoard-H7_ALL.elf.dir/Core/Src/stm32h7xx_it.c.obj
                0x080020fc                DMA1_Stream2_IRQHandler
 .text.DMA1_Stream3_IRQHandler
                0x0800210c       0x10 CMakeFiles/CtrBoard-H7_ALL.elf.dir/Core/Src/stm32h7xx_it.c.obj
                0x0800210c                DMA1_Stream3_IRQHandler
 .text.DMA1_Stream4_IRQHandler
                0x0800211c       0x10 CMakeFiles/CtrBoard-H7_ALL.elf.dir/Core/Src/stm32h7xx_it.c.obj
                0x0800211c                DMA1_Stream4_IRQHandler
 .text.DMA1_Stream5_IRQHandler
                0x0800212c       0x10 CMakeFiles/CtrBoard-H7_ALL.elf.dir/Core/Src/stm32h7xx_it.c.obj
                0x0800212c                DMA1_Stream5_IRQHandler
 .text.DMA1_Stream6_IRQHandler
                0x0800213c       0x10 CMakeFiles/CtrBoard-H7_ALL.elf.dir/Core/Src/stm32h7xx_it.c.obj
                0x0800213c                DMA1_Stream6_IRQHandler
 .text.FDCAN1_IT0_IRQHandler
                0x0800214c       0x10 CMakeFiles/CtrBoard-H7_ALL.elf.dir/Core/Src/stm32h7xx_it.c.obj
                0x0800214c                FDCAN1_IT0_IRQHandler
 .text.FDCAN2_IT0_IRQHandler
                0x0800215c       0x10 CMakeFiles/CtrBoard-H7_ALL.elf.dir/Core/Src/stm32h7xx_it.c.obj
                0x0800215c                FDCAN2_IT0_IRQHandler
 .text.TIM4_IRQHandler
                0x0800216c       0x10 CMakeFiles/CtrBoard-H7_ALL.elf.dir/Core/Src/stm32h7xx_it.c.obj
                0x0800216c                TIM4_IRQHandler
 .text.SPI2_IRQHandler
                0x0800217c       0x10 CMakeFiles/CtrBoard-H7_ALL.elf.dir/Core/Src/stm32h7xx_it.c.obj
                0x0800217c                SPI2_IRQHandler
 .text.USART1_IRQHandler
                0x0800218c       0x10 CMakeFiles/CtrBoard-H7_ALL.elf.dir/Core/Src/stm32h7xx_it.c.obj
                0x0800218c                USART1_IRQHandler
 .text.UART5_IRQHandler
                0x0800219c       0x10 CMakeFiles/CtrBoard-H7_ALL.elf.dir/Core/Src/stm32h7xx_it.c.obj
                0x0800219c                UART5_IRQHandler
 .text.DMA2_Stream0_IRQHandler
                0x080021ac       0x10 CMakeFiles/CtrBoard-H7_ALL.elf.dir/Core/Src/stm32h7xx_it.c.obj
                0x080021ac                DMA2_Stream0_IRQHandler
 .text.DMA2_Stream1_IRQHandler
                0x080021bc       0x10 CMakeFiles/CtrBoard-H7_ALL.elf.dir/Core/Src/stm32h7xx_it.c.obj
                0x080021bc                DMA2_Stream1_IRQHandler
 .text.OTG_HS_IRQHandler
                0x080021cc       0x10 CMakeFiles/CtrBoard-H7_ALL.elf.dir/Core/Src/stm32h7xx_it.c.obj
                0x080021cc                OTG_HS_IRQHandler
 .text.UART7_IRQHandler
                0x080021dc       0x10 CMakeFiles/CtrBoard-H7_ALL.elf.dir/Core/Src/stm32h7xx_it.c.obj
                0x080021dc                UART7_IRQHandler
 .text.USART10_IRQHandler
                0x080021ec       0x10 CMakeFiles/CtrBoard-H7_ALL.elf.dir/Core/Src/stm32h7xx_it.c.obj
                0x080021ec                USART10_IRQHandler
 .text.FDCAN3_IT0_IRQHandler
                0x080021fc       0x10 CMakeFiles/CtrBoard-H7_ALL.elf.dir/Core/Src/stm32h7xx_it.c.obj
                0x080021fc                FDCAN3_IT0_IRQHandler
 .text.TIM23_IRQHandler
                0x0800220c       0x10 CMakeFiles/CtrBoard-H7_ALL.elf.dir/Core/Src/stm32h7xx_it.c.obj
                0x0800220c                TIM23_IRQHandler
 .text._getpid  0x0800221c        0x4 CMakeFiles/CtrBoard-H7_ALL.elf.dir/Core/Src/syscalls.c.obj
                0x0800221c                _getpid
 .text._kill    0x08002220       0x10 CMakeFiles/CtrBoard-H7_ALL.elf.dir/Core/Src/syscalls.c.obj
                0x08002220                _kill
 .text._exit    0x08002230        0xc CMakeFiles/CtrBoard-H7_ALL.elf.dir/Core/Src/syscalls.c.obj
                0x08002230                _exit
 .text._read    0x0800223c       0x20 CMakeFiles/CtrBoard-H7_ALL.elf.dir/Core/Src/syscalls.c.obj
                0x0800223c                _read
 .text._write   0x0800225c       0x1c CMakeFiles/CtrBoard-H7_ALL.elf.dir/Core/Src/syscalls.c.obj
                0x0800225c                _write
 .text._close   0x08002278        0x6 CMakeFiles/CtrBoard-H7_ALL.elf.dir/Core/Src/syscalls.c.obj
                0x08002278                _close
 .text._fstat   0x0800227e        0xa CMakeFiles/CtrBoard-H7_ALL.elf.dir/Core/Src/syscalls.c.obj
                0x0800227e                _fstat
 .text._isatty  0x08002288        0x4 CMakeFiles/CtrBoard-H7_ALL.elf.dir/Core/Src/syscalls.c.obj
                0x08002288                _isatty
 .text._lseek   0x0800228c        0x4 CMakeFiles/CtrBoard-H7_ALL.elf.dir/Core/Src/syscalls.c.obj
                0x0800228c                _lseek
 .text._sbrk    0x08002290       0x48 CMakeFiles/CtrBoard-H7_ALL.elf.dir/Core/Src/sysmem.c.obj
                0x08002290                _sbrk
 .text.SystemInit
                0x080022d8       0xac CMakeFiles/CtrBoard-H7_ALL.elf.dir/Core/Src/system_stm32h7xx.c.obj
                0x080022d8                SystemInit
 .text.MX_TIM4_Init
                0x08002384       0x74 CMakeFiles/CtrBoard-H7_ALL.elf.dir/Core/Src/tim.c.obj
                0x08002384                MX_TIM4_Init
 .text.HAL_TIM_PWM_MspInit
                0x080023f8       0x34 CMakeFiles/CtrBoard-H7_ALL.elf.dir/Core/Src/tim.c.obj
                0x080023f8                HAL_TIM_PWM_MspInit
 .text.HAL_TIM_Base_MspInit
                0x0800242c       0x48 CMakeFiles/CtrBoard-H7_ALL.elf.dir/Core/Src/tim.c.obj
                0x0800242c                HAL_TIM_Base_MspInit
 .text.HAL_TIM_MspPostInit
                0x08002474       0x58 CMakeFiles/CtrBoard-H7_ALL.elf.dir/Core/Src/tim.c.obj
                0x08002474                HAL_TIM_MspPostInit
 .text.MX_TIM3_Init
                0x080024cc       0x88 CMakeFiles/CtrBoard-H7_ALL.elf.dir/Core/Src/tim.c.obj
                0x080024cc                MX_TIM3_Init
 .text.MX_UART5_Init
                0x08002554       0x78 CMakeFiles/CtrBoard-H7_ALL.elf.dir/Core/Src/usart.c.obj
                0x08002554                MX_UART5_Init
 .text.MX_UART7_Init
                0x080025cc       0x68 CMakeFiles/CtrBoard-H7_ALL.elf.dir/Core/Src/usart.c.obj
                0x080025cc                MX_UART7_Init
 .text.MX_USART1_UART_Init
                0x08002634       0x68 CMakeFiles/CtrBoard-H7_ALL.elf.dir/Core/Src/usart.c.obj
                0x08002634                MX_USART1_UART_Init
 .text.MX_USART10_UART_Init
                0x0800269c       0x68 CMakeFiles/CtrBoard-H7_ALL.elf.dir/Core/Src/usart.c.obj
                0x0800269c                MX_USART10_UART_Init
 .text.HAL_UART_MspInit
                0x08002704      0x400 CMakeFiles/CtrBoard-H7_ALL.elf.dir/Core/Src/usart.c.obj
                0x08002704                HAL_UART_MspInit
 .text.Reset_Handler
                0x08002b04       0x50 CMakeFiles/CtrBoard-H7_ALL.elf.dir/Core/Startup/startup_stm32h723vgtx.s.obj
                0x08002b04                Reset_Handler
 .text.Default_Handler
                0x08002b54        0x2 CMakeFiles/CtrBoard-H7_ALL.elf.dir/Core/Startup/startup_stm32h723vgtx.s.obj
                0x08002b54                RTC_Alarm_IRQHandler
                0x08002b54                EXTI2_IRQHandler
                0x08002b54                TIM8_CC_IRQHandler
                0x08002b54                UART8_IRQHandler
                0x08002b54                SPI4_IRQHandler
                0x08002b54                TIM1_CC_IRQHandler
                0x08002b54                BDMA_Channel6_IRQHandler
                0x08002b54                DMA2_Stream5_IRQHandler
                0x08002b54                CORDIC_IRQHandler
                0x08002b54                BDMA_Channel1_IRQHandler
                0x08002b54                TAMP_STAMP_IRQHandler
                0x08002b54                EXTI3_IRQHandler
                0x08002b54                LPTIM4_IRQHandler
                0x08002b54                TIM8_TRG_COM_TIM14_IRQHandler
                0x08002b54                LPTIM2_IRQHandler
                0x08002b54                DFSDM1_FLT1_IRQHandler
                0x08002b54                DMAMUX2_OVR_IRQHandler
                0x08002b54                TIM8_UP_TIM13_IRQHandler
                0x08002b54                I2C3_ER_IRQHandler
                0x08002b54                DFSDM1_FLT2_IRQHandler
                0x08002b54                I2C5_EV_IRQHandler
                0x08002b54                MDMA_IRQHandler
                0x08002b54                LPTIM3_IRQHandler
                0x08002b54                HSEM1_IRQHandler
                0x08002b54                EXTI0_IRQHandler
                0x08002b54                I2C2_EV_IRQHandler
                0x08002b54                FPU_IRQHandler
                0x08002b54                OTG_HS_WKUP_IRQHandler
                0x08002b54                FDCAN1_IT1_IRQHandler
                0x08002b54                LTDC_ER_IRQHandler
                0x08002b54                DMA2_Stream2_IRQHandler
                0x08002b54                SPI1_IRQHandler
                0x08002b54                OCTOSPI1_IRQHandler
                0x08002b54                TIM6_DAC_IRQHandler
                0x08002b54                DMA2_Stream3_IRQHandler
                0x08002b54                OCTOSPI2_IRQHandler
                0x08002b54                DFSDM1_FLT3_IRQHandler
                0x08002b54                USART6_IRQHandler
                0x08002b54                TIM17_IRQHandler
                0x08002b54                USART3_IRQHandler
                0x08002b54                BDMA_Channel7_IRQHandler
                0x08002b54                LPTIM5_IRQHandler
                0x08002b54                ADC3_IRQHandler
                0x08002b54                BDMA_Channel2_IRQHandler
                0x08002b54                I2C1_EV_IRQHandler
                0x08002b54                DMAMUX1_OVR_IRQHandler
                0x08002b54                TIM16_IRQHandler
                0x08002b54                UART4_IRQHandler
                0x08002b54                BDMA_Channel5_IRQHandler
                0x08002b54                TIM3_IRQHandler
                0x08002b54                RCC_IRQHandler
                0x08002b54                UART9_IRQHandler
                0x08002b54                TIM8_BRK_TIM12_IRQHandler
                0x08002b54                TIM1_TRG_COM_IRQHandler
                0x08002b54                Default_Handler
                0x08002b54                ECC_IRQHandler
                0x08002b54                FMAC_IRQHandler
                0x08002b54                CEC_IRQHandler
                0x08002b54                EXTI15_10_IRQHandler
                0x08002b54                BDMA_Channel0_IRQHandler
                0x08002b54                ADC_IRQHandler
                0x08002b54                I2C5_ER_IRQHandler
                0x08002b54                DMA1_Stream7_IRQHandler
                0x08002b54                SPI5_IRQHandler
                0x08002b54                TIM7_IRQHandler
                0x08002b54                FDCAN3_IT1_IRQHandler
                0x08002b54                SDMMC1_IRQHandler
                0x08002b54                TIM5_IRQHandler
                0x08002b54                DMA2_Stream7_IRQHandler
                0x08002b54                TIM15_IRQHandler
                0x08002b54                PVD_AVD_IRQHandler
                0x08002b54                I2C3_EV_IRQHandler
                0x08002b54                EXTI9_5_IRQHandler
                0x08002b54                RTC_WKUP_IRQHandler
                0x08002b54                LTDC_IRQHandler
                0x08002b54                ETH_WKUP_IRQHandler
                0x08002b54                SPDIF_RX_IRQHandler
                0x08002b54                OTG_HS_EP1_IN_IRQHandler
                0x08002b54                DMA1_Stream0_IRQHandler
                0x08002b54                TIM24_IRQHandler
                0x08002b54                CRS_IRQHandler
                0x08002b54                EXTI4_IRQHandler
                0x08002b54                RNG_IRQHandler
                0x08002b54                FDCAN2_IT1_IRQHandler
                0x08002b54                ETH_IRQHandler
                0x08002b54                TIM1_UP_IRQHandler
                0x08002b54                BDMA_Channel4_IRQHandler
                0x08002b54                OTG_HS_EP1_OUT_IRQHandler
                0x08002b54                WWDG_IRQHandler
                0x08002b54                SPI6_IRQHandler
                0x08002b54                MDIOS_IRQHandler
                0x08002b54                I2C4_EV_IRQHandler
                0x08002b54                LPUART1_IRQHandler
                0x08002b54                TIM2_IRQHandler
                0x08002b54                DMA2D_IRQHandler
                0x08002b54                TIM1_BRK_IRQHandler
                0x08002b54                EXTI1_IRQHandler
                0x08002b54                SDMMC2_IRQHandler
                0x08002b54                BDMA_Channel3_IRQHandler
                0x08002b54                DTS_IRQHandler
                0x08002b54                MDIOS_WKUP_IRQHandler
                0x08002b54                USART2_IRQHandler
                0x08002b54                DFSDM1_FLT0_IRQHandler
                0x08002b54                SAI4_IRQHandler
                0x08002b54                I2C2_ER_IRQHandler
                0x08002b54                FLASH_IRQHandler
                0x08002b54                DMA2_Stream4_IRQHandler
                0x08002b54                SPI3_IRQHandler
                0x08002b54                WAKEUP_PIN_IRQHandler
                0x08002b54                I2C1_ER_IRQHandler
                0x08002b54                FMC_IRQHandler
                0x08002b54                FDCAN_CAL_IRQHandler
                0x08002b54                SWPMI1_IRQHandler
                0x08002b54                COMP1_IRQHandler
                0x08002b54                LPTIM1_IRQHandler
                0x08002b54                DCMI_PSSI_IRQHandler
                0x08002b54                I2C4_ER_IRQHandler
                0x08002b54                DMA2_Stream6_IRQHandler
                0x08002b54                SAI1_IRQHandler
 *fill*         0x08002b56        0x2 
 .text.HAL_Init
                0x08002b58       0x5c CMakeFiles/CtrBoard-H7_ALL.elf.dir/Drivers/STM32H7xx_HAL_Driver/Src/stm32h7xx_hal.c.obj
                0x08002b58                HAL_Init
 .text.HAL_IncTick
                0x08002bb4       0x18 CMakeFiles/CtrBoard-H7_ALL.elf.dir/Drivers/STM32H7xx_HAL_Driver/Src/stm32h7xx_hal.c.obj
                0x08002bb4                HAL_IncTick
 .text.HAL_GetTick
                0x08002bcc        0xc CMakeFiles/CtrBoard-H7_ALL.elf.dir/Drivers/STM32H7xx_HAL_Driver/Src/stm32h7xx_hal.c.obj
                0x08002bcc                HAL_GetTick
 .text.HAL_Delay
                0x08002bd8       0x28 CMakeFiles/CtrBoard-H7_ALL.elf.dir/Drivers/STM32H7xx_HAL_Driver/Src/stm32h7xx_hal.c.obj
                0x08002bd8                HAL_Delay
 .text.HAL_SYSCFG_AnalogSwitchConfig
                0x08002c00       0x14 CMakeFiles/CtrBoard-H7_ALL.elf.dir/Drivers/STM32H7xx_HAL_Driver/Src/stm32h7xx_hal.c.obj
                0x08002c00                HAL_SYSCFG_AnalogSwitchConfig
 .text.HAL_NVIC_SetPriorityGrouping
                0x08002c14       0x24 CMakeFiles/CtrBoard-H7_ALL.elf.dir/Drivers/STM32H7xx_HAL_Driver/Src/stm32h7xx_hal_cortex.c.obj
                0x08002c14                HAL_NVIC_SetPriorityGrouping
 .text.HAL_NVIC_SetPriority
                0x08002c38       0x6c CMakeFiles/CtrBoard-H7_ALL.elf.dir/Drivers/STM32H7xx_HAL_Driver/Src/stm32h7xx_hal_cortex.c.obj
                0x08002c38                HAL_NVIC_SetPriority
 .text.HAL_NVIC_EnableIRQ
                0x08002ca4       0x1c CMakeFiles/CtrBoard-H7_ALL.elf.dir/Drivers/STM32H7xx_HAL_Driver/Src/stm32h7xx_hal_cortex.c.obj
                0x08002ca4                HAL_NVIC_EnableIRQ
 .text.DMA_CalcBaseAndBitshift
                0x08002cc0       0xb4 CMakeFiles/CtrBoard-H7_ALL.elf.dir/Drivers/STM32H7xx_HAL_Driver/Src/stm32h7xx_hal_dma.c.obj
 .text.DMA_CheckFifoParam
                0x08002d74       0x92 CMakeFiles/CtrBoard-H7_ALL.elf.dir/Drivers/STM32H7xx_HAL_Driver/Src/stm32h7xx_hal_dma.c.obj
 *fill*         0x08002e06        0x2 
 .text.DMA_CalcDMAMUXChannelBaseAndMask
                0x08002e08       0xb0 CMakeFiles/CtrBoard-H7_ALL.elf.dir/Drivers/STM32H7xx_HAL_Driver/Src/stm32h7xx_hal_dma.c.obj
 .text.DMA_CalcDMAMUXRequestGenBaseAndMask
                0x08002eb8       0x7c CMakeFiles/CtrBoard-H7_ALL.elf.dir/Drivers/STM32H7xx_HAL_Driver/Src/stm32h7xx_hal_dma.c.obj
 .text.HAL_DMA_Init
                0x08002f34      0x394 CMakeFiles/CtrBoard-H7_ALL.elf.dir/Drivers/STM32H7xx_HAL_Driver/Src/stm32h7xx_hal_dma.c.obj
                0x08002f34                HAL_DMA_Init
 .text.HAL_DMA_Abort
                0x080032c8      0x340 CMakeFiles/CtrBoard-H7_ALL.elf.dir/Drivers/STM32H7xx_HAL_Driver/Src/stm32h7xx_hal_dma.c.obj
                0x080032c8                HAL_DMA_Abort
 .text.HAL_DMA_Abort_IT
                0x08003608      0x270 CMakeFiles/CtrBoard-H7_ALL.elf.dir/Drivers/STM32H7xx_HAL_Driver/Src/stm32h7xx_hal_dma.c.obj
                0x08003608                HAL_DMA_Abort_IT
 .text.HAL_DMA_IRQHandler
                0x08003878      0x738 CMakeFiles/CtrBoard-H7_ALL.elf.dir/Drivers/STM32H7xx_HAL_Driver/Src/stm32h7xx_hal_dma.c.obj
                0x08003878                HAL_DMA_IRQHandler
 .text.FDCAN_CalcultateRamBlockAddresses
                0x08003fb0      0x1d4 CMakeFiles/CtrBoard-H7_ALL.elf.dir/Drivers/STM32H7xx_HAL_Driver/Src/stm32h7xx_hal_fdcan.c.obj
 .text.FDCAN_CopyMessageToRAM
                0x08004184       0x8c CMakeFiles/CtrBoard-H7_ALL.elf.dir/Drivers/STM32H7xx_HAL_Driver/Src/stm32h7xx_hal_fdcan.c.obj
 .text.HAL_FDCAN_Init
                0x08004210      0x294 CMakeFiles/CtrBoard-H7_ALL.elf.dir/Drivers/STM32H7xx_HAL_Driver/Src/stm32h7xx_hal_fdcan.c.obj
                0x08004210                HAL_FDCAN_Init
 .text.HAL_FDCAN_ConfigFilter
                0x080044a4       0x88 CMakeFiles/CtrBoard-H7_ALL.elf.dir/Drivers/STM32H7xx_HAL_Driver/Src/stm32h7xx_hal_fdcan.c.obj
                0x080044a4                HAL_FDCAN_ConfigFilter
 .text.HAL_FDCAN_ConfigGlobalFilter
                0x0800452c       0x36 CMakeFiles/CtrBoard-H7_ALL.elf.dir/Drivers/STM32H7xx_HAL_Driver/Src/stm32h7xx_hal_fdcan.c.obj
                0x0800452c                HAL_FDCAN_ConfigGlobalFilter
 .text.HAL_FDCAN_Start
                0x08004562       0x34 CMakeFiles/CtrBoard-H7_ALL.elf.dir/Drivers/STM32H7xx_HAL_Driver/Src/stm32h7xx_hal_fdcan.c.obj
                0x08004562                HAL_FDCAN_Start
 .text.HAL_FDCAN_AddMessageToTxFifoQ
                0x08004596       0x76 CMakeFiles/CtrBoard-H7_ALL.elf.dir/Drivers/STM32H7xx_HAL_Driver/Src/stm32h7xx_hal_fdcan.c.obj
                0x08004596                HAL_FDCAN_AddMessageToTxFifoQ
 .text.HAL_FDCAN_GetRxMessage
                0x0800460c      0x1e8 CMakeFiles/CtrBoard-H7_ALL.elf.dir/Drivers/STM32H7xx_HAL_Driver/Src/stm32h7xx_hal_fdcan.c.obj
                0x0800460c                HAL_FDCAN_GetRxMessage
 .text.HAL_FDCAN_GetRxFifoFillLevel
                0x080047f4       0x1c CMakeFiles/CtrBoard-H7_ALL.elf.dir/Drivers/STM32H7xx_HAL_Driver/Src/stm32h7xx_hal_fdcan.c.obj
                0x080047f4                HAL_FDCAN_GetRxFifoFillLevel
 .text.HAL_FDCAN_GetTxFifoFreeLevel
                0x08004810        0xc CMakeFiles/CtrBoard-H7_ALL.elf.dir/Drivers/STM32H7xx_HAL_Driver/Src/stm32h7xx_hal_fdcan.c.obj
                0x08004810                HAL_FDCAN_GetTxFifoFreeLevel
 .text.HAL_FDCAN_ActivateNotification
                0x0800481c       0x90 CMakeFiles/CtrBoard-H7_ALL.elf.dir/Drivers/STM32H7xx_HAL_Driver/Src/stm32h7xx_hal_fdcan.c.obj
                0x0800481c                HAL_FDCAN_ActivateNotification
 .text.HAL_FDCAN_ClockCalibrationCallback
                0x080048ac        0x2 CMakeFiles/CtrBoard-H7_ALL.elf.dir/Drivers/STM32H7xx_HAL_Driver/Src/stm32h7xx_hal_fdcan.c.obj
                0x080048ac                HAL_FDCAN_ClockCalibrationCallback
 .text.HAL_FDCAN_TxEventFifoCallback
                0x080048ae        0x2 CMakeFiles/CtrBoard-H7_ALL.elf.dir/Drivers/STM32H7xx_HAL_Driver/Src/stm32h7xx_hal_fdcan.c.obj
                0x080048ae                HAL_FDCAN_TxEventFifoCallback
 .text.HAL_FDCAN_TxFifoEmptyCallback
                0x080048b0        0x2 CMakeFiles/CtrBoard-H7_ALL.elf.dir/Drivers/STM32H7xx_HAL_Driver/Src/stm32h7xx_hal_fdcan.c.obj
                0x080048b0                HAL_FDCAN_TxFifoEmptyCallback
 .text.HAL_FDCAN_TxBufferCompleteCallback
                0x080048b2        0x2 CMakeFiles/CtrBoard-H7_ALL.elf.dir/Drivers/STM32H7xx_HAL_Driver/Src/stm32h7xx_hal_fdcan.c.obj
                0x080048b2                HAL_FDCAN_TxBufferCompleteCallback
 .text.HAL_FDCAN_TxBufferAbortCallback
                0x080048b4        0x2 CMakeFiles/CtrBoard-H7_ALL.elf.dir/Drivers/STM32H7xx_HAL_Driver/Src/stm32h7xx_hal_fdcan.c.obj
                0x080048b4                HAL_FDCAN_TxBufferAbortCallback
 .text.HAL_FDCAN_RxBufferNewMessageCallback
                0x080048b6        0x2 CMakeFiles/CtrBoard-H7_ALL.elf.dir/Drivers/STM32H7xx_HAL_Driver/Src/stm32h7xx_hal_fdcan.c.obj
                0x080048b6                HAL_FDCAN_RxBufferNewMessageCallback
 .text.HAL_FDCAN_TimestampWraparoundCallback
                0x080048b8        0x2 CMakeFiles/CtrBoard-H7_ALL.elf.dir/Drivers/STM32H7xx_HAL_Driver/Src/stm32h7xx_hal_fdcan.c.obj
                0x080048b8                HAL_FDCAN_TimestampWraparoundCallback
 .text.HAL_FDCAN_TimeoutOccurredCallback
                0x080048ba        0x2 CMakeFiles/CtrBoard-H7_ALL.elf.dir/Drivers/STM32H7xx_HAL_Driver/Src/stm32h7xx_hal_fdcan.c.obj
                0x080048ba                HAL_FDCAN_TimeoutOccurredCallback
 .text.HAL_FDCAN_HighPriorityMessageCallback
                0x080048bc        0x2 CMakeFiles/CtrBoard-H7_ALL.elf.dir/Drivers/STM32H7xx_HAL_Driver/Src/stm32h7xx_hal_fdcan.c.obj
                0x080048bc                HAL_FDCAN_HighPriorityMessageCallback
 .text.HAL_FDCAN_ErrorCallback
                0x080048be        0x2 CMakeFiles/CtrBoard-H7_ALL.elf.dir/Drivers/STM32H7xx_HAL_Driver/Src/stm32h7xx_hal_fdcan.c.obj
                0x080048be                HAL_FDCAN_ErrorCallback
 .text.HAL_FDCAN_ErrorStatusCallback
                0x080048c0        0x2 CMakeFiles/CtrBoard-H7_ALL.elf.dir/Drivers/STM32H7xx_HAL_Driver/Src/stm32h7xx_hal_fdcan.c.obj
                0x080048c0                HAL_FDCAN_ErrorStatusCallback
 .text.HAL_FDCAN_TT_ScheduleSyncCallback
                0x080048c2        0x2 CMakeFiles/CtrBoard-H7_ALL.elf.dir/Drivers/STM32H7xx_HAL_Driver/Src/stm32h7xx_hal_fdcan.c.obj
                0x080048c2                HAL_FDCAN_TT_ScheduleSyncCallback
 .text.HAL_FDCAN_TT_TimeMarkCallback
                0x080048c4        0x2 CMakeFiles/CtrBoard-H7_ALL.elf.dir/Drivers/STM32H7xx_HAL_Driver/Src/stm32h7xx_hal_fdcan.c.obj
                0x080048c4                HAL_FDCAN_TT_TimeMarkCallback
 .text.HAL_FDCAN_TT_StopWatchCallback
                0x080048c6        0x2 CMakeFiles/CtrBoard-H7_ALL.elf.dir/Drivers/STM32H7xx_HAL_Driver/Src/stm32h7xx_hal_fdcan.c.obj
                0x080048c6                HAL_FDCAN_TT_StopWatchCallback
 .text.HAL_FDCAN_TT_GlobalTimeCallback
                0x080048c8        0x2 CMakeFiles/CtrBoard-H7_ALL.elf.dir/Drivers/STM32H7xx_HAL_Driver/Src/stm32h7xx_hal_fdcan.c.obj
                0x080048c8                HAL_FDCAN_TT_GlobalTimeCallback
 *fill*         0x080048ca        0x2 
 .text.HAL_FDCAN_IRQHandler
                0x080048cc      0x31c CMakeFiles/CtrBoard-H7_ALL.elf.dir/Drivers/STM32H7xx_HAL_Driver/Src/stm32h7xx_hal_fdcan.c.obj
                0x080048cc                HAL_FDCAN_IRQHandler
 .text.HAL_GPIO_Init
                0x08004be8      0x214 CMakeFiles/CtrBoard-H7_ALL.elf.dir/Drivers/STM32H7xx_HAL_Driver/Src/stm32h7xx_hal_gpio.c.obj
                0x08004be8                HAL_GPIO_Init
 .text.HAL_GPIO_WritePin
                0x08004dfc        0xc CMakeFiles/CtrBoard-H7_ALL.elf.dir/Drivers/STM32H7xx_HAL_Driver/Src/stm32h7xx_hal_gpio.c.obj
                0x08004dfc                HAL_GPIO_WritePin
 .text.PCD_WriteEmptyTxFifo
                0x08004e08       0xd0 CMakeFiles/CtrBoard-H7_ALL.elf.dir/Drivers/STM32H7xx_HAL_Driver/Src/stm32h7xx_hal_pcd.c.obj
 .text.HAL_PCD_Init
                0x08004ed8      0x102 CMakeFiles/CtrBoard-H7_ALL.elf.dir/Drivers/STM32H7xx_HAL_Driver/Src/stm32h7xx_hal_pcd.c.obj
                0x08004ed8                HAL_PCD_Init
 .text.HAL_PCD_Start
                0x08004fda       0x44 CMakeFiles/CtrBoard-H7_ALL.elf.dir/Drivers/STM32H7xx_HAL_Driver/Src/stm32h7xx_hal_pcd.c.obj
                0x08004fda                HAL_PCD_Start
 *fill*         0x0800501e        0x2 
 .text.PCD_EP_OutXfrComplete_int
                0x08005020      0x104 CMakeFiles/CtrBoard-H7_ALL.elf.dir/Drivers/STM32H7xx_HAL_Driver/Src/stm32h7xx_hal_pcd.c.obj
 .text.PCD_EP_OutSetupPacket_int
                0x08005124       0x50 CMakeFiles/CtrBoard-H7_ALL.elf.dir/Drivers/STM32H7xx_HAL_Driver/Src/stm32h7xx_hal_pcd.c.obj
 .text.HAL_PCD_SetAddress
                0x08005174       0x26 CMakeFiles/CtrBoard-H7_ALL.elf.dir/Drivers/STM32H7xx_HAL_Driver/Src/stm32h7xx_hal_pcd.c.obj
                0x08005174                HAL_PCD_SetAddress
 .text.HAL_PCD_EP_Open
                0x0800519a       0x8c CMakeFiles/CtrBoard-H7_ALL.elf.dir/Drivers/STM32H7xx_HAL_Driver/Src/stm32h7xx_hal_pcd.c.obj
                0x0800519a                HAL_PCD_EP_Open
 .text.HAL_PCD_EP_Close
                0x08005226       0x70 CMakeFiles/CtrBoard-H7_ALL.elf.dir/Drivers/STM32H7xx_HAL_Driver/Src/stm32h7xx_hal_pcd.c.obj
                0x08005226                HAL_PCD_EP_Close
 .text.HAL_PCD_EP_Receive
                0x08005296       0x4a CMakeFiles/CtrBoard-H7_ALL.elf.dir/Drivers/STM32H7xx_HAL_Driver/Src/stm32h7xx_hal_pcd.c.obj
                0x08005296                HAL_PCD_EP_Receive
 .text.HAL_PCD_EP_GetRxCount
                0x080052e0       0x12 CMakeFiles/CtrBoard-H7_ALL.elf.dir/Drivers/STM32H7xx_HAL_Driver/Src/stm32h7xx_hal_pcd.c.obj
                0x080052e0                HAL_PCD_EP_GetRxCount
 .text.HAL_PCD_EP_Transmit
                0x080052f2       0x4a CMakeFiles/CtrBoard-H7_ALL.elf.dir/Drivers/STM32H7xx_HAL_Driver/Src/stm32h7xx_hal_pcd.c.obj
                0x080052f2                HAL_PCD_EP_Transmit
 .text.HAL_PCD_EP_SetStall
                0x0800533c       0x86 CMakeFiles/CtrBoard-H7_ALL.elf.dir/Drivers/STM32H7xx_HAL_Driver/Src/stm32h7xx_hal_pcd.c.obj
                0x0800533c                HAL_PCD_EP_SetStall
 .text.HAL_PCD_EP_ClrStall
                0x080053c2       0x74 CMakeFiles/CtrBoard-H7_ALL.elf.dir/Drivers/STM32H7xx_HAL_Driver/Src/stm32h7xx_hal_pcd.c.obj
                0x080053c2                HAL_PCD_EP_ClrStall
 .text.HAL_PCD_EP_Abort
                0x08005436       0x34 CMakeFiles/CtrBoard-H7_ALL.elf.dir/Drivers/STM32H7xx_HAL_Driver/Src/stm32h7xx_hal_pcd.c.obj
                0x08005436                HAL_PCD_EP_Abort
 .text.HAL_PCD_IRQHandler
                0x0800546a      0x5fc CMakeFiles/CtrBoard-H7_ALL.elf.dir/Drivers/STM32H7xx_HAL_Driver/Src/stm32h7xx_hal_pcd.c.obj
                0x0800546a                HAL_PCD_IRQHandler
 .text.HAL_PCDEx_SetTxFiFo
                0x08005a66       0x4c CMakeFiles/CtrBoard-H7_ALL.elf.dir/Drivers/STM32H7xx_HAL_Driver/Src/stm32h7xx_hal_pcd_ex.c.obj
                0x08005a66                HAL_PCDEx_SetTxFiFo
 .text.HAL_PCDEx_SetRxFiFo
                0x08005ab2        0x8 CMakeFiles/CtrBoard-H7_ALL.elf.dir/Drivers/STM32H7xx_HAL_Driver/Src/stm32h7xx_hal_pcd_ex.c.obj
                0x08005ab2                HAL_PCDEx_SetRxFiFo
 *fill*         0x08005aba        0x2 
 .text.HAL_PCDEx_ActivateLPM
                0x08005abc       0x28 CMakeFiles/CtrBoard-H7_ALL.elf.dir/Drivers/STM32H7xx_HAL_Driver/Src/stm32h7xx_hal_pcd_ex.c.obj
                0x08005abc                HAL_PCDEx_ActivateLPM
 .text.HAL_PCDEx_LPM_Callback
                0x08005ae4        0x2 CMakeFiles/CtrBoard-H7_ALL.elf.dir/Drivers/STM32H7xx_HAL_Driver/Src/stm32h7xx_hal_pcd_ex.c.obj
                0x08005ae4                HAL_PCDEx_LPM_Callback
 *fill*         0x08005ae6        0x2 
 .text.HAL_PWREx_ConfigSupply
                0x08005ae8       0x54 CMakeFiles/CtrBoard-H7_ALL.elf.dir/Drivers/STM32H7xx_HAL_Driver/Src/stm32h7xx_hal_pwr_ex.c.obj
                0x08005ae8                HAL_PWREx_ConfigSupply
 .text.HAL_PWREx_EnableUSBVoltageDetector
                0x08005b3c       0x10 CMakeFiles/CtrBoard-H7_ALL.elf.dir/Drivers/STM32H7xx_HAL_Driver/Src/stm32h7xx_hal_pwr_ex.c.obj
                0x08005b3c                HAL_PWREx_EnableUSBVoltageDetector
 .text.HAL_RCC_OscConfig
                0x08005b4c      0x5ec CMakeFiles/CtrBoard-H7_ALL.elf.dir/Drivers/STM32H7xx_HAL_Driver/Src/stm32h7xx_hal_rcc.c.obj
                0x08005b4c                HAL_RCC_OscConfig
 .text.HAL_RCC_GetSysClockFreq
                0x08006138      0x1f4 CMakeFiles/CtrBoard-H7_ALL.elf.dir/Drivers/STM32H7xx_HAL_Driver/Src/stm32h7xx_hal_rcc.c.obj
                0x08006138                HAL_RCC_GetSysClockFreq
 .text.HAL_RCC_ClockConfig
                0x0800632c      0x294 CMakeFiles/CtrBoard-H7_ALL.elf.dir/Drivers/STM32H7xx_HAL_Driver/Src/stm32h7xx_hal_rcc.c.obj
                0x0800632c                HAL_RCC_ClockConfig
 .text.HAL_RCC_GetHCLKFreq
                0x080065c0       0x44 CMakeFiles/CtrBoard-H7_ALL.elf.dir/Drivers/STM32H7xx_HAL_Driver/Src/stm32h7xx_hal_rcc.c.obj
                0x080065c0                HAL_RCC_GetHCLKFreq
 .text.HAL_RCC_GetPCLK1Freq
                0x08006604       0x24 CMakeFiles/CtrBoard-H7_ALL.elf.dir/Drivers/STM32H7xx_HAL_Driver/Src/stm32h7xx_hal_rcc.c.obj
                0x08006604                HAL_RCC_GetPCLK1Freq
 .text.HAL_RCC_GetPCLK2Freq
                0x08006628       0x24 CMakeFiles/CtrBoard-H7_ALL.elf.dir/Drivers/STM32H7xx_HAL_Driver/Src/stm32h7xx_hal_rcc.c.obj
                0x08006628                HAL_RCC_GetPCLK2Freq
 .text.HAL_RCC_GetClockConfig
                0x0800664c       0x54 CMakeFiles/CtrBoard-H7_ALL.elf.dir/Drivers/STM32H7xx_HAL_Driver/Src/stm32h7xx_hal_rcc.c.obj
                0x0800664c                HAL_RCC_GetClockConfig
 .text.RCCEx_PLL2_Config
                0x080066a0      0x10c CMakeFiles/CtrBoard-H7_ALL.elf.dir/Drivers/STM32H7xx_HAL_Driver/Src/stm32h7xx_hal_rcc_ex.c.obj
 .text.RCCEx_PLL3_Config
                0x080067ac      0x10c CMakeFiles/CtrBoard-H7_ALL.elf.dir/Drivers/STM32H7xx_HAL_Driver/Src/stm32h7xx_hal_rcc_ex.c.obj
 .text.HAL_RCCEx_PeriphCLKConfig
                0x080068b8      0xa0c CMakeFiles/CtrBoard-H7_ALL.elf.dir/Drivers/STM32H7xx_HAL_Driver/Src/stm32h7xx_hal_rcc_ex.c.obj
                0x080068b8                HAL_RCCEx_PeriphCLKConfig
 .text.HAL_RCCEx_GetD3PCLK1Freq
                0x080072c4       0x24 CMakeFiles/CtrBoard-H7_ALL.elf.dir/Drivers/STM32H7xx_HAL_Driver/Src/stm32h7xx_hal_rcc_ex.c.obj
                0x080072c4                HAL_RCCEx_GetD3PCLK1Freq
 .text.HAL_RCCEx_GetPLL2ClockFreq
                0x080072e8      0x1f8 CMakeFiles/CtrBoard-H7_ALL.elf.dir/Drivers/STM32H7xx_HAL_Driver/Src/stm32h7xx_hal_rcc_ex.c.obj
                0x080072e8                HAL_RCCEx_GetPLL2ClockFreq
 .text.HAL_RCCEx_GetPLL3ClockFreq
                0x080074e0      0x1f8 CMakeFiles/CtrBoard-H7_ALL.elf.dir/Drivers/STM32H7xx_HAL_Driver/Src/stm32h7xx_hal_rcc_ex.c.obj
                0x080074e0                HAL_RCCEx_GetPLL3ClockFreq
 .text.SPI_CloseTransfer
                0x080076d8       0xd0 CMakeFiles/CtrBoard-H7_ALL.elf.dir/Drivers/STM32H7xx_HAL_Driver/Src/stm32h7xx_hal_spi.c.obj
 .text.SPI_GetPacketSize
                0x080077a8       0x10 CMakeFiles/CtrBoard-H7_ALL.elf.dir/Drivers/STM32H7xx_HAL_Driver/Src/stm32h7xx_hal_spi.c.obj
 .text.SPI_WaitOnFlagUntilTimeout
                0x080077b8       0x46 CMakeFiles/CtrBoard-H7_ALL.elf.dir/Drivers/STM32H7xx_HAL_Driver/Src/stm32h7xx_hal_spi.c.obj
 *fill*         0x080077fe        0x2 
 .text.HAL_SPI_Init
                0x08007800      0x190 CMakeFiles/CtrBoard-H7_ALL.elf.dir/Drivers/STM32H7xx_HAL_Driver/Src/stm32h7xx_hal_spi.c.obj
                0x08007800                HAL_SPI_Init
 .text.HAL_SPI_Transmit
                0x08007990      0x2c4 CMakeFiles/CtrBoard-H7_ALL.elf.dir/Drivers/STM32H7xx_HAL_Driver/Src/stm32h7xx_hal_spi.c.obj
                0x08007990                HAL_SPI_Transmit
 .text.HAL_SPI_TransmitReceive
                0x08007c54      0x494 CMakeFiles/CtrBoard-H7_ALL.elf.dir/Drivers/STM32H7xx_HAL_Driver/Src/stm32h7xx_hal_spi.c.obj
                0x08007c54                HAL_SPI_TransmitReceive
 .text.HAL_SPI_TxCpltCallback
                0x080080e8        0x2 CMakeFiles/CtrBoard-H7_ALL.elf.dir/Drivers/STM32H7xx_HAL_Driver/Src/stm32h7xx_hal_spi.c.obj
                0x080080e8                HAL_SPI_TxCpltCallback
 .text.HAL_SPI_RxCpltCallback
                0x080080ea        0x2 CMakeFiles/CtrBoard-H7_ALL.elf.dir/Drivers/STM32H7xx_HAL_Driver/Src/stm32h7xx_hal_spi.c.obj
                0x080080ea                HAL_SPI_RxCpltCallback
 .text.HAL_SPI_TxRxCpltCallback
                0x080080ec        0x2 CMakeFiles/CtrBoard-H7_ALL.elf.dir/Drivers/STM32H7xx_HAL_Driver/Src/stm32h7xx_hal_spi.c.obj
                0x080080ec                HAL_SPI_TxRxCpltCallback
 .text.HAL_SPI_ErrorCallback
                0x080080ee        0x2 CMakeFiles/CtrBoard-H7_ALL.elf.dir/Drivers/STM32H7xx_HAL_Driver/Src/stm32h7xx_hal_spi.c.obj
                0x080080ee                HAL_SPI_ErrorCallback
 .text.SPI_DMAAbortOnError
                0x080080f0       0x1a CMakeFiles/CtrBoard-H7_ALL.elf.dir/Drivers/STM32H7xx_HAL_Driver/Src/stm32h7xx_hal_spi.c.obj
 .text.HAL_SPI_SuspendCallback
                0x0800810a        0x2 CMakeFiles/CtrBoard-H7_ALL.elf.dir/Drivers/STM32H7xx_HAL_Driver/Src/stm32h7xx_hal_spi.c.obj
                0x0800810a                HAL_SPI_SuspendCallback
 .text.HAL_SPI_IRQHandler
                0x0800810c      0x240 CMakeFiles/CtrBoard-H7_ALL.elf.dir/Drivers/STM32H7xx_HAL_Driver/Src/stm32h7xx_hal_spi.c.obj
                0x0800810c                HAL_SPI_IRQHandler
 .text.TIM_OC1_SetConfig
                0x0800834c       0xa8 CMakeFiles/CtrBoard-H7_ALL.elf.dir/Drivers/STM32H7xx_HAL_Driver/Src/stm32h7xx_hal_tim.c.obj
 .text.TIM_OC3_SetConfig
                0x080083f4       0x94 CMakeFiles/CtrBoard-H7_ALL.elf.dir/Drivers/STM32H7xx_HAL_Driver/Src/stm32h7xx_hal_tim.c.obj
 .text.TIM_OC4_SetConfig
                0x08008488       0x74 CMakeFiles/CtrBoard-H7_ALL.elf.dir/Drivers/STM32H7xx_HAL_Driver/Src/stm32h7xx_hal_tim.c.obj
 .text.TIM_OC5_SetConfig
                0x080084fc       0x74 CMakeFiles/CtrBoard-H7_ALL.elf.dir/Drivers/STM32H7xx_HAL_Driver/Src/stm32h7xx_hal_tim.c.obj
 .text.TIM_OC6_SetConfig
                0x08008570       0x74 CMakeFiles/CtrBoard-H7_ALL.elf.dir/Drivers/STM32H7xx_HAL_Driver/Src/stm32h7xx_hal_tim.c.obj
 .text.TIM_TI1_ConfigInputStage
                0x080085e4       0x26 CMakeFiles/CtrBoard-H7_ALL.elf.dir/Drivers/STM32H7xx_HAL_Driver/Src/stm32h7xx_hal_tim.c.obj
 .text.TIM_TI2_ConfigInputStage
                0x0800860a       0x28 CMakeFiles/CtrBoard-H7_ALL.elf.dir/Drivers/STM32H7xx_HAL_Driver/Src/stm32h7xx_hal_tim.c.obj
 *fill*         0x08008632        0x2 
 .text.TIM_ITRx_SetConfig
                0x08008634       0x14 CMakeFiles/CtrBoard-H7_ALL.elf.dir/Drivers/STM32H7xx_HAL_Driver/Src/stm32h7xx_hal_tim.c.obj
 .text.HAL_TIM_Base_Start_IT
                0x08008648       0xa0 CMakeFiles/CtrBoard-H7_ALL.elf.dir/Drivers/STM32H7xx_HAL_Driver/Src/stm32h7xx_hal_tim.c.obj
                0x08008648                HAL_TIM_Base_Start_IT
 .text.HAL_TIM_OC_DelayElapsedCallback
                0x080086e8        0x2 CMakeFiles/CtrBoard-H7_ALL.elf.dir/Drivers/STM32H7xx_HAL_Driver/Src/stm32h7xx_hal_tim.c.obj
                0x080086e8                HAL_TIM_OC_DelayElapsedCallback
 .text.HAL_TIM_IC_CaptureCallback
                0x080086ea        0x2 CMakeFiles/CtrBoard-H7_ALL.elf.dir/Drivers/STM32H7xx_HAL_Driver/Src/stm32h7xx_hal_tim.c.obj
                0x080086ea                HAL_TIM_IC_CaptureCallback
 .text.HAL_TIM_PWM_PulseFinishedCallback
                0x080086ec        0x2 CMakeFiles/CtrBoard-H7_ALL.elf.dir/Drivers/STM32H7xx_HAL_Driver/Src/stm32h7xx_hal_tim.c.obj
                0x080086ec                HAL_TIM_PWM_PulseFinishedCallback
 .text.HAL_TIM_TriggerCallback
                0x080086ee        0x2 CMakeFiles/CtrBoard-H7_ALL.elf.dir/Drivers/STM32H7xx_HAL_Driver/Src/stm32h7xx_hal_tim.c.obj
                0x080086ee                HAL_TIM_TriggerCallback
 .text.HAL_TIM_IRQHandler
                0x080086f0      0x17a CMakeFiles/CtrBoard-H7_ALL.elf.dir/Drivers/STM32H7xx_HAL_Driver/Src/stm32h7xx_hal_tim.c.obj
                0x080086f0                HAL_TIM_IRQHandler
 *fill*         0x0800886a        0x2 
 .text.TIM_Base_SetConfig
                0x0800886c      0x120 CMakeFiles/CtrBoard-H7_ALL.elf.dir/Drivers/STM32H7xx_HAL_Driver/Src/stm32h7xx_hal_tim.c.obj
                0x0800886c                TIM_Base_SetConfig
 .text.HAL_TIM_Base_Init
                0x0800898c       0x60 CMakeFiles/CtrBoard-H7_ALL.elf.dir/Drivers/STM32H7xx_HAL_Driver/Src/stm32h7xx_hal_tim.c.obj
                0x0800898c                HAL_TIM_Base_Init
 .text.HAL_TIM_PWM_Init
                0x080089ec       0x60 CMakeFiles/CtrBoard-H7_ALL.elf.dir/Drivers/STM32H7xx_HAL_Driver/Src/stm32h7xx_hal_tim.c.obj
                0x080089ec                HAL_TIM_PWM_Init
 .text.TIM_OC2_SetConfig
                0x08008a4c       0x94 CMakeFiles/CtrBoard-H7_ALL.elf.dir/Drivers/STM32H7xx_HAL_Driver/Src/stm32h7xx_hal_tim.c.obj
                0x08008a4c                TIM_OC2_SetConfig
 .text.HAL_TIM_PWM_ConfigChannel
                0x08008ae0      0x13a CMakeFiles/CtrBoard-H7_ALL.elf.dir/Drivers/STM32H7xx_HAL_Driver/Src/stm32h7xx_hal_tim.c.obj
                0x08008ae0                HAL_TIM_PWM_ConfigChannel
 .text.TIM_ETR_SetConfig
                0x08008c1a       0x1a CMakeFiles/CtrBoard-H7_ALL.elf.dir/Drivers/STM32H7xx_HAL_Driver/Src/stm32h7xx_hal_tim.c.obj
                0x08008c1a                TIM_ETR_SetConfig
 .text.HAL_TIM_ConfigClockSource
                0x08008c34      0x138 CMakeFiles/CtrBoard-H7_ALL.elf.dir/Drivers/STM32H7xx_HAL_Driver/Src/stm32h7xx_hal_tim.c.obj
                0x08008c34                HAL_TIM_ConfigClockSource
 .text.TIM_CCxChannelCmd
                0x08008d6c       0x1e CMakeFiles/CtrBoard-H7_ALL.elf.dir/Drivers/STM32H7xx_HAL_Driver/Src/stm32h7xx_hal_tim.c.obj
                0x08008d6c                TIM_CCxChannelCmd
 *fill*         0x08008d8a        0x2 
 .text.HAL_TIM_PWM_Start
                0x08008d8c      0x178 CMakeFiles/CtrBoard-H7_ALL.elf.dir/Drivers/STM32H7xx_HAL_Driver/Src/stm32h7xx_hal_tim.c.obj
                0x08008d8c                HAL_TIM_PWM_Start
 .text.HAL_TIMEx_MasterConfigSynchronization
                0x08008f04       0xb0 CMakeFiles/CtrBoard-H7_ALL.elf.dir/Drivers/STM32H7xx_HAL_Driver/Src/stm32h7xx_hal_tim_ex.c.obj
                0x08008f04                HAL_TIMEx_MasterConfigSynchronization
 .text.HAL_TIMEx_CommutCallback
                0x08008fb4        0x2 CMakeFiles/CtrBoard-H7_ALL.elf.dir/Drivers/STM32H7xx_HAL_Driver/Src/stm32h7xx_hal_tim_ex.c.obj
                0x08008fb4                HAL_TIMEx_CommutCallback
 .text.HAL_TIMEx_BreakCallback
                0x08008fb6        0x2 CMakeFiles/CtrBoard-H7_ALL.elf.dir/Drivers/STM32H7xx_HAL_Driver/Src/stm32h7xx_hal_tim_ex.c.obj
                0x08008fb6                HAL_TIMEx_BreakCallback
 .text.HAL_TIMEx_Break2Callback
                0x08008fb8        0x2 CMakeFiles/CtrBoard-H7_ALL.elf.dir/Drivers/STM32H7xx_HAL_Driver/Src/stm32h7xx_hal_tim_ex.c.obj
                0x08008fb8                HAL_TIMEx_Break2Callback
 *fill*         0x08008fba        0x2 
 .text.UART_EndRxTransfer
                0x08008fbc       0x58 CMakeFiles/CtrBoard-H7_ALL.elf.dir/Drivers/STM32H7xx_HAL_Driver/Src/stm32h7xx_hal_uart.c.obj
 .text.HAL_UART_TxCpltCallback
                0x08009014        0x2 CMakeFiles/CtrBoard-H7_ALL.elf.dir/Drivers/STM32H7xx_HAL_Driver/Src/stm32h7xx_hal_uart.c.obj
                0x08009014                HAL_UART_TxCpltCallback
 .text.UART_EndTransmit_IT
                0x08009016       0x24 CMakeFiles/CtrBoard-H7_ALL.elf.dir/Drivers/STM32H7xx_HAL_Driver/Src/stm32h7xx_hal_uart.c.obj
 .text.HAL_UART_ErrorCallback
                0x0800903a        0x2 CMakeFiles/CtrBoard-H7_ALL.elf.dir/Drivers/STM32H7xx_HAL_Driver/Src/stm32h7xx_hal_uart.c.obj
                0x0800903a                HAL_UART_ErrorCallback
 .text.UART_DMAAbortOnError
                0x0800903c       0x10 CMakeFiles/CtrBoard-H7_ALL.elf.dir/Drivers/STM32H7xx_HAL_Driver/Src/stm32h7xx_hal_uart.c.obj
 .text.HAL_UART_IRQHandler
                0x0800904c      0x3d4 CMakeFiles/CtrBoard-H7_ALL.elf.dir/Drivers/STM32H7xx_HAL_Driver/Src/stm32h7xx_hal_uart.c.obj
                0x0800904c                HAL_UART_IRQHandler
 .text.UART_SetConfig
                0x08009420      0x6bc CMakeFiles/CtrBoard-H7_ALL.elf.dir/Drivers/STM32H7xx_HAL_Driver/Src/stm32h7xx_hal_uart.c.obj
                0x08009420                UART_SetConfig
 .text.UART_AdvFeatureConfig
                0x08009adc       0xca CMakeFiles/CtrBoard-H7_ALL.elf.dir/Drivers/STM32H7xx_HAL_Driver/Src/stm32h7xx_hal_uart.c.obj
                0x08009adc                UART_AdvFeatureConfig
 .text.UART_WaitOnFlagUntilTimeout
                0x08009ba6       0xaa CMakeFiles/CtrBoard-H7_ALL.elf.dir/Drivers/STM32H7xx_HAL_Driver/Src/stm32h7xx_hal_uart.c.obj
                0x08009ba6                UART_WaitOnFlagUntilTimeout
 .text.UART_CheckIdleState
                0x08009c50       0xca CMakeFiles/CtrBoard-H7_ALL.elf.dir/Drivers/STM32H7xx_HAL_Driver/Src/stm32h7xx_hal_uart.c.obj
                0x08009c50                UART_CheckIdleState
 .text.HAL_UART_Init
                0x08009d1a       0x66 CMakeFiles/CtrBoard-H7_ALL.elf.dir/Drivers/STM32H7xx_HAL_Driver/Src/stm32h7xx_hal_uart.c.obj
                0x08009d1a                HAL_UART_Init
 .text.UARTEx_SetNbDataToProcess
                0x08009d80       0x4c CMakeFiles/CtrBoard-H7_ALL.elf.dir/Drivers/STM32H7xx_HAL_Driver/Src/stm32h7xx_hal_uart_ex.c.obj
 .text.HAL_UARTEx_WakeupCallback
                0x08009dcc        0x2 CMakeFiles/CtrBoard-H7_ALL.elf.dir/Drivers/STM32H7xx_HAL_Driver/Src/stm32h7xx_hal_uart_ex.c.obj
                0x08009dcc                HAL_UARTEx_WakeupCallback
 .text.HAL_UARTEx_RxFifoFullCallback
                0x08009dce        0x2 CMakeFiles/CtrBoard-H7_ALL.elf.dir/Drivers/STM32H7xx_HAL_Driver/Src/stm32h7xx_hal_uart_ex.c.obj
                0x08009dce                HAL_UARTEx_RxFifoFullCallback
 .text.HAL_UARTEx_TxFifoEmptyCallback
                0x08009dd0        0x2 CMakeFiles/CtrBoard-H7_ALL.elf.dir/Drivers/STM32H7xx_HAL_Driver/Src/stm32h7xx_hal_uart_ex.c.obj
                0x08009dd0                HAL_UARTEx_TxFifoEmptyCallback
 .text.HAL_UARTEx_DisableFifoMode
                0x08009dd2       0x3e CMakeFiles/CtrBoard-H7_ALL.elf.dir/Drivers/STM32H7xx_HAL_Driver/Src/stm32h7xx_hal_uart_ex.c.obj
                0x08009dd2                HAL_UARTEx_DisableFifoMode
 .text.HAL_UARTEx_SetTxFifoThreshold
                0x08009e10       0x4a CMakeFiles/CtrBoard-H7_ALL.elf.dir/Drivers/STM32H7xx_HAL_Driver/Src/stm32h7xx_hal_uart_ex.c.obj
                0x08009e10                HAL_UARTEx_SetTxFifoThreshold
 .text.HAL_UARTEx_SetRxFifoThreshold
                0x08009e5a       0x4a CMakeFiles/CtrBoard-H7_ALL.elf.dir/Drivers/STM32H7xx_HAL_Driver/Src/stm32h7xx_hal_uart_ex.c.obj
                0x08009e5a                HAL_UARTEx_SetRxFifoThreshold
 .text.USB_CoreReset
                0x08009ea4       0x4a CMakeFiles/CtrBoard-H7_ALL.elf.dir/Drivers/STM32H7xx_HAL_Driver/Src/stm32h7xx_ll_usb.c.obj
 *fill*         0x08009eee        0x2 
 .text.USB_CoreInit
                0x08009ef0       0xa4 CMakeFiles/CtrBoard-H7_ALL.elf.dir/Drivers/STM32H7xx_HAL_Driver/Src/stm32h7xx_ll_usb.c.obj
                0x08009ef0                USB_CoreInit
 .text.USB_SetTurnaroundTime
                0x08009f94       0xe4 CMakeFiles/CtrBoard-H7_ALL.elf.dir/Drivers/STM32H7xx_HAL_Driver/Src/stm32h7xx_ll_usb.c.obj
                0x08009f94                USB_SetTurnaroundTime
 .text.USB_EnableGlobalInt
                0x0800a078        0xc CMakeFiles/CtrBoard-H7_ALL.elf.dir/Drivers/STM32H7xx_HAL_Driver/Src/stm32h7xx_ll_usb.c.obj
                0x0800a078                USB_EnableGlobalInt
 .text.USB_DisableGlobalInt
                0x0800a084        0xc CMakeFiles/CtrBoard-H7_ALL.elf.dir/Drivers/STM32H7xx_HAL_Driver/Src/stm32h7xx_ll_usb.c.obj
                0x0800a084                USB_DisableGlobalInt
 .text.USB_FlushTxFifo
                0x0800a090       0x4a CMakeFiles/CtrBoard-H7_ALL.elf.dir/Drivers/STM32H7xx_HAL_Driver/Src/stm32h7xx_ll_usb.c.obj
                0x0800a090                USB_FlushTxFifo
 .text.USB_FlushRxFifo
                0x0800a0da       0x46 CMakeFiles/CtrBoard-H7_ALL.elf.dir/Drivers/STM32H7xx_HAL_Driver/Src/stm32h7xx_ll_usb.c.obj
                0x0800a0da                USB_FlushRxFifo
 .text.USB_SetDevSpeed
                0x0800a120        0xe CMakeFiles/CtrBoard-H7_ALL.elf.dir/Drivers/STM32H7xx_HAL_Driver/Src/stm32h7xx_ll_usb.c.obj
                0x0800a120                USB_SetDevSpeed
 *fill*         0x0800a12e        0x2 
 .text.USB_DevInit
                0x0800a130      0x18c CMakeFiles/CtrBoard-H7_ALL.elf.dir/Drivers/STM32H7xx_HAL_Driver/Src/stm32h7xx_ll_usb.c.obj
                0x0800a130                USB_DevInit
 .text.USB_GetDevSpeed
                0x0800a2bc       0x1e CMakeFiles/CtrBoard-H7_ALL.elf.dir/Drivers/STM32H7xx_HAL_Driver/Src/stm32h7xx_ll_usb.c.obj
                0x0800a2bc                USB_GetDevSpeed
 *fill*         0x0800a2da        0x2 
 .text.USB_ActivateEndpoint
                0x0800a2dc       0x9c CMakeFiles/CtrBoard-H7_ALL.elf.dir/Drivers/STM32H7xx_HAL_Driver/Src/stm32h7xx_ll_usb.c.obj
                0x0800a2dc                USB_ActivateEndpoint
 .text.USB_DeactivateEndpoint
                0x0800a378       0xe0 CMakeFiles/CtrBoard-H7_ALL.elf.dir/Drivers/STM32H7xx_HAL_Driver/Src/stm32h7xx_ll_usb.c.obj
                0x0800a378                USB_DeactivateEndpoint
 .text.USB_EPStopXfer
                0x0800a458       0xbe CMakeFiles/CtrBoard-H7_ALL.elf.dir/Drivers/STM32H7xx_HAL_Driver/Src/stm32h7xx_ll_usb.c.obj
                0x0800a458                USB_EPStopXfer
 .text.USB_WritePacket
                0x0800a516       0x2e CMakeFiles/CtrBoard-H7_ALL.elf.dir/Drivers/STM32H7xx_HAL_Driver/Src/stm32h7xx_ll_usb.c.obj
                0x0800a516                USB_WritePacket
 .text.USB_EPStartXfer
                0x0800a544      0x248 CMakeFiles/CtrBoard-H7_ALL.elf.dir/Drivers/STM32H7xx_HAL_Driver/Src/stm32h7xx_ll_usb.c.obj
                0x0800a544                USB_EPStartXfer
 .text.USB_ReadPacket
                0x0800a78c       0x54 CMakeFiles/CtrBoard-H7_ALL.elf.dir/Drivers/STM32H7xx_HAL_Driver/Src/stm32h7xx_ll_usb.c.obj
                0x0800a78c                USB_ReadPacket
 .text.USB_EPSetStall
                0x0800a7e0       0x5a CMakeFiles/CtrBoard-H7_ALL.elf.dir/Drivers/STM32H7xx_HAL_Driver/Src/stm32h7xx_ll_usb.c.obj
                0x0800a7e0                USB_EPSetStall
 .text.USB_EPClearStall
                0x0800a83a       0x5c CMakeFiles/CtrBoard-H7_ALL.elf.dir/Drivers/STM32H7xx_HAL_Driver/Src/stm32h7xx_ll_usb.c.obj
                0x0800a83a                USB_EPClearStall
 .text.USB_SetDevAddress
                0x0800a896       0x20 CMakeFiles/CtrBoard-H7_ALL.elf.dir/Drivers/STM32H7xx_HAL_Driver/Src/stm32h7xx_ll_usb.c.obj
                0x0800a896                USB_SetDevAddress
 .text.USB_DevConnect
                0x0800a8b6       0x1c CMakeFiles/CtrBoard-H7_ALL.elf.dir/Drivers/STM32H7xx_HAL_Driver/Src/stm32h7xx_ll_usb.c.obj
                0x0800a8b6                USB_DevConnect
 .text.USB_DevDisconnect
                0x0800a8d2       0x1c CMakeFiles/CtrBoard-H7_ALL.elf.dir/Drivers/STM32H7xx_HAL_Driver/Src/stm32h7xx_ll_usb.c.obj
                0x0800a8d2                USB_DevDisconnect
 .text.USB_ReadInterrupts
                0x0800a8ee        0x8 CMakeFiles/CtrBoard-H7_ALL.elf.dir/Drivers/STM32H7xx_HAL_Driver/Src/stm32h7xx_ll_usb.c.obj
                0x0800a8ee                USB_ReadInterrupts
 .text.USB_ReadDevAllOutEpInterrupt
                0x0800a8f6       0x10 CMakeFiles/CtrBoard-H7_ALL.elf.dir/Drivers/STM32H7xx_HAL_Driver/Src/stm32h7xx_ll_usb.c.obj
                0x0800a8f6                USB_ReadDevAllOutEpInterrupt
 .text.USB_ReadDevAllInEpInterrupt
                0x0800a906       0x10 CMakeFiles/CtrBoard-H7_ALL.elf.dir/Drivers/STM32H7xx_HAL_Driver/Src/stm32h7xx_ll_usb.c.obj
                0x0800a906                USB_ReadDevAllInEpInterrupt
 .text.USB_ReadDevOutEPInterrupt
                0x0800a916       0x12 CMakeFiles/CtrBoard-H7_ALL.elf.dir/Drivers/STM32H7xx_HAL_Driver/Src/stm32h7xx_ll_usb.c.obj
                0x0800a916                USB_ReadDevOutEPInterrupt
 .text.USB_ReadDevInEPInterrupt
                0x0800a928       0x28 CMakeFiles/CtrBoard-H7_ALL.elf.dir/Drivers/STM32H7xx_HAL_Driver/Src/stm32h7xx_ll_usb.c.obj
                0x0800a928                USB_ReadDevInEPInterrupt
 .text.USB_GetMode
                0x0800a950        0x8 CMakeFiles/CtrBoard-H7_ALL.elf.dir/Drivers/STM32H7xx_HAL_Driver/Src/stm32h7xx_ll_usb.c.obj
                0x0800a950                USB_GetMode
 .text.USB_SetCurrentMode
                0x0800a958       0x62 CMakeFiles/CtrBoard-H7_ALL.elf.dir/Drivers/STM32H7xx_HAL_Driver/Src/stm32h7xx_ll_usb.c.obj
                0x0800a958                USB_SetCurrentMode
 *fill*         0x0800a9ba        0x2 
 .text.USB_ActivateSetup
                0x0800a9bc       0x20 CMakeFiles/CtrBoard-H7_ALL.elf.dir/Drivers/STM32H7xx_HAL_Driver/Src/stm32h7xx_ll_usb.c.obj
                0x0800a9bc                USB_ActivateSetup
 .text.USB_EP0_OutStart
                0x0800a9dc       0x60 CMakeFiles/CtrBoard-H7_ALL.elf.dir/Drivers/STM32H7xx_HAL_Driver/Src/stm32h7xx_ll_usb.c.obj
                0x0800a9dc                USB_EP0_OutStart
 .text.USBD_CDC_EP0_RxReady
                0x0800aa3c       0x40 CMakeFiles/CtrBoard-H7_ALL.elf.dir/Middlewares/ST/STM32_USB_Device_Library/Class/CDC/Src/usbd_cdc.c.obj
 .text.USBD_CDC_GetDeviceQualifierDescriptor
                0x0800aa7c        0xc CMakeFiles/CtrBoard-H7_ALL.elf.dir/Middlewares/ST/STM32_USB_Device_Library/Class/CDC/Src/usbd_cdc.c.obj
                0x0800aa7c                USBD_CDC_GetDeviceQualifierDescriptor
 .text.USBD_CDC_GetOtherSpeedCfgDesc
                0x0800aa88       0x48 CMakeFiles/CtrBoard-H7_ALL.elf.dir/Middlewares/ST/STM32_USB_Device_Library/Class/CDC/Src/usbd_cdc.c.obj
 .text.USBD_CDC_GetFSCfgDesc
                0x0800aad0       0x48 CMakeFiles/CtrBoard-H7_ALL.elf.dir/Middlewares/ST/STM32_USB_Device_Library/Class/CDC/Src/usbd_cdc.c.obj
 .text.USBD_CDC_GetHSCfgDesc
                0x0800ab18       0x48 CMakeFiles/CtrBoard-H7_ALL.elf.dir/Middlewares/ST/STM32_USB_Device_Library/Class/CDC/Src/usbd_cdc.c.obj
 .text.USBD_CDC_DataOut
                0x0800ab60       0x38 CMakeFiles/CtrBoard-H7_ALL.elf.dir/Middlewares/ST/STM32_USB_Device_Library/Class/CDC/Src/usbd_cdc.c.obj
 .text.USBD_CDC_DataIn
                0x0800ab98       0x7c CMakeFiles/CtrBoard-H7_ALL.elf.dir/Middlewares/ST/STM32_USB_Device_Library/Class/CDC/Src/usbd_cdc.c.obj
 .text.USBD_CDC_Setup
                0x0800ac14      0x11a CMakeFiles/CtrBoard-H7_ALL.elf.dir/Middlewares/ST/STM32_USB_Device_Library/Class/CDC/Src/usbd_cdc.c.obj
 .text.USBD_CDC_DeInit
                0x0800ad2e       0x64 CMakeFiles/CtrBoard-H7_ALL.elf.dir/Middlewares/ST/STM32_USB_Device_Library/Class/CDC/Src/usbd_cdc.c.obj
 .text.USBD_CDC_Init
                0x0800ad92       0xee CMakeFiles/CtrBoard-H7_ALL.elf.dir/Middlewares/ST/STM32_USB_Device_Library/Class/CDC/Src/usbd_cdc.c.obj
 .text.USBD_CDC_RegisterInterface
                0x0800ae80       0x16 CMakeFiles/CtrBoard-H7_ALL.elf.dir/Middlewares/ST/STM32_USB_Device_Library/Class/CDC/Src/usbd_cdc.c.obj
                0x0800ae80                USBD_CDC_RegisterInterface
 .text.USBD_CDC_SetTxBuffer
                0x0800ae96       0x1c CMakeFiles/CtrBoard-H7_ALL.elf.dir/Middlewares/ST/STM32_USB_Device_Library/Class/CDC/Src/usbd_cdc.c.obj
                0x0800ae96                USBD_CDC_SetTxBuffer
 .text.USBD_CDC_SetRxBuffer
                0x0800aeb2       0x18 CMakeFiles/CtrBoard-H7_ALL.elf.dir/Middlewares/ST/STM32_USB_Device_Library/Class/CDC/Src/usbd_cdc.c.obj
                0x0800aeb2                USBD_CDC_SetRxBuffer
 .text.USBD_CDC_TransmitPacket
                0x0800aeca       0x3a CMakeFiles/CtrBoard-H7_ALL.elf.dir/Middlewares/ST/STM32_USB_Device_Library/Class/CDC/Src/usbd_cdc.c.obj
                0x0800aeca                USBD_CDC_TransmitPacket
 .text.USBD_CDC_ReceivePacket
                0x0800af04       0x38 CMakeFiles/CtrBoard-H7_ALL.elf.dir/Middlewares/ST/STM32_USB_Device_Library/Class/CDC/Src/usbd_cdc.c.obj
                0x0800af04                USBD_CDC_ReceivePacket
 .text.USBD_Init
                0x0800af3c       0x2e CMakeFiles/CtrBoard-H7_ALL.elf.dir/Middlewares/ST/STM32_USB_Device_Library/Core/Src/usbd_core.c.obj
                0x0800af3c                USBD_Init
 .text.USBD_RegisterClass
                0x0800af6a       0x34 CMakeFiles/CtrBoard-H7_ALL.elf.dir/Middlewares/ST/STM32_USB_Device_Library/Core/Src/usbd_core.c.obj
                0x0800af6a                USBD_RegisterClass
 .text.USBD_Start
                0x0800af9e        0x8 CMakeFiles/CtrBoard-H7_ALL.elf.dir/Middlewares/ST/STM32_USB_Device_Library/Core/Src/usbd_core.c.obj
                0x0800af9e                USBD_Start
 .text.USBD_SetClassConfig
                0x0800afa6       0x12 CMakeFiles/CtrBoard-H7_ALL.elf.dir/Middlewares/ST/STM32_USB_Device_Library/Core/Src/usbd_core.c.obj
                0x0800afa6                USBD_SetClassConfig
 .text.USBD_ClrClassConfig
                0x0800afb8       0x12 CMakeFiles/CtrBoard-H7_ALL.elf.dir/Middlewares/ST/STM32_USB_Device_Library/Core/Src/usbd_core.c.obj
                0x0800afb8                USBD_ClrClassConfig
 .text.USBD_LL_SetupStage
                0x0800afca       0x58 CMakeFiles/CtrBoard-H7_ALL.elf.dir/Middlewares/ST/STM32_USB_Device_Library/Core/Src/usbd_core.c.obj
                0x0800afca                USBD_LL_SetupStage
 .text.USBD_LL_Reset
                0x0800b022       0x64 CMakeFiles/CtrBoard-H7_ALL.elf.dir/Middlewares/ST/STM32_USB_Device_Library/Core/Src/usbd_core.c.obj
                0x0800b022                USBD_LL_Reset
 .text.USBD_LL_SetSpeed
                0x0800b086        0x6 CMakeFiles/CtrBoard-H7_ALL.elf.dir/Middlewares/ST/STM32_USB_Device_Library/Core/Src/usbd_core.c.obj
                0x0800b086                USBD_LL_SetSpeed
 .text.USBD_LL_Suspend
                0x0800b08c       0x1e CMakeFiles/CtrBoard-H7_ALL.elf.dir/Middlewares/ST/STM32_USB_Device_Library/Core/Src/usbd_core.c.obj
                0x0800b08c                USBD_LL_Suspend
 .text.USBD_LL_Resume
                0x0800b0aa       0x1a CMakeFiles/CtrBoard-H7_ALL.elf.dir/Middlewares/ST/STM32_USB_Device_Library/Core/Src/usbd_core.c.obj
                0x0800b0aa                USBD_LL_Resume
 .text.USBD_LL_SOF
                0x0800b0c4       0x22 CMakeFiles/CtrBoard-H7_ALL.elf.dir/Middlewares/ST/STM32_USB_Device_Library/Core/Src/usbd_core.c.obj
                0x0800b0c4                USBD_LL_SOF
 .text.USBD_LL_IsoINIncomplete
                0x0800b0e6       0x2e CMakeFiles/CtrBoard-H7_ALL.elf.dir/Middlewares/ST/STM32_USB_Device_Library/Core/Src/usbd_core.c.obj
                0x0800b0e6                USBD_LL_IsoINIncomplete
 .text.USBD_LL_IsoOUTIncomplete
                0x0800b114       0x2e CMakeFiles/CtrBoard-H7_ALL.elf.dir/Middlewares/ST/STM32_USB_Device_Library/Core/Src/usbd_core.c.obj
                0x0800b114                USBD_LL_IsoOUTIncomplete
 .text.USBD_LL_DevConnected
                0x0800b142        0x4 CMakeFiles/CtrBoard-H7_ALL.elf.dir/Middlewares/ST/STM32_USB_Device_Library/Core/Src/usbd_core.c.obj
                0x0800b142                USBD_LL_DevConnected
 .text.USBD_LL_DevDisconnected
                0x0800b146       0x20 CMakeFiles/CtrBoard-H7_ALL.elf.dir/Middlewares/ST/STM32_USB_Device_Library/Core/Src/usbd_core.c.obj
                0x0800b146                USBD_LL_DevDisconnected
 .text.USBD_CoreFindIF
                0x0800b166        0x4 CMakeFiles/CtrBoard-H7_ALL.elf.dir/Middlewares/ST/STM32_USB_Device_Library/Core/Src/usbd_core.c.obj
                0x0800b166                USBD_CoreFindIF
 .text.USBD_CoreFindEP
                0x0800b16a        0x4 CMakeFiles/CtrBoard-H7_ALL.elf.dir/Middlewares/ST/STM32_USB_Device_Library/Core/Src/usbd_core.c.obj
                0x0800b16a                USBD_CoreFindEP
 .text.USBD_LL_DataOutStage
                0x0800b16e       0xc6 CMakeFiles/CtrBoard-H7_ALL.elf.dir/Middlewares/ST/STM32_USB_Device_Library/Core/Src/usbd_core.c.obj
                0x0800b16e                USBD_LL_DataOutStage
 .text.USBD_LL_DataInStage
                0x0800b234       0xd6 CMakeFiles/CtrBoard-H7_ALL.elf.dir/Middlewares/ST/STM32_USB_Device_Library/Core/Src/usbd_core.c.obj
                0x0800b234                USBD_LL_DataInStage
 .text.USBD_GetNextDesc
                0x0800b30a        0xe CMakeFiles/CtrBoard-H7_ALL.elf.dir/Middlewares/ST/STM32_USB_Device_Library/Core/Src/usbd_core.c.obj
                0x0800b30a                USBD_GetNextDesc
 .text.USBD_GetEpDesc
                0x0800b318       0x3e CMakeFiles/CtrBoard-H7_ALL.elf.dir/Middlewares/ST/STM32_USB_Device_Library/Core/Src/usbd_core.c.obj
                0x0800b318                USBD_GetEpDesc
 .text.USBD_GetLen
                0x0800b356       0x14 CMakeFiles/CtrBoard-H7_ALL.elf.dir/Middlewares/ST/STM32_USB_Device_Library/Core/Src/usbd_ctlreq.c.obj
 .text.USBD_ParseSetupRequest
                0x0800b36a       0x28 CMakeFiles/CtrBoard-H7_ALL.elf.dir/Middlewares/ST/STM32_USB_Device_Library/Core/Src/usbd_ctlreq.c.obj
                0x0800b36a                USBD_ParseSetupRequest
 .text.USBD_CtlError
                0x0800b392       0x14 CMakeFiles/CtrBoard-H7_ALL.elf.dir/Middlewares/ST/STM32_USB_Device_Library/Core/Src/usbd_ctlreq.c.obj
                0x0800b392                USBD_CtlError
 .text.USBD_GetDescriptor
                0x0800b3a6      0x1ac CMakeFiles/CtrBoard-H7_ALL.elf.dir/Middlewares/ST/STM32_USB_Device_Library/Core/Src/usbd_ctlreq.c.obj
 .text.USBD_SetAddress
                0x0800b552       0x50 CMakeFiles/CtrBoard-H7_ALL.elf.dir/Middlewares/ST/STM32_USB_Device_Library/Core/Src/usbd_ctlreq.c.obj
 *fill*         0x0800b5a2        0x2 
 .text.USBD_SetConfig
                0x0800b5a4       0xcc CMakeFiles/CtrBoard-H7_ALL.elf.dir/Middlewares/ST/STM32_USB_Device_Library/Core/Src/usbd_ctlreq.c.obj
 .text.USBD_GetConfig
                0x0800b670       0x40 CMakeFiles/CtrBoard-H7_ALL.elf.dir/Middlewares/ST/STM32_USB_Device_Library/Core/Src/usbd_ctlreq.c.obj
 .text.USBD_GetStatus
                0x0800b6b0       0x38 CMakeFiles/CtrBoard-H7_ALL.elf.dir/Middlewares/ST/STM32_USB_Device_Library/Core/Src/usbd_ctlreq.c.obj
 .text.USBD_SetFeature
                0x0800b6e8       0x2a CMakeFiles/CtrBoard-H7_ALL.elf.dir/Middlewares/ST/STM32_USB_Device_Library/Core/Src/usbd_ctlreq.c.obj
 .text.USBD_ClrFeature
                0x0800b712       0x26 CMakeFiles/CtrBoard-H7_ALL.elf.dir/Middlewares/ST/STM32_USB_Device_Library/Core/Src/usbd_ctlreq.c.obj
 .text.USBD_StdDevReq
                0x0800b738       0x76 CMakeFiles/CtrBoard-H7_ALL.elf.dir/Middlewares/ST/STM32_USB_Device_Library/Core/Src/usbd_ctlreq.c.obj
                0x0800b738                USBD_StdDevReq
 .text.USBD_StdItfReq
                0x0800b7ae       0x84 CMakeFiles/CtrBoard-H7_ALL.elf.dir/Middlewares/ST/STM32_USB_Device_Library/Core/Src/usbd_ctlreq.c.obj
                0x0800b7ae                USBD_StdItfReq
 .text.USBD_StdEPReq
                0x0800b832      0x232 CMakeFiles/CtrBoard-H7_ALL.elf.dir/Middlewares/ST/STM32_USB_Device_Library/Core/Src/usbd_ctlreq.c.obj
                0x0800b832                USBD_StdEPReq
 .text.USBD_GetString
                0x0800ba64       0x46 CMakeFiles/CtrBoard-H7_ALL.elf.dir/Middlewares/ST/STM32_USB_Device_Library/Core/Src/usbd_ctlreq.c.obj
                0x0800ba64                USBD_GetString
 .text.USBD_CtlSendData
                0x0800baaa       0x1a CMakeFiles/CtrBoard-H7_ALL.elf.dir/Middlewares/ST/STM32_USB_Device_Library/Core/Src/usbd_ioreq.c.obj
                0x0800baaa                USBD_CtlSendData
 .text.USBD_CtlContinueSendData
                0x0800bac4       0x10 CMakeFiles/CtrBoard-H7_ALL.elf.dir/Middlewares/ST/STM32_USB_Device_Library/Core/Src/usbd_ioreq.c.obj
                0x0800bac4                USBD_CtlContinueSendData
 .text.USBD_CtlPrepareRx
                0x0800bad4       0x1e CMakeFiles/CtrBoard-H7_ALL.elf.dir/Middlewares/ST/STM32_USB_Device_Library/Core/Src/usbd_ioreq.c.obj
                0x0800bad4                USBD_CtlPrepareRx
 .text.USBD_CtlContinueRx
                0x0800baf2       0x10 CMakeFiles/CtrBoard-H7_ALL.elf.dir/Middlewares/ST/STM32_USB_Device_Library/Core/Src/usbd_ioreq.c.obj
                0x0800baf2                USBD_CtlContinueRx
 .text.USBD_CtlSendStatus
                0x0800bb02       0x16 CMakeFiles/CtrBoard-H7_ALL.elf.dir/Middlewares/ST/STM32_USB_Device_Library/Core/Src/usbd_ioreq.c.obj
                0x0800bb02                USBD_CtlSendStatus
 .text.USBD_CtlReceiveStatus
                0x0800bb18       0x16 CMakeFiles/CtrBoard-H7_ALL.elf.dir/Middlewares/ST/STM32_USB_Device_Library/Core/Src/usbd_ioreq.c.obj
                0x0800bb18                USBD_CtlReceiveStatus
 .text.makeFreeRtosPriority
                0x0800bb2e        0xc CMakeFiles/CtrBoard-H7_ALL.elf.dir/Middlewares/Third_Party/FreeRTOS/Source/CMSIS_RTOS/cmsis_os.c.obj
 .text.inHandlerMode
                0x0800bb3a        0xc CMakeFiles/CtrBoard-H7_ALL.elf.dir/Middlewares/Third_Party/FreeRTOS/Source/CMSIS_RTOS/cmsis_os.c.obj
 .text.osKernelStart
                0x0800bb46        0xa CMakeFiles/CtrBoard-H7_ALL.elf.dir/Middlewares/Third_Party/FreeRTOS/Source/CMSIS_RTOS/cmsis_os.c.obj
                0x0800bb46                osKernelStart
 .text.osKernelSysTick
                0x0800bb50       0x14 CMakeFiles/CtrBoard-H7_ALL.elf.dir/Middlewares/Third_Party/FreeRTOS/Source/CMSIS_RTOS/cmsis_os.c.obj
                0x0800bb50                osKernelSysTick
 .text.osThreadCreate
                0x0800bb64       0x6a CMakeFiles/CtrBoard-H7_ALL.elf.dir/Middlewares/Third_Party/FreeRTOS/Source/CMSIS_RTOS/cmsis_os.c.obj
                0x0800bb64                osThreadCreate
 .text.osDelay  0x0800bbce        0xe CMakeFiles/CtrBoard-H7_ALL.elf.dir/Middlewares/Third_Party/FreeRTOS/Source/CMSIS_RTOS/cmsis_os.c.obj
                0x0800bbce                osDelay
 .text.osMutexCreate
                0x0800bbdc       0x16 CMakeFiles/CtrBoard-H7_ALL.elf.dir/Middlewares/Third_Party/FreeRTOS/Source/CMSIS_RTOS/cmsis_os.c.obj
                0x0800bbdc                osMutexCreate
 .text.osSemaphoreCreate
                0x0800bbf2       0x58 CMakeFiles/CtrBoard-H7_ALL.elf.dir/Middlewares/Third_Party/FreeRTOS/Source/CMSIS_RTOS/cmsis_os.c.obj
                0x0800bbf2                osSemaphoreCreate
 .text.osSemaphoreWait
                0x0800bc4a       0x5e CMakeFiles/CtrBoard-H7_ALL.elf.dir/Middlewares/Third_Party/FreeRTOS/Source/CMSIS_RTOS/cmsis_os.c.obj
                0x0800bc4a                osSemaphoreWait
 .text.osSemaphoreRelease
                0x0800bca8       0x5a CMakeFiles/CtrBoard-H7_ALL.elf.dir/Middlewares/Third_Party/FreeRTOS/Source/CMSIS_RTOS/cmsis_os.c.obj
                0x0800bca8                osSemaphoreRelease
 .text.vListInitialise
                0x0800bd02       0x16 CMakeFiles/CtrBoard-H7_ALL.elf.dir/Middlewares/Third_Party/FreeRTOS/Source/list.c.obj
                0x0800bd02                vListInitialise
 .text.vListInitialiseItem
                0x0800bd18        0x6 CMakeFiles/CtrBoard-H7_ALL.elf.dir/Middlewares/Third_Party/FreeRTOS/Source/list.c.obj
                0x0800bd18                vListInitialiseItem
 .text.vListInsertEnd
                0x0800bd1e       0x16 CMakeFiles/CtrBoard-H7_ALL.elf.dir/Middlewares/Third_Party/FreeRTOS/Source/list.c.obj
                0x0800bd1e                vListInsertEnd
 .text.vListInsert
                0x0800bd34       0x32 CMakeFiles/CtrBoard-H7_ALL.elf.dir/Middlewares/Third_Party/FreeRTOS/Source/list.c.obj
                0x0800bd34                vListInsert
 .text.uxListRemove
                0x0800bd66       0x26 CMakeFiles/CtrBoard-H7_ALL.elf.dir/Middlewares/Third_Party/FreeRTOS/Source/list.c.obj
                0x0800bd66                uxListRemove
 .text.prvTaskExitError
                0x0800bd8c       0x40 CMakeFiles/CtrBoard-H7_ALL.elf.dir/Middlewares/Third_Party/FreeRTOS/Source/portable/GCC/ARM_CM4F/port.c.obj
 .text.prvPortStartFirstTask
                0x0800bdcc       0x28 CMakeFiles/CtrBoard-H7_ALL.elf.dir/Middlewares/Third_Party/FreeRTOS/Source/portable/GCC/ARM_CM4F/port.c.obj
 .text.vPortEnableVFP
                0x0800bdf4       0x14 CMakeFiles/CtrBoard-H7_ALL.elf.dir/Middlewares/Third_Party/FreeRTOS/Source/portable/GCC/ARM_CM4F/port.c.obj
 .text.pxPortInitialiseStack
                0x0800be08       0x2c CMakeFiles/CtrBoard-H7_ALL.elf.dir/Middlewares/Third_Party/FreeRTOS/Source/portable/GCC/ARM_CM4F/port.c.obj
                0x0800be08                pxPortInitialiseStack
 *fill*         0x0800be34        0xc 
 .text.SVC_Handler
                0x0800be40       0x24 CMakeFiles/CtrBoard-H7_ALL.elf.dir/Middlewares/Third_Party/FreeRTOS/Source/portable/GCC/ARM_CM4F/port.c.obj
                0x0800be40                SVC_Handler
 .text.vPortEnterCritical
                0x0800be64       0x44 CMakeFiles/CtrBoard-H7_ALL.elf.dir/Middlewares/Third_Party/FreeRTOS/Source/portable/GCC/ARM_CM4F/port.c.obj
                0x0800be64                vPortEnterCritical
 .text.vPortExitCritical
                0x0800bea8       0x2c CMakeFiles/CtrBoard-H7_ALL.elf.dir/Middlewares/Third_Party/FreeRTOS/Source/portable/GCC/ARM_CM4F/port.c.obj
                0x0800bea8                vPortExitCritical
 *fill*         0x0800bed4        0xc 
 .text.PendSV_Handler
                0x0800bee0       0x64 CMakeFiles/CtrBoard-H7_ALL.elf.dir/Middlewares/Third_Party/FreeRTOS/Source/portable/GCC/ARM_CM4F/port.c.obj
                0x0800bee0                PendSV_Handler
 .text.SysTick_Handler
                0x0800bf44       0x2c CMakeFiles/CtrBoard-H7_ALL.elf.dir/Middlewares/Third_Party/FreeRTOS/Source/portable/GCC/ARM_CM4F/port.c.obj
                0x0800bf44                SysTick_Handler
 .text.vPortSetupTimerInterrupt
                0x0800bf70       0x28 CMakeFiles/CtrBoard-H7_ALL.elf.dir/Middlewares/Third_Party/FreeRTOS/Source/portable/GCC/ARM_CM4F/port.c.obj
                0x0800bf70                vPortSetupTimerInterrupt
 .text.xPortStartScheduler
                0x0800bf98      0x118 CMakeFiles/CtrBoard-H7_ALL.elf.dir/Middlewares/Third_Party/FreeRTOS/Source/portable/GCC/ARM_CM4F/port.c.obj
                0x0800bf98                xPortStartScheduler
 .text.vPortValidateInterruptPriority
                0x0800c0b0       0x5c CMakeFiles/CtrBoard-H7_ALL.elf.dir/Middlewares/Third_Party/FreeRTOS/Source/portable/GCC/ARM_CM4F/port.c.obj
                0x0800c0b0                vPortValidateInterruptPriority
 .text.prvHeapInit
                0x0800c10c       0x68 CMakeFiles/CtrBoard-H7_ALL.elf.dir/Middlewares/Third_Party/FreeRTOS/Source/portable/MemMang/heap_4.c.obj
 .text.prvInsertBlockIntoFreeList
                0x0800c174       0x64 CMakeFiles/CtrBoard-H7_ALL.elf.dir/Middlewares/Third_Party/FreeRTOS/Source/portable/MemMang/heap_4.c.obj
 .text.pvPortMalloc
                0x0800c1d8       0xfc CMakeFiles/CtrBoard-H7_ALL.elf.dir/Middlewares/Third_Party/FreeRTOS/Source/portable/MemMang/heap_4.c.obj
                0x0800c1d8                pvPortMalloc
 .text.vPortFree
                0x0800c2d4       0x7c CMakeFiles/CtrBoard-H7_ALL.elf.dir/Middlewares/Third_Party/FreeRTOS/Source/portable/MemMang/heap_4.c.obj
                0x0800c2d4                vPortFree
 .text.prvGetDisinheritPriorityAfterTimeout
                0x0800c350       0x10 CMakeFiles/CtrBoard-H7_ALL.elf.dir/Middlewares/Third_Party/FreeRTOS/Source/queue.c.obj
 .text.prvIsQueueFull
                0x0800c360       0x1e CMakeFiles/CtrBoard-H7_ALL.elf.dir/Middlewares/Third_Party/FreeRTOS/Source/queue.c.obj
 .text.prvIsQueueEmpty
                0x0800c37e       0x1a CMakeFiles/CtrBoard-H7_ALL.elf.dir/Middlewares/Third_Party/FreeRTOS/Source/queue.c.obj
 .text.prvCopyDataToQueue
                0x0800c398       0x76 CMakeFiles/CtrBoard-H7_ALL.elf.dir/Middlewares/Third_Party/FreeRTOS/Source/queue.c.obj
 .text.prvNotifyQueueSetContainer
                0x0800c40e       0x7c CMakeFiles/CtrBoard-H7_ALL.elf.dir/Middlewares/Third_Party/FreeRTOS/Source/queue.c.obj
 .text.prvCopyDataFromQueue
                0x0800c48a       0x24 CMakeFiles/CtrBoard-H7_ALL.elf.dir/Middlewares/Third_Party/FreeRTOS/Source/queue.c.obj
 .text.prvUnlockQueue
                0x0800c4ae       0x82 CMakeFiles/CtrBoard-H7_ALL.elf.dir/Middlewares/Third_Party/FreeRTOS/Source/queue.c.obj
 .text.xQueueGenericReset
                0x0800c530       0x84 CMakeFiles/CtrBoard-H7_ALL.elf.dir/Middlewares/Third_Party/FreeRTOS/Source/queue.c.obj
                0x0800c530                xQueueGenericReset
 .text.prvInitialiseNewQueue
                0x0800c5b4       0x26 CMakeFiles/CtrBoard-H7_ALL.elf.dir/Middlewares/Third_Party/FreeRTOS/Source/queue.c.obj
 .text.xQueueGenericCreateStatic
                0x0800c5da       0xa6 CMakeFiles/CtrBoard-H7_ALL.elf.dir/Middlewares/Third_Party/FreeRTOS/Source/queue.c.obj
                0x0800c5da                xQueueGenericCreateStatic
 .text.xQueueGenericCreate
                0x0800c680       0x48 CMakeFiles/CtrBoard-H7_ALL.elf.dir/Middlewares/Third_Party/FreeRTOS/Source/queue.c.obj
                0x0800c680                xQueueGenericCreate
 .text.xQueueCreateCountingSemaphoreStatic
                0x0800c6c8       0x46 CMakeFiles/CtrBoard-H7_ALL.elf.dir/Middlewares/Third_Party/FreeRTOS/Source/queue.c.obj
                0x0800c6c8                xQueueCreateCountingSemaphoreStatic
 .text.xQueueCreateCountingSemaphore
                0x0800c70e       0x3c CMakeFiles/CtrBoard-H7_ALL.elf.dir/Middlewares/Third_Party/FreeRTOS/Source/queue.c.obj
                0x0800c70e                xQueueCreateCountingSemaphore
 .text.xQueueGenericSend
                0x0800c74a      0x1c2 CMakeFiles/CtrBoard-H7_ALL.elf.dir/Middlewares/Third_Party/FreeRTOS/Source/queue.c.obj
                0x0800c74a                xQueueGenericSend
 .text.prvInitialiseMutex
                0x0800c90c       0x18 CMakeFiles/CtrBoard-H7_ALL.elf.dir/Middlewares/Third_Party/FreeRTOS/Source/queue.c.obj
 .text.xQueueCreateMutex
                0x0800c924       0x16 CMakeFiles/CtrBoard-H7_ALL.elf.dir/Middlewares/Third_Party/FreeRTOS/Source/queue.c.obj
                0x0800c924                xQueueCreateMutex
 .text.xQueueCreateMutexStatic
                0x0800c93a       0x1e CMakeFiles/CtrBoard-H7_ALL.elf.dir/Middlewares/Third_Party/FreeRTOS/Source/queue.c.obj
                0x0800c93a                xQueueCreateMutexStatic
 .text.xQueueGenericSendFromISR
                0x0800c958      0x102 CMakeFiles/CtrBoard-H7_ALL.elf.dir/Middlewares/Third_Party/FreeRTOS/Source/queue.c.obj
                0x0800c958                xQueueGenericSendFromISR
 .text.xQueueGiveFromISR
                0x0800ca5a       0xce CMakeFiles/CtrBoard-H7_ALL.elf.dir/Middlewares/Third_Party/FreeRTOS/Source/queue.c.obj
                0x0800ca5a                xQueueGiveFromISR
 .text.xQueueReceive
                0x0800cb28      0x15e CMakeFiles/CtrBoard-H7_ALL.elf.dir/Middlewares/Third_Party/FreeRTOS/Source/queue.c.obj
                0x0800cb28                xQueueReceive
 .text.xQueueSemaphoreTake
                0x0800cc86      0x1a6 CMakeFiles/CtrBoard-H7_ALL.elf.dir/Middlewares/Third_Party/FreeRTOS/Source/queue.c.obj
                0x0800cc86                xQueueSemaphoreTake
 .text.xQueueReceiveFromISR
                0x0800ce2c       0xa8 CMakeFiles/CtrBoard-H7_ALL.elf.dir/Middlewares/Third_Party/FreeRTOS/Source/queue.c.obj
                0x0800ce2c                xQueueReceiveFromISR
 .text.vQueueAddToRegistry
                0x0800ced4       0x28 CMakeFiles/CtrBoard-H7_ALL.elf.dir/Middlewares/Third_Party/FreeRTOS/Source/queue.c.obj
                0x0800ced4                vQueueAddToRegistry
 .text.vQueueWaitForMessageRestricted
                0x0800cefc       0x52 CMakeFiles/CtrBoard-H7_ALL.elf.dir/Middlewares/Third_Party/FreeRTOS/Source/queue.c.obj
                0x0800cefc                vQueueWaitForMessageRestricted
 *fill*         0x0800cf4e        0x2 
 .text.prvResetNextTaskUnblockTime
                0x0800cf50       0x2c CMakeFiles/CtrBoard-H7_ALL.elf.dir/Middlewares/Third_Party/FreeRTOS/Source/tasks.c.obj
 .text.prvInitialiseNewTask
                0x0800cf7c      0x106 CMakeFiles/CtrBoard-H7_ALL.elf.dir/Middlewares/Third_Party/FreeRTOS/Source/tasks.c.obj
 *fill*         0x0800d082        0x2 
 .text.prvInitialiseTaskLists
                0x0800d084       0x68 CMakeFiles/CtrBoard-H7_ALL.elf.dir/Middlewares/Third_Party/FreeRTOS/Source/tasks.c.obj
 .text.prvAddNewTaskToReadyList
                0x0800d0ec       0xac CMakeFiles/CtrBoard-H7_ALL.elf.dir/Middlewares/Third_Party/FreeRTOS/Source/tasks.c.obj
 .text.prvDeleteTCB
                0x0800d198       0x40 CMakeFiles/CtrBoard-H7_ALL.elf.dir/Middlewares/Third_Party/FreeRTOS/Source/tasks.c.obj
 .text.prvCheckTasksWaitingTermination
                0x0800d1d8       0x4c CMakeFiles/CtrBoard-H7_ALL.elf.dir/Middlewares/Third_Party/FreeRTOS/Source/tasks.c.obj
 .text.prvIdleTask