Archive member included to satisfy reference by file (symbol)

D:\HNU_RM_CodeStorage\Serial_Balance_H723_11_24\HNU_Serial_H723_2025_11_20\Middlewares\ST\ARM\DSP\Lib\libarm_cortexM7lfsp_math.a(arm_mat_trans_f32.o)
                              CMakeFiles/CtrBoard-H7_ALL.elf.dir/src/algorithm/QuaternionEKF/QuaternionEKF.c.obj (arm_mat_trans_f32)
D:\HNU_RM_CodeStorage\Serial_Balance_H723_11_24\HNU_Serial_H723_2025_11_20\Middlewares\ST\ARM\DSP\Lib\libarm_cortexM7lfsp_math.a(arm_mat_sub_f32.o)
                              CMakeFiles/CtrBoard-H7_ALL.elf.dir/src/algorithm/QuaternionEKF/QuaternionEKF.c.obj (arm_mat_sub_f32)
D:\HNU_RM_CodeStorage\Serial_Balance_H723_11_24\HNU_Serial_H723_2025_11_20\Middlewares\ST\ARM\DSP\Lib\libarm_cortexM7lfsp_math.a(arm_mat_mult_f32.o)
                              CMakeFiles/CtrBoard-H7_ALL.elf.dir/src/algorithm/QuaternionEKF/QuaternionEKF.c.obj (arm_mat_mult_f32)
D:\HNU_RM_CodeStorage\Serial_Balance_H723_11_24\HNU_Serial_H723_2025_11_20\Middlewares\ST\ARM\DSP\Lib\libarm_cortexM7lfsp_math.a(arm_mat_inverse_f32.o)
                              CMakeFiles/CtrBoard-H7_ALL.elf.dir/src/algorithm/QuaternionEKF/QuaternionEKF.c.obj (arm_mat_inverse_f32)
D:\HNU_RM_CodeStorage\Serial_Balance_H723_11_24\HNU_Serial_H723_2025_11_20\Middlewares\ST\ARM\DSP\Lib\libarm_cortexM7lfsp_math.a(arm_mat_init_f32.o)
                              CMakeFiles/CtrBoard-H7_ALL.elf.dir/src/algorithm/QuaternionEKF/QuaternionEKF.c.obj (arm_mat_init_f32)
D:\HNU_RM_CodeStorage\Serial_Balance_H723_11_24\HNU_Serial_H723_2025_11_20\Middlewares\ST\ARM\DSP\Lib\libarm_cortexM7lfsp_math.a(arm_mat_add_f32.o)
                              CMakeFiles/CtrBoard-H7_ALL.elf.dir/src/algorithm/QuaternionEKF/QuaternionEKF.c.obj (arm_mat_add_f32)
D:\HNU_RM_CodeStorage\Serial_Balance_H723_11_24\HNU_Serial_H723_2025_11_20\Middlewares\ST\ARM\DSP\Lib\libarm_cortexM7lfsp_math.a(arm_sin_f32.o)
                              CMakeFiles/CtrBoard-H7_ALL.elf.dir/src/modules/leg_vmc/drv_leg.c.obj (arm_sin_f32)
D:\HNU_RM_CodeStorage\Serial_Balance_H723_11_24\HNU_Serial_H723_2025_11_20\Middlewares\ST\ARM\DSP\Lib\libarm_cortexM7lfsp_math.a(arm_cos_f32.o)
                              CMakeFiles/CtrBoard-H7_ALL.elf.dir/src/modules/leg_vmc/drv_leg.c.obj (arm_cos_f32)
D:\HNU_RM_CodeStorage\Serial_Balance_H723_11_24\HNU_Serial_H723_2025_11_20\Middlewares\ST\ARM\DSP\Lib\libarm_cortexM7lfsp_math.a(arm_common_tables.o)
                              D:\HNU_RM_CodeStorage\Serial_Balance_H723_11_24\HNU_Serial_H723_2025_11_20\Middlewares\ST\ARM\DSP\Lib\libarm_cortexM7lfsp_math.a(arm_sin_f32.o) (sinTable_f32)
d:/stm32environment/arm/bin/../lib/gcc/arm-none-eabi/10.3.1/thumb/v7e-m+fp/hard\libgcc.a(_arm_muldf3.o)
                              CMakeFiles/CtrBoard-H7_ALL.elf.dir/src/modules/BMI088/transfer_function.c.obj (__aeabi_dmul)
d:/stm32environment/arm/bin/../lib/gcc/arm-none-eabi/10.3.1/thumb/v7e-m+fp/hard\libgcc.a(_arm_addsubdf3.o)
                              CMakeFiles/CtrBoard-H7_ALL.elf.dir/src/modules/BMI088/transfer_function.c.obj (__aeabi_dsub)
d:/stm32environment/arm/bin/../lib/gcc/arm-none-eabi/10.3.1/thumb/v7e-m+fp/hard\libgcc.a(_arm_muldivdf3.o)
                              CMakeFiles/CtrBoard-H7_ALL.elf.dir/src/modules/BMI088/transfer_function.c.obj (__aeabi_ddiv)
d:/stm32environment/arm/bin/../lib/gcc/arm-none-eabi/10.3.1/thumb/v7e-m+fp/hard\libgcc.a(_arm_cmpdf2.o)
                              CMakeFiles/CtrBoard-H7_ALL.elf.dir/src/task/shoot/shoot_task.c.obj (__aeabi_dcmplt)
d:/stm32environment/arm/bin/../lib/gcc/arm-none-eabi/10.3.1/thumb/v7e-m+fp/hard\libgcc.a(_arm_truncdfsf2.o)
                              CMakeFiles/CtrBoard-H7_ALL.elf.dir/src/algorithm/MahonyAHRS/MahonyAHRS.c.obj (__aeabi_d2f)
d:/stm32environment/arm/bin/../lib/gcc/arm-none-eabi/10.3.1/thumb/v7e-m+fp/hard\libgcc.a(_arm_addsubsf3.o)
                              CMakeFiles/CtrBoard-H7_ALL.elf.dir/src/modules/motor/DM_motor/DM_Motor.c.obj (__aeabi_ul2f)
d:/stm32environment/arm/bin/../lib/gcc/arm-none-eabi/10.3.1/thumb/v7e-m+fp/hard\libgcc.a(_aeabi_uldivmod.o)
                              CMakeFiles/CtrBoard-H7_ALL.elf.dir/Drivers/STM32H7xx_HAL_Driver/Src/stm32h7xx_hal_uart.c.obj (__aeabi_uldivmod)
d:/stm32environment/arm/bin/../lib/gcc/arm-none-eabi/10.3.1/thumb/v7e-m+fp/hard\libgcc.a(_udivmoddi4.o)
                              d:/stm32environment/arm/bin/../lib/gcc/arm-none-eabi/10.3.1/thumb/v7e-m+fp/hard\libgcc.a(_aeabi_uldivmod.o) (__udivmoddi4)
d:/stm32environment/arm/bin/../lib/gcc/arm-none-eabi/10.3.1/thumb/v7e-m+fp/hard\libgcc.a(_dvmd_tls.o)
                              d:/stm32environment/arm/bin/../lib/gcc/arm-none-eabi/10.3.1/thumb/v7e-m+fp/hard\libgcc.a(_aeabi_uldivmod.o) (__aeabi_ldiv0)
d:/stm32environment/arm/bin/../lib/gcc/arm-none-eabi/10.3.1/../../../../arm-none-eabi/lib/thumb/v7e-m+fp/hard\libg.a(lib_a-errno.o)
                              CMakeFiles/CtrBoard-H7_ALL.elf.dir/Core/Src/syscalls.c.obj (__errno)
[...]
Memory Configuration

Name             Origin             Length             Attributes
ITCMRAM          0x00000000         0x00010000         xrw
DTCMRAM          0x20000000         0x00020000         xrw
FLASH            0x08000000         0x00100000         xr
RAM_D1           0x24000000         0x00050000         xrw
RAM_D2           0x30000000         0x00008000         xrw
RAM_D3           0x38000000         0x00004000         xrw
*default*        0x00000000         0xffffffff

Linker script and memory map

LOAD d:/stm32environment/arm/bin/../lib/gcc/arm-none-eabi/10.3.1/thumb/v7e-m+fp/hard/crti.o
LOAD d:/stm32environment/arm/bin/../lib/gcc/arm-none-eabi/10.3.1/thumb/v7e-m+fp/hard/crtbegin.o
LOAD d:/stm32environment/arm/bin/../lib/gcc/arm-none-eabi/10.3.1/../../../../arm-none-eabi/lib/thumb/v7e-m+fp/hard/crt0.o
LOAD CMakeFiles/CtrBoard-H7_ALL.elf.dir/Core/Src/dma.c.obj
LOAD CMakeFiles/CtrBoard-H7_ALL.elf.dir/Core/Src/fdcan.c.obj
LOAD CMakeFiles/CtrBoard-H7_ALL.elf.dir/Core/Src/freertos.c.obj
LOAD CMakeFiles/CtrBoard-H7_ALL.elf.dir/Core/Src/gpio.c.obj
LOAD CMakeFiles/CtrBoard-H7_ALL.elf.dir/Core/Src/main.c.obj
LOAD CMakeFiles/CtrBoard-H7_ALL.elf.dir/Core/Src/memorymap.c.obj
LOAD CMakeFiles/CtrBoard-H7_ALL.elf.dir/Core/Src/spi.c.obj
LOAD CMakeFiles/CtrBoard-H7_ALL.elf.dir/Core/Src/stm32h7xx_hal_msp.c.obj
LOAD CMakeFiles/CtrBoard-H7_ALL.elf.dir/Core/Src/stm32h7xx_hal_timebase_tim.c.obj
LOAD CMakeFiles/CtrBoard-H7_ALL.elf.dir/Core/Src/stm32h7xx_it.c.obj
LOAD CMakeFiles/CtrBoard-H7_ALL.elf.dir/Core/Src/syscalls.c.obj
LOAD CMakeFiles/CtrBoard-H7_ALL.elf.dir/Core/Src/sysmem.c.obj
LOAD CMakeFiles/CtrBoard-H7_ALL.elf.dir/Core/Src/system_stm32h7xx.c.obj
LOAD CMakeFiles/CtrBoard-H7_ALL.elf.dir/Core/Src/tim.c.obj
LOAD CMakeFiles/CtrBoard-H7_ALL.elf.dir/Core/Src/usart.c.obj
LOAD CMakeFiles/CtrBoard-H7_ALL.elf.dir/Core/Startup/startup_stm32h723vgtx.s.obj
LOAD CMakeFiles/CtrBoard-H7_ALL.elf.dir/Drivers/STM32H7xx_HAL_Driver/Src/stm32h7xx_hal.c.obj
LOAD CMakeFiles/CtrBoard-H7_ALL.elf.dir/Drivers/STM32H7xx_HAL_Driver/Src/stm32h7xx_hal_cortex.c.obj
LOAD CMakeFiles/CtrBoard-H7_ALL.elf.dir/Drivers/STM32H7xx_HAL_Driver/Src/stm32h7xx_hal_dma.c.obj
LOAD CMakeFiles/CtrBoard-H7_ALL.elf.dir/Drivers/STM32H7xx_HAL_Driver/Src/stm32h7xx_hal_dma_ex.c.obj
LOAD CMakeFiles/CtrBoard-H7_ALL.elf.dir/Drivers/STM32H7xx_HAL_Driver/Src/stm32h7xx_hal_exti.c.obj
LOAD CMakeFiles/CtrBoard-H7_ALL.elf.dir/Drivers/STM32H7xx_HAL_Driver/Src/stm32h7xx_hal_fdcan.c.obj
LOAD CMakeFiles/CtrBoard-H7_ALL.elf.dir/Drivers/STM32H7xx_HAL_Driver/Src/stm32h7xx_hal_flash.c.obj
LOAD CMakeFiles/CtrBoard-H7_ALL.elf.dir/Drivers/STM32H7xx_HAL_Driver/Src/stm32h7xx_hal_flash_ex.c.obj
LOAD CMakeFiles/CtrBoard-H7_ALL.elf.dir/Drivers/STM32H7xx_HAL_Driver/Src/stm32h7xx_hal_gpio.c.obj
LOAD CMakeFiles/CtrBoard-H7_ALL.elf.dir/Drivers/STM32H7xx_HAL_Driver/Src/stm32h7xx_hal_hsem.c.obj
LOAD CMakeFiles/CtrBoard-H7_ALL.elf.dir/Drivers/STM32H7xx_HAL_Driver/Src/stm32h7xx_hal_i2c.c.obj
LOAD CMakeFiles/CtrBoard-H7_ALL.elf.dir/Drivers/STM32H7xx_HAL_Driver/Src/stm32h7xx_hal_i2c_ex.c.obj
LOAD CMakeFiles/CtrBoard-H7_ALL.elf.dir/Drivers/STM32H7xx_HAL_Driver/Src/stm32h7xx_hal_mdma.c.obj
LOAD CMakeFiles/CtrBoard-H7_ALL.elf.dir/Drivers/STM32H7xx_HAL_Driver/Src/stm32h7xx_hal_pcd.c.obj
LOAD CMakeFiles/CtrBoard-H7_ALL.elf.dir/Drivers/STM32H7xx_HAL_Driver/Src/stm32h7xx_hal_pcd_ex.c.obj
LOAD CMakeFiles/CtrBoard-H7_ALL.elf.dir/Drivers/STM32H7xx_HAL_Driver/Src/stm32h7xx_hal_pwr.c.obj
LOAD CMakeFiles/CtrBoard-H7_ALL.elf.dir/Drivers/STM32H7xx_HAL_Driver/Src/stm32h7xx_hal_pwr_ex.c.obj
LOAD CMakeFiles/CtrBoard-H7_ALL.elf.dir/Drivers/STM32H7xx_HAL_Driver/Src/stm32h7xx_hal_rcc.c.obj
LOAD CMakeFiles/CtrBoard-H7_ALL.elf.dir/Drivers/STM32H7xx_HAL_Driver/Src/stm32h7xx_hal_rcc_ex.c.obj
LOAD CMakeFiles/CtrBoard-H7_ALL.elf.dir/Drivers/STM32H7xx_HAL_Driver/Src/stm32h7xx_hal_spi.c.obj
LOAD CMakeFiles/CtrBoard-H7_ALL.elf.dir/Drivers/STM32H7xx_HAL_Driver/Src/stm32h7xx_hal_spi_ex.c.obj
LOAD CMakeFiles/CtrBoard-H7_ALL.elf.dir/Drivers/STM32H7xx_HAL_Driver/Src/stm32h7xx_hal_tim.c.obj
LOAD CMakeFiles/CtrBoard-H7_ALL.elf.dir/Drivers/STM32H7xx_HAL_Driver/Src/stm32h7xx_hal_tim_ex.c.obj
LOAD CMakeFiles/CtrBoard-H7_ALL.elf.dir/Drivers/STM32H7xx_HAL_Driver/Src/stm32h7xx_hal_uart.c.obj
LOAD CMakeFiles/CtrBoard-H7_ALL.elf.dir/Drivers/STM32H7xx_HAL_Driver/Src/stm32h7xx_hal_uart_ex.c.obj
LOAD CMakeFiles/CtrBoard-H7_ALL.elf.dir/Drivers/STM32H7xx_HAL_Driver/Src/stm32h7xx_ll_usb.c.obj
LOAD CMakeFiles/CtrBoard-H7_ALL.elf.dir/Middlewares/ST/STM32_USB_Device_Library/Class/CDC/Src/usbd_cdc.c.obj
LOAD CMakeFiles/CtrBoard-H7_ALL.elf.dir/Middlewares/ST/STM32_USB_Device_Library/Core/Src/usbd_core.c.obj
LOAD CMakeFiles/CtrBoard-H7_ALL.elf.dir/Middlewares/ST/STM32_USB_Device_Library/Core/Src/usbd_ctlreq.c.obj
LOAD CMakeFiles/CtrBoard-H7_ALL.elf.dir/Middlewares/ST/STM32_USB_Device_Library/Core/Src/usbd_ioreq.c.obj
LOAD CMakeFiles/CtrBoard-H7_ALL.elf.dir/Middlewares/Third_Party/FreeRTOS/Source/CMSIS_RTOS/cmsis_os.c.obj
LOAD CMakeFiles/CtrBoard-H7_ALL.elf.dir/Middlewares/Third_Party/FreeRTOS/Source/croutine.c.obj
LOAD CMakeFiles/CtrBoard-H7_ALL.elf.dir/Middlewares/Third_Party/FreeRTOS/Source/event_groups.c.obj
LOAD CMakeFiles/CtrBoard-H7_ALL.elf.dir/Middlewares/Third_Party/FreeRTOS/Source/list.c.obj
LOAD CMakeFiles/CtrBoard-H7_ALL.elf.dir/Middlewares/Third_Party/FreeRTOS/Source/portable/GCC/ARM_CM4F/port.c.obj
LOAD CMakeFiles/CtrBoard-H7_ALL.elf.dir/Middlewares/Third_Party/FreeRTOS/Source/portable/MemMang/heap_4.c.obj
LOAD CMakeFiles/CtrBoard-H7_ALL.elf.dir/Middlewares/Third_Party/FreeRTOS/Source/queue.c.obj
LOAD CMakeFiles/CtrBoard-H7_ALL.elf.dir/Middlewares/Third_Party/FreeRTOS/Source/stream_buffer.c.obj
LOAD CMakeFiles/CtrBoard-H7_ALL.elf.dir/Middlewares/Third_Party/FreeRTOS/Source/tasks.c.obj
LOAD CMakeFiles/CtrBoard-H7_ALL.elf.dir/Middlewares/Third_Party/FreeRTOS/Source/timers.c.obj
LOAD CMakeFiles/CtrBoard-H7_ALL.elf.dir/Middlewares/Third_Party/SEGGER/RTT/SEGGER_RTT.c.obj
LOAD CMakeFiles/CtrBoard-H7_ALL.elf.dir/Middlewares/Third_Party/SEGGER/RTT/SEGGER_RTT_ASM_ARMv7M.s.obj
LOAD CMakeFiles/CtrBoard-H7_ALL.elf.dir/Middlewares/Third_Party/SEGGER/RTT/SEGGER_RTT_printf.c.obj
LOAD CMakeFiles/CtrBoard-H7_ALL.elf.dir/USB_DEVICE/App/usb_device.c.obj
LOAD CMakeFiles/CtrBoard-H7_ALL.elf.dir/USB_DEVICE/App/usbd_cdc_if.c.obj
LOAD CMakeFiles/CtrBoard-H7_ALL.elf.dir/USB_DEVICE/App/usbd_desc.c.obj
LOAD CMakeFiles/CtrBoard-H7_ALL.elf.dir/USB_DEVICE/Target/usbd_conf.c.obj
LOAD CMakeFiles/CtrBoard-H7_ALL.elf.dir/src/algorithm/Filter/filter32.c.obj
LOAD CMakeFiles/CtrBoard-H7_ALL.elf.dir/src/algorithm/MahonyAHRS/MahonyAHRS.c.obj
LOAD CMakeFiles/CtrBoard-H7_ALL.elf.dir/src/algorithm/PID/PID.c.obj
LOAD CMakeFiles/CtrBoard-H7_ALL.elf.dir/src/algorithm/QuaternionEKF/QuaternionEKF.c.obj
LOAD CMakeFiles/CtrBoard-H7_ALL.elf.dir/src/algorithm/Ramp/ramp.c.obj
LOAD CMakeFiles/CtrBoard-H7_ALL.elf.dir/src/algorithm/User_Lib/user_lib.c.obj
LOAD CMakeFiles/CtrBoard-H7_ALL.elf.dir/src/algorithm/crc/crc8_crc16.c.obj
LOAD CMakeFiles/CtrBoard-H7_ALL.elf.dir/src/algorithm/kalman_filter/kalman_filter.c.obj
LOAD CMakeFiles/CtrBoard-H7_ALL.elf.dir/src/modules/BMI088/BMI088Middleware.c.obj
LOAD CMakeFiles/CtrBoard-H7_ALL.elf.dir/src/modules/BMI088/BMI088driver.c.obj
LOAD CMakeFiles/CtrBoard-H7_ALL.elf.dir/src/modules/BMI088/transfer_function.c.obj
LOAD CMakeFiles/CtrBoard-H7_ALL.elf.dir/src/modules/can/hal_can.c.obj
LOAD CMakeFiles/CtrBoard-H7_ALL.elf.dir/src/modules/dm_imu/dm_imu.c.obj
LOAD CMakeFiles/CtrBoard-H7_ALL.elf.dir/src/modules/dwt/drv_dwt.c.obj
LOAD CMakeFiles/CtrBoard-H7_ALL.elf.dir/src/modules/ipc/uMCN.c.obj
LOAD CMakeFiles/CtrBoard-H7_ALL.elf.dir/src/modules/leg_vmc/drv_leg.c.obj
LOAD CMakeFiles/CtrBoard-H7_ALL.elf.dir/src/modules/leg_wbr/leg_wbr.c.obj
LOAD CMakeFiles/CtrBoard-H7_ALL.elf.dir/src/modules/log/bsp_log.c.obj
LOAD CMakeFiles/CtrBoard-H7_ALL.elf.dir/src/modules/motor/DJI_motor/dji_motor.c.obj
LOAD CMakeFiles/CtrBoard-H7_ALL.elf.dir/src/modules/motor/DM_motor/DM_Motor.c.obj
LOAD CMakeFiles/CtrBoard-H7_ALL.elf.dir/src/modules/motor/HT_motor/ht04.c.obj
LOAD CMakeFiles/CtrBoard-H7_ALL.elf.dir/src/modules/motor/LK_motor/lk_motor.c.obj
LOAD CMakeFiles/CtrBoard-H7_ALL.elf.dir/src/modules/pwm/drv_PWM.c.obj
LOAD CMakeFiles/CtrBoard-H7_ALL.elf.dir/src/modules/rc/dbus/rc_dbus.c.obj
LOAD CMakeFiles/CtrBoard-H7_ALL.elf.dir/src/modules/rc/Keyboard/keyboard.c.obj
LOAD CMakeFiles/CtrBoard-H7_ALL.elf.dir/src/modules/referee/referee_system.c.obj
LOAD CMakeFiles/CtrBoard-H7_ALL.elf.dir/src/modules/ws2812b/ws2812.c.obj
LOAD CMakeFiles/CtrBoard-H7_ALL.elf.dir/src/robot.c.obj
LOAD CMakeFiles/CtrBoard-H7_ALL.elf.dir/src/task/chassis/chassis_task.c.obj
LOAD CMakeFiles/CtrBoard-H7_ALL.elf.dir/src/task/cmd/cmd_task.c.obj
LOAD CMakeFiles/CtrBoard-H7_ALL.elf.dir/src/task/gimbal/gimbal_task.c.obj
LOAD CMakeFiles/CtrBoard-H7_ALL.elf.dir/src/task/ins/ins_task.c.obj
LOAD CMakeFiles/CtrBoard-H7_ALL.elf.dir/src/task/motor/motor_task.c.obj
LOAD CMakeFiles/CtrBoard-H7_ALL.elf.dir/src/task/shoot/shoot_task.c.obj
LOAD CMakeFiles/CtrBoard-H7_ALL.elf.dir/src/task/trans/trans_task.c.obj
LOAD CMakeFiles/CtrBoard-H7_ALL.elf.dir/src/task/uart/uart_receive.c.obj
LOAD D:\HNU_RM_CodeStorage\Serial_Balance_H723_11_24\HNU_Serial_H723_2025_11_20\Middlewares\ST\ARM\DSP\Lib\libarm_cortexM7lfsp_math.a
START GROUP
LOAD d:/stm32environment/arm/bin/../lib/gcc/arm-none-eabi/10.3.1/thumb/v7e-m+fp/hard\libgcc.a
LOAD d:/stm32environment/arm/bin/../lib/gcc/arm-none-eabi/10.3.1/../../../../arm-none-eabi/lib/thumb/v7e-m+fp/hard\libg.a
LOAD d:/stm32environment/arm/bin/../lib/gcc/arm-none-eabi/10.3.1/../../../../arm-none-eabi/lib/thumb/v7e-m+fp/hard\libc.a
END GROUP
LOAD d:/stm32environment/arm/bin/../lib/gcc/arm-none-eabi/10.3.1/thumb/v7e-m+fp/hard/crtend.o
LOAD d:/stm32environment/arm/bin/../lib/gcc/arm-none-eabi/10.3.1/thumb/v7e-m+fp/hard/crtn.o
                0x24050000                _estack = (ORIGIN (RAM_D1) + LENGTH (RAM_D1))
                0x00000400                _Min_Heap_Size = 0x400
                0x00001000                _Min_Stack_Size = 0x1000

.isr_vector     0x08000000      0x2cc
                0x08000000                . = ALIGN (0x4)
 *(.isr_vector)
 .isr_vector    0x08000000      0x2cc CMakeFiles/CtrBoard-H7_ALL.elf.dir/Core/Startup/startup_stm32h723vgtx.s.obj
                0x08000000                g_pfnVectors
                0x080002cc                . = ALIGN (0x4)

.text           0x08000300    0x1f77c
                0x08000300                . = ALIGN (0x4)
 *(.text)
 .text          0x08000300       0x40 d:/stm32environment/arm/bin/../lib/gcc/arm-none-eabi/10.3.1/thumb/v7e-m+fp/hard/crtbegin.o
 .text          0x08000340      0x378 d:/stm32environment/arm/bin/../lib/gcc/arm-none-eabi/10.3.1/thumb/v7e-m+fp/hard\libgcc.a(_arm_addsubdf3.o)
                0x08000340                __aeabi_drsub
                0x08000348                __aeabi_dsub
                0x08000348                __subdf3
                0x0800034c                __aeabi_dadd
                0x0800034c                __adddf3
                0x080005c4                __floatunsidf
                0x080005c4                __aeabi_ui2d
                0x080005e4                __floatsidf
                0x080005e4                __aeabi_i2d
                0x08000608                __aeabi_f2d
                0x08000608                __extendsfdf2
                0x0800064c                __floatundidf
                0x0800064c                __aeabi_ul2d
                0x0800065c                __floatdidf
                0x0800065c                __aeabi_l2d
 .text          0x080006b8      0x424 d:/stm32environment/arm/bin/../lib/gcc/arm-none-eabi/10.3.1/thumb/v7e-m+fp/hard\libgcc.a(_arm_muldivdf3.o)
                0x080006b8                __aeabi_dmul
                0x080006b8                __muldf3
                0x0800090c                __divdf3
                0x0800090c                __aeabi_ddiv
 .text          0x08000adc      0x110 d:/stm32environment/arm/bin/../lib/gcc/arm-none-eabi/10.3.1/thumb/v7e-m+fp/hard\libgcc.a(_arm_cmpdf2.o)
                0x08000adc                __gtdf2
                0x08000adc                __gedf2
                0x08000ae4                __ltdf2
                0x08000ae4                __ledf2
                0x08000aec                __nedf2
                0x08000aec                __eqdf2
                0x08000aec                __cmpdf2
                0x08000b68                __aeabi_cdrcmple
                0x08000b78                __aeabi_cdcmpeq
                0x08000b78                __aeabi_cdcmple
                0x08000b88                __aeabi_dcmpeq
                0x08000b9c                __aeabi_dcmplt
                0x08000bb0                __aeabi_dcmple
                0x08000bc4                __aeabi_dcmpge
                0x08000bd8                __aeabi_dcmpgt
 .text          0x08000bec       0xa0 d:/stm32environment/arm/bin/../lib/gcc/arm-none-eabi/10.3.1/thumb/v7e-m+fp/hard\libgcc.a(_arm_truncdfsf2.o)
                0x08000bec                __truncdfsf2
                0x08000bec                __aeabi_d2f
 .text          0x08000c8c      0x21c d:/stm32environment/arm/bin/../lib/gcc/arm-none-eabi/10.3.1/thumb/v7e-m+fp/hard\libgcc.a(_arm_addsubsf3.o)
                0x08000c8c                __aeabi_frsub
                0x08000c94                __subsf3
                0x08000c94                __aeabi_fsub
                0x08000c98                __aeabi_fadd
                0x08000c98                __addsf3
                0x08000df8                __aeabi_ui2f
                0x08000df8                __floatunsisf
                0x08000e00                __aeabi_i2f
                0x08000e00                __floatsisf
                0x08000e1c                __aeabi_ul2f
                0x08000e1c                __floatundisf
                0x08000e2c                __aeabi_l2f
                0x08000e2c                __floatdisf
 .text          0x08000ea8       0x30 d:/stm32environment/arm/bin/../lib/gcc/arm-none-eabi/10.3.1/thumb/v7e-m+fp/hard\libgcc.a(_aeabi_uldivmod.o)
                0x08000ea8                __aeabi_uldivmod
 .text          0x08000ed8      0x2d0 d:/stm32environment/arm/bin/../lib/gcc/arm-none-eabi/10.3.1/thumb/v7e-m+fp/hard\libgcc.a(_udivmoddi4.o)
                0x08000ed8                __udivmoddi4
 .text          0x080011a8        0x4 d:/stm32environment/arm/bin/../lib/gcc/arm-none-eabi/10.3.1/thumb/v7e-m+fp/hard\libgcc.a(_dvmd_tls.o)
                0x080011a8                __aeabi_idiv0
                0x080011a8                __aeabi_ldiv0
 .text          0x080011ac      0x134 d:/stm32environment/arm/bin/../lib/gcc/arm-none-eabi/10.3.1/../../../../arm-none-eabi/lib/thumb/v7e-m+fp/hard\libg.a(lib_a-memcpy.o)
                0x080011ac                memcpy
 *fill*         0x080012e0       0x20 
 .text          0x08001300       0xdc d:/stm32environment/arm/bin/../lib/gcc/arm-none-eabi/10.3.1/../../../../arm-none-eabi/lib/thumb/v7e-m+fp/hard\libg.a(lib_a-strlen.o)
                0x08001300                strlen
 *fill*         0x080013dc        0x4 
 .text          0x080013e0       0xa0 d:/stm32environment/arm/bin/../lib/gcc/arm-none-eabi/10.3.1/../../../../arm-none-eabi/lib/thumb/v7e-m+fp/hard\libg.a(lib_a-memchr.o)
                0x080013e0                memchr
 .text          0x08001480       0x2c d:/stm32environment/arm/bin/../lib/gcc/arm-none-eabi/10.3.1/thumb/v7e-m+fp/hard\libgcc.a(_arm_unorddf2.o)
                0x08001480                __unorddf2
                0x08001480                __aeabi_dcmpun
 .text          0x080014ac       0x50 d:/stm32environment/arm/bin/../lib/gcc/arm-none-eabi/10.3.1/thumb/v7e-m+fp/hard\libgcc.a(_arm_fixdfsi.o)
                0x080014ac                __aeabi_d2iz
                0x080014ac                __fixdfsi
 *(.text*)
 .text.MX_DMA_Init
                0x080014fc       0x80 CMakeFiles/CtrBoard-H7_ALL.elf.dir/Core/Src/dma.c.obj
                0x080014fc                MX_DMA_Init
 .text.MX_FDCAN1_Init
                0x0800157c       0x64 CMakeFiles/CtrBoard-H7_ALL.elf.dir/Core/Src/fdcan.c.obj
                0x0800157c                MX_FDCAN1_Init
 .text.MX_FDCAN2_Init
                0x080015e0       0x64 CMakeFiles/CtrBoard-H7_ALL.elf.dir/Core/Src/fdcan.c.obj
                0x080015e0                MX_FDCAN2_Init
 .text.MX_FDCAN3_Init
                0x08001644       0x64 CMakeFiles/CtrBoard-H7_ALL.elf.dir/Core/Src/fdcan.c.obj
                0x08001644                MX_FDCAN3_Init
 .text.HAL_FDCAN_MspInit
                0x080016a8      0x1f8 CMakeFiles/CtrBoard-H7_ALL.elf.dir/Core/Src/fdcan.c.obj
                0x080016a8                HAL_FDCAN_MspInit
 .text.StartDefaultTask
                0x080018a0       0x2c CMakeFiles/CtrBoard-H7_ALL.elf.dir/Core/Src/freertos.c.obj
                0x080018a0                StartDefaultTask
 .text.vApplicationGetIdleTaskMemory
                0x080018cc       0x18 CMakeFiles/CtrBoard-H7_ALL.elf.dir/Core/Src/freertos.c.obj
                0x080018cc                vApplicationGetIdleTaskMemory
 .text.vApplicationGetTimerTaskMemory
                0x080018e4       0x18 CMakeFiles/CtrBoard-H7_ALL.elf.dir/Core/Src/freertos.c.obj
                0x080018e4                vApplicationGetTimerTaskMemory
 .text.MX_FREERTOS_Init
                0x080018fc       0x30 CMakeFiles/CtrBoard-H7_ALL.elf.dir/Core/Src/freertos.c.obj
                0x080018fc                MX_FREERTOS_Init
 .text.MX_GPIO_Init
                0x0800192c      0x2d0 CMakeFiles/CtrBoard-H7_ALL.elf.dir/Core/Src/gpio.c.obj
                0x0800192c                MX_GPIO_Init
 .text.Error_Handler
                0x08001bfc        0x4 CMakeFiles/CtrBoard-H7_ALL.elf.dir/Core/Src/main.c.obj
                0x08001bfc                Error_Handler
 .text.SystemClock_Config
                0x08001c00       0xc0 CMakeFiles/CtrBoard-H7_ALL.elf.dir/Core/Src/main.c.obj
                0x08001c00                SystemClock_Config
 .text.main     0x08001cc0       0x70 CMakeFiles/CtrBoard-H7_ALL.elf.dir/Core/Src/main.c.obj
                0x08001cc0                main
 .text.MX_SPI2_Init
                0x08001d30       0x60 CMakeFiles/CtrBoard-H7_ALL.elf.dir/Core/Src/spi.c.obj
                0x08001d30                MX_SPI2_Init
 .text.MX_SPI6_Init
                0x08001d90       0x64 CMakeFiles/CtrBoard-H7_ALL.elf.dir/Core/Src/spi.c.obj
                0x08001d90                MX_SPI6_Init
 .text.HAL_SPI_MspInit
                0x08001df4      0x20c CMakeFiles/CtrBoard-H7_ALL.elf.dir/Core/Src/spi.c.obj
                0x08001df4                HAL_SPI_MspInit
 .text.HAL_MspInit
                0x08002000       0x34 CMakeFiles/CtrBoard-H7_ALL.elf.dir/Core/Src/stm32h7xx_hal_msp.c.obj
                0x08002000                HAL_MspInit
 .text.HAL_InitTick
                0x08002034       0x90 CMakeFiles/CtrBoard-H7_ALL.elf.dir/Core/Src/stm32h7xx_hal_timebase_tim.c.obj
                0x08002034                HAL_InitTick
 .text.NMI_Handler
                0x080020c4        0x2 CMakeFiles/CtrBoard-H7_ALL.elf.dir/Core/Src/stm32h7xx_it.c.obj
                0x080020c4                NMI_Handler
 .text.HardFault_Handler
                0x080020c6        0x2 CMakeFiles/CtrBoard-H7_ALL.elf.dir/Core/Src/stm32h7xx_it.c.obj
                0x080020c6                HardFault_Handler
 .text.MemManage_Handler
                0x080020c8        0x2 CMakeFiles/CtrBoard-H7_ALL.elf.dir/Core/Src/stm32h7xx_it.c.obj
                0x080020c8                MemManage_Handler
 .text.BusFault_Handler
                0x080020ca        0x2 CMakeFiles/CtrBoard-H7_ALL.elf.dir/Core/Src/stm32h7xx_it.c.obj
                0x080020ca                BusFault_Handler
 .text.UsageFault_Handler
                0x080020cc        0x2 CMakeFiles/CtrBoard-H7_ALL.elf.dir/Core/Src/stm32h7xx_it.c.obj
                0x080020cc                UsageFault_Handler
 .text.DebugMon_Handler
                0x080020ce        0x2 CMakeFiles/CtrBoard-H7_ALL.elf.dir/Core/Src/stm32h7xx_it.c.obj
                0x080020ce                DebugMon_Handler
 .text.DMA1_Stream1_IRQHandler
                0x080020d0       0x10 CMakeFiles/CtrBoard-H7_ALL.elf.dir/Core/Src/stm32h7xx_it.c.obj
                0x080020d0                DMA1_Stream1_IRQHandler
 .text.DMA1_Stream2_IRQHandler
                0x080020e0       0x10 CMakeFiles/CtrBoard-H7_ALL.elf.dir/Core/Src/stm32h7xx_it.c.obj
                0x080020e0                DMA1_Stream2_IRQHandler
 .text.FDCAN1_IT0_IRQHandler
                0x080020f0       0x10 CMakeFiles/CtrBoard-H7_ALL.elf.dir/Core/Src/stm32h7xx_it.c.obj
                0x080020f0                FDCAN1_IT0_IRQHandler
 .text.FDCAN2_IT1_IRQHandler
                0x08002100       0x10 CMakeFiles/CtrBoard-H7_ALL.elf.dir/Core/Src/stm32h7xx_it.c.obj
                0x08002100                FDCAN2_IT1_IRQHandler
 .text.TIM4_IRQHandler
                0x08002110       0x10 CMakeFiles/CtrBoard-H7_ALL.elf.dir/Core/Src/stm32h7xx_it.c.obj
                0x08002110                TIM4_IRQHandler
 .text.SPI2_IRQHandler
                0x08002120       0x10 CMakeFiles/CtrBoard-H7_ALL.elf.dir/Core/Src/stm32h7xx_it.c.obj
                0x08002120                SPI2_IRQHandler
 .text.UART5_IRQHandler
                0x08002130       0x10 CMakeFiles/CtrBoard-H7_ALL.elf.dir/Core/Src/stm32h7xx_it.c.obj
                0x08002130                UART5_IRQHandler
 .text.DMA2_Stream0_IRQHandler
                0x08002140       0x10 CMakeFiles/CtrBoard-H7_ALL.elf.dir/Core/Src/stm32h7xx_it.c.obj
                0x08002140                DMA2_Stream0_IRQHandler
 .text.DMA2_Stream1_IRQHandler
                0x08002150       0x10 CMakeFiles/CtrBoard-H7_ALL.elf.dir/Core/Src/stm32h7xx_it.c.obj
                0x08002150                DMA2_Stream1_IRQHandler
 .text.OTG_HS_IRQHandler
                0x08002160       0x10 CMakeFiles/CtrBoard-H7_ALL.elf.dir/Core/Src/stm32h7xx_it.c.obj
                0x08002160                OTG_HS_IRQHandler
 .text.USART10_IRQHandler
                0x08002170       0x10 CMakeFiles/CtrBoard-H7_ALL.elf.dir/Core/Src/stm32h7xx_it.c.obj
                0x08002170                USART10_IRQHandler
 .text.FDCAN3_IT0_IRQHandler
                0x08002180       0x10 CMakeFiles/CtrBoard-H7_ALL.elf.dir/Core/Src/stm32h7xx_it.c.obj
                0x08002180                FDCAN3_IT0_IRQHandler
 .text.TIM23_IRQHandler
                0x08002190       0x10 CMakeFiles/CtrBoard-H7_ALL.elf.dir/Core/Src/stm32h7xx_it.c.obj
                0x08002190                TIM23_IRQHandler
 .text._getpid  0x080021a0        0x4 CMakeFiles/CtrBoard-H7_ALL.elf.dir/Core/Src/syscalls.c.obj
                0x080021a0                _getpid
 .text._kill    0x080021a4       0x10 CMakeFiles/CtrBoard-H7_ALL.elf.dir/Core/Src/syscalls.c.obj
                0x080021a4                _kill
 .text._exit    0x080021b4        0xc CMakeFiles/CtrBoard-H7_ALL.elf.dir/Core/Src/syscalls.c.obj
                0x080021b4                _exit
 .text._read    0x080021c0       0x20 CMakeFiles/CtrBoard-H7_ALL.elf.dir/Core/Src/syscalls.c.obj
                0x080021c0                _read
 .text._write   0x080021e0       0x1c CMakeFiles/CtrBoard-H7_ALL.elf.dir/Core/Src/syscalls.c.obj
                0x080021e0                _write
 .text._close   0x080021fc        0x6 CMakeFiles/CtrBoard-H7_ALL.elf.dir/Core/Src/syscalls.c.obj
                0x080021fc                _close
 .text._fstat   0x08002202        0xa CMakeFiles/CtrBoard-H7_ALL.elf.dir/Core/Src/syscalls.c.obj
                0x08002202                _fstat
 .text._isatty  0x0800220c        0x4 CMakeFiles/CtrBoard-H7_ALL.elf.dir/Core/Src/syscalls.c.obj
                0x0800220c                _isatty
 .text._lseek   0x08002210        0x4 CMakeFiles/CtrBoard-H7_ALL.elf.dir/Core/Src/syscalls.c.obj
                0x08002210                _lseek
 .text._sbrk    0x08002214       0x48 CMakeFiles/CtrBoard-H7_ALL.elf.dir/Core/Src/sysmem.c.obj
                0x08002214                _sbrk
 .text.SystemInit
                0x0800225c       0xac CMakeFiles/CtrBoard-H7_ALL.elf.dir/Core/Src/system_stm32h7xx.c.obj
                0x0800225c                SystemInit
 .text.MX_TIM4_Init
                0x08002308       0x70 CMakeFiles/CtrBoard-H7_ALL.elf.dir/Core/Src/tim.c.obj
                0x08002308                MX_TIM4_Init
 .text.HAL_TIM_PWM_MspInit
                0x08002378       0x34 CMakeFiles/CtrBoard-H7_ALL.elf.dir/Core/Src/tim.c.obj
                0x08002378                HAL_TIM_PWM_MspInit
 .text.HAL_TIM_Base_MspInit
                0x080023ac       0x48 CMakeFiles/CtrBoard-H7_ALL.elf.dir/Core/Src/tim.c.obj
                0x080023ac                HAL_TIM_Base_MspInit
 .text.HAL_TIM_MspPostInit
                0x080023f4       0x58 CMakeFiles/CtrBoard-H7_ALL.elf.dir/Core/Src/tim.c.obj
                0x080023f4                HAL_TIM_MspPostInit
 .text.MX_TIM3_Init
                0x0800244c       0x88 CMakeFiles/CtrBoard-H7_ALL.elf.dir/Core/Src/tim.c.obj
                0x0800244c                MX_TIM3_Init
 .text.MX_UART5_Init
                0x080024d4       0x78 CMakeFiles/CtrBoard-H7_ALL.elf.dir/Core/Src/usart.c.obj
                0x080024d4                MX_UART5_Init
 .text.MX_USART10_UART_Init
                0x0800254c       0x68 CMakeFiles/CtrBoard-H7_ALL.elf.dir/Core/Src/usart.c.obj
                0x0800254c                MX_USART10_UART_Init
 .text.HAL_UART_MspInit
                0x080025b4      0x200 CMakeFiles/CtrBoard-H7_ALL.elf.dir/Core/Src/usart.c.obj
                0x080025b4                HAL_UART_MspInit
 .text.Reset_Handler
                0x080027b4       0x50 CMakeFiles/CtrBoard-H7_ALL.elf.dir/Core/Startup/startup_stm32h723vgtx.s.obj
                0x080027b4                Reset_Handler
 .text.Default_Handler
                0x08002804        0x2 CMakeFiles/CtrBoard-H7_ALL.elf.dir/Core/Startup/startup_stm32h723vgtx.s.obj
                0x08002804                RTC_Alarm_IRQHandler
                0x08002804                EXTI2_IRQHandler
                0x08002804                TIM8_CC_IRQHandler
                0x08002804                UART8_IRQHandler
                0x08002804                SPI4_IRQHandler
                0x08002804                TIM1_CC_IRQHandler
                0x08002804                BDMA_Channel6_IRQHandler
                0x08002804                DMA2_Stream5_IRQHandler
                0x08002804                DMA1_Stream5_IRQHandler
                0x08002804                CORDIC_IRQHandler
                0x08002804                BDMA_Channel1_IRQHandler
                0x08002804                TAMP_STAMP_IRQHandler
                0x08002804                EXTI3_IRQHandler
                0x08002804                LPTIM4_IRQHandler
                0x08002804                TIM8_TRG_COM_TIM14_IRQHandler
                0x08002804                LPTIM2_IRQHandler
                0x08002804                DFSDM1_FLT1_IRQHandler
                0x08002804                DMAMUX2_OVR_IRQHandler
                0x08002804                TIM8_UP_TIM13_IRQHandler
                0x08002804                I2C3_ER_IRQHandler
                0x08002804                DFSDM1_FLT2_IRQHandler
                0x08002804                I2C5_EV_IRQHandler
                0x08002804                MDMA_IRQHandler
                0x08002804                LPTIM3_IRQHandler
                0x08002804                HSEM1_IRQHandler
                0x08002804                EXTI0_IRQHandler
                0x08002804                I2C2_EV_IRQHandler
                0x08002804                FPU_IRQHandler
                0x08002804                OTG_HS_WKUP_IRQHandler
                0x08002804                FDCAN1_IT1_IRQHandler
                0x08002804                LTDC_ER_IRQHandler
                0x08002804                DMA2_Stream2_IRQHandler
                0x08002804                SPI1_IRQHandler
                0x08002804                OCTOSPI1_IRQHandler
                0x08002804                TIM6_DAC_IRQHandler
                0x08002804                DMA2_Stream3_IRQHandler
                0x08002804                OCTOSPI2_IRQHandler
                0x08002804                DFSDM1_FLT3_IRQHandler
                0x08002804                USART6_IRQHandler
                0x08002804                TIM17_IRQHandler
                0x08002804                USART3_IRQHandler
                0x08002804                BDMA_Channel7_IRQHandler
                0x08002804                LPTIM5_IRQHandler
                0x08002804                ADC3_IRQHandler
                0x08002804                BDMA_Channel2_IRQHandler
                0x08002804                I2C1_EV_IRQHandler
                0x08002804                DMA1_Stream6_IRQHandler
                0x08002804                DMAMUX1_OVR_IRQHandler
                0x08002804                TIM16_IRQHandler
                0x08002804                UART4_IRQHandler
                0x08002804                BDMA_Channel5_IRQHandler
                0x08002804                TIM3_IRQHandler
                0x08002804                RCC_IRQHandler
                0x08002804                UART9_IRQHandler
                0x08002804                TIM8_BRK_TIM12_IRQHandler
                0x08002804                TIM1_TRG_COM_IRQHandler
                0x08002804                Default_Handler
                0x08002804                ECC_IRQHandler
                0x08002804                FMAC_IRQHandler
                0x08002804                CEC_IRQHandler
                0x08002804                EXTI15_10_IRQHandler
                0x08002804                BDMA_Channel0_IRQHandler
                0x08002804                ADC_IRQHandler
                0x08002804                I2C5_ER_IRQHandler
                0x08002804                DMA1_Stream7_IRQHandler
                0x08002804                SPI5_IRQHandler
                0x08002804                TIM7_IRQHandler
                0x08002804                FDCAN3_IT1_IRQHandler
                0x08002804                SDMMC1_IRQHandler
                0x08002804                TIM5_IRQHandler
                0x08002804                DMA2_Stream7_IRQHandler
                0x08002804                TIM15_IRQHandler
                0x08002804                PVD_AVD_IRQHandler
                0x08002804                I2C3_EV_IRQHandler
                0x08002804                EXTI9_5_IRQHandler
                0x08002804                RTC_WKUP_IRQHandler
                0x08002804                LTDC_IRQHandler
                0x08002804                ETH_WKUP_IRQHandler
                0x08002804                SPDIF_RX_IRQHandler
                0x08002804                OTG_HS_EP1_IN_IRQHandler
                0x08002804                DMA1_Stream0_IRQHandler
                0x08002804                TIM24_IRQHandler
                0x08002804                CRS_IRQHandler
                0x08002804                EXTI4_IRQHandler
                0x08002804                RNG_IRQHandler
                0x08002804                ETH_IRQHandler
                0x08002804                TIM1_UP_IRQHandler
                0x08002804                BDMA_Channel4_IRQHandler
                0x08002804                OTG_HS_EP1_OUT_IRQHandler
                0x08002804                WWDG_IRQHandler
                0x08002804                SPI6_IRQHandler
                0x08002804                MDIOS_IRQHandler
                0x08002804                I2C4_EV_IRQHandler
                0x08002804                FDCAN2_IT0_IRQHandler
                0x08002804                LPUART1_IRQHandler
                0x08002804                TIM2_IRQHandler
                0x08002804                DMA2D_IRQHandler
                0x08002804                TIM1_BRK_IRQHandler
                0x08002804                EXTI1_IRQHandler
                0x08002804                SDMMC2_IRQHandler
                0x08002804                BDMA_Channel3_IRQHandler
                0x08002804                DTS_IRQHandler
                0x08002804                UART7_IRQHandler
                0x08002804                MDIOS_WKUP_IRQHandler
                0x08002804                USART2_IRQHandler
                0x08002804                DFSDM1_FLT0_IRQHandler
                0x08002804                SAI4_IRQHandler
                0x08002804                I2C2_ER_IRQHandler
                0x08002804                FLASH_IRQHandler
                0x08002804                DMA2_Stream4_IRQHandler
                0x08002804                USART1_IRQHandler
                0x08002804                SPI3_IRQHandler
                0x08002804                WAKEUP_PIN_IRQHandler
                0x08002804                DMA1_Stream4_IRQHandler
                0x08002804                I2C1_ER_IRQHandler
                0x08002804                FMC_IRQHandler
                0x08002804                FDCAN_CAL_IRQHandler
                0x08002804                SWPMI1_IRQHandler
                0x08002804                COMP1_IRQHandler
                0x08002804                LPTIM1_IRQHandler
                0x08002804                DCMI_PSSI_IRQHandler
                0x08002804                I2C4_ER_IRQHandler
                0x08002804                DMA2_Stream6_IRQHandler
                0x08002804                SAI1_IRQHandler
                0x08002804                DMA1_Stream3_IRQHandler
 *fill*         0x08002806        0x2 
 .text.HAL_Init
                0x08002808       0x5c CMakeFiles/CtrBoard-H7_ALL.elf.dir/Drivers/STM32H7xx_HAL_Driver/Src/stm32h7xx_hal.c.obj
                0x08002808                HAL_Init
 .text.HAL_IncTick
                0x08002864       0x18 CMakeFiles/CtrBoard-H7_ALL.elf.dir/Drivers/STM32H7xx_HAL_Driver/Src/stm32h7xx_hal.c.obj
                0x08002864                HAL_IncTick
 .text.HAL_GetTick
                0x0800287c        0xc CMakeFiles/CtrBoard-H7_ALL.elf.dir/Drivers/STM32H7xx_HAL_Driver/Src/stm32h7xx_hal.c.obj
                0x0800287c                HAL_GetTick
 .text.HAL_Delay
                0x08002888       0x28 CMakeFiles/CtrBoard-H7_ALL.elf.dir/Drivers/STM32H7xx_HAL_Driver/Src/stm32h7xx_hal.c.obj
                0x08002888                HAL_Delay
 .text.HAL_SYSCFG_AnalogSwitchConfig
                0x080028b0       0x14 CMakeFiles/CtrBoard-H7_ALL.elf.dir/Drivers/STM32H7xx_HAL_Driver/Src/stm32h7xx_hal.c.obj
                0x080028b0                HAL_SYSCFG_AnalogSwitchConfig
 .text.HAL_NVIC_SetPriorityGrouping
                0x080028c4       0x24 CMakeFiles/CtrBoard-H7_ALL.elf.dir/Drivers/STM32H7xx_HAL_Driver/Src/stm32h7xx_hal_cortex.c.obj
                0x080028c4                HAL_NVIC_SetPriorityGrouping
 .text.HAL_NVIC_SetPriority
                0x080028e8       0x6c CMakeFiles/CtrBoard-H7_ALL.elf.dir/Drivers/STM32H7xx_HAL_Driver/Src/stm32h7xx_hal_cortex.c.obj
                0x080028e8                HAL_NVIC_SetPriority
 .text.HAL_NVIC_EnableIRQ
                0x08002954       0x1c CMakeFiles/CtrBoard-H7_ALL.elf.dir/Drivers/STM32H7xx_HAL_Driver/Src/stm32h7xx_hal_cortex.c.obj
                0x08002954                HAL_NVIC_EnableIRQ
 .text.DMA_CalcBaseAndBitshift
                0x08002970       0xb4 CMakeFiles/CtrBoard-H7_ALL.elf.dir/Drivers/STM32H7xx_HAL_Driver/Src/stm32h7xx_hal_dma.c.obj
 .text.DMA_CheckFifoParam
                0x08002a24       0x92 CMakeFiles/CtrBoard-H7_ALL.elf.dir/Drivers/STM32H7xx_HAL_Driver/Src/stm32h7xx_hal_dma.c.obj
 *fill*         0x08002ab6        0x2 
 .text.DMA_CalcDMAMUXChannelBaseAndMask
                0x08002ab8       0xb0 CMakeFiles/CtrBoard-H7_ALL.elf.dir/Drivers/STM32H7xx_HAL_Driver/Src/stm32h7xx_hal_dma.c.obj
 .text.DMA_CalcDMAMUXRequestGenBaseAndMask
                0x08002b68       0x7c CMakeFiles/CtrBoard-H7_ALL.elf.dir/Drivers/STM32H7xx_HAL_Driver/Src/stm32h7xx_hal_dma.c.obj
 .text.HAL_DMA_Init
                0x08002be4      0x394 CMakeFiles/CtrBoard-H7_ALL.elf.dir/Drivers/STM32H7xx_HAL_Driver/Src/stm32h7xx_hal_dma.c.obj
                0x08002be4                HAL_DMA_Init
 .text.HAL_DMA_Abort
                0x08002f78      0x340 CMakeFiles/CtrBoard-H7_ALL.elf.dir/Drivers/STM32H7xx_HAL_Driver/Src/stm32h7xx_hal_dma.c.obj
                0x08002f78                HAL_DMA_Abort
 .text.HAL_DMA_Abort_IT
                0x080032b8      0x270 CMakeFiles/CtrBoard-H7_ALL.elf.dir/Drivers/STM32H7xx_HAL_Driver/Src/stm32h7xx_hal_dma.c.obj
                0x080032b8                HAL_DMA_Abort_IT
 .text.HAL_DMA_IRQHandler
                0x08003528      0x738 CMakeFiles/CtrBoard-H7_ALL.elf.dir/Drivers/STM32H7xx_HAL_Driver/Src/stm32h7xx_hal_dma.c.obj
                0x08003528                HAL_DMA_IRQHandler
 .text.FDCAN_CalcultateRamBlockAddresses
                0x08003c60      0x1d4 CMakeFiles/CtrBoard-H7_ALL.elf.dir/Drivers/STM32H7xx_HAL_Driver/Src/stm32h7xx_hal_fdcan.c.obj
 .text.FDCAN_CopyMessageToRAM
                0x08003e34       0x8c CMakeFiles/CtrBoard-H7_ALL.elf.dir/Drivers/STM32H7xx_HAL_Driver/Src/stm32h7xx_hal_fdcan.c.obj
 .text.HAL_FDCAN_Init
                0x08003ec0      0x294 CMakeFiles/CtrBoard-H7_ALL.elf.dir/Drivers/STM32H7xx_HAL_Driver/Src/stm32h7xx_hal_fdcan.c.obj
                0x08003ec0                HAL_FDCAN_Init
 .text.HAL_FDCAN_ConfigFilter
                0x08004154       0x88 CMakeFiles/CtrBoard-H7_ALL.elf.dir/Drivers/STM32H7xx_HAL_Driver/Src/stm32h7xx_hal_fdcan.c.obj
                0x08004154                HAL_FDCAN_ConfigFilter
 .text.HAL_FDCAN_ConfigGlobalFilter
                0x080041dc       0x36 CMakeFiles/CtrBoard-H7_ALL.elf.dir/Drivers/STM32H7xx_HAL_Driver/Src/stm32h7xx_hal_fdcan.c.obj
                0x080041dc                HAL_FDCAN_ConfigGlobalFilter
 .text.HAL_FDCAN_Start
                0x08004212       0x34 CMakeFiles/CtrBoard-H7_ALL.elf.dir/Drivers/STM32H7xx_HAL_Driver/Src/stm32h7xx_hal_fdcan.c.obj
                0x08004212                HAL_FDCAN_Start
 .text.HAL_FDCAN_AddMessageToTxFifoQ
                0x08004246       0x76 CMakeFiles/CtrBoard-H7_ALL.elf.dir/Drivers/STM32H7xx_HAL_Driver/Src/stm32h7xx_hal_fdcan.c.obj
                0x08004246                HAL_FDCAN_AddMessageToTxFifoQ
 .text.HAL_FDCAN_GetRxMessage
                0x080042bc      0x1e8 CMakeFiles/CtrBoard-H7_ALL.elf.dir/Drivers/STM32H7xx_HAL_Driver/Src/stm32h7xx_hal_fdcan.c.obj
                0x080042bc                HAL_FDCAN_GetRxMessage
 .text.HAL_FDCAN_GetRxFifoFillLevel
                0x080044a4       0x1c CMakeFiles/CtrBoard-H7_ALL.elf.dir/Drivers/STM32H7xx_HAL_Driver/Src/stm32h7xx_hal_fdcan.c.obj
                0x080044a4                HAL_FDCAN_GetRxFifoFillLevel
 .text.HAL_FDCAN_GetTxFifoFreeLevel
                0x080044c0        0xc CMakeFiles/CtrBoard-H7_ALL.elf.dir/Drivers/STM32H7xx_HAL_Driver/Src/stm32h7xx_hal_fdcan.c.obj
                0x080044c0                HAL_FDCAN_GetTxFifoFreeLevel
 .text.HAL_FDCAN_ActivateNotification
                0x080044cc       0x90 CMakeFiles/CtrBoard-H7_ALL.elf.dir/Drivers/STM32H7xx_HAL_Driver/Src/stm32h7xx_hal_fdcan.c.obj
                0x080044cc                HAL_FDCAN_ActivateNotification
 .text.HAL_FDCAN_ClockCalibrationCallback
                0x0800455c        0x2 CMakeFiles/CtrBoard-H7_ALL.elf.dir/Drivers/STM32H7xx_HAL_Driver/Src/stm32h7xx_hal_fdcan.c.obj
                0x0800455c                HAL_FDCAN_ClockCalibrationCallback
 .text.HAL_FDCAN_TxEventFifoCallback
                0x0800455e        0x2 CMakeFiles/CtrBoard-H7_ALL.elf.dir/Drivers/STM32H7xx_HAL_Driver/Src/stm32h7xx_hal_fdcan.c.obj
                0x0800455e                HAL_FDCAN_TxEventFifoCallback
 .text.HAL_FDCAN_TxFifoEmptyCallback
                0x08004560        0x2 CMakeFiles/CtrBoard-H7_ALL.elf.dir/Drivers/STM32H7xx_HAL_Driver/Src/stm32h7xx_hal_fdcan.c.obj
                0x08004560                HAL_FDCAN_TxFifoEmptyCallback
 .text.HAL_FDCAN_TxBufferCompleteCallback
                0x08004562        0x2 CMakeFiles/CtrBoard-H7_ALL.elf.dir/Drivers/STM32H7xx_HAL_Driver/Src/stm32h7xx_hal_fdcan.c.obj
                0x08004562                HAL_FDCAN_TxBufferCompleteCallback
 .text.HAL_FDCAN_TxBufferAbortCallback
                0x08004564        0x2 CMakeFiles/CtrBoard-H7_ALL.elf.dir/Drivers/STM32H7xx_HAL_Driver/Src/stm32h7xx_hal_fdcan.c.obj
                0x08004564                HAL_FDCAN_TxBufferAbortCallback
 .text.HAL_FDCAN_RxBufferNewMessageCallback
                0x08004566        0x2 CMakeFiles/CtrBoard-H7_ALL.elf.dir/Drivers/STM32H7xx_HAL_Driver/Src/stm32h7xx_hal_fdcan.c.obj
                0x08004566                HAL_FDCAN_RxBufferNewMessageCallback
 .text.HAL_FDCAN_TimestampWraparoundCallback
                0x08004568        0x2 CMakeFiles/CtrBoard-H7_ALL.elf.dir/Drivers/STM32H7xx_HAL_Driver/Src/stm32h7xx_hal_fdcan.c.obj
                0x08004568                HAL_FDCAN_TimestampWraparoundCallback
 .text.HAL_FDCAN_TimeoutOccurredCallback
                0x0800456a        0x2 CMakeFiles/CtrBoard-H7_ALL.elf.dir/Drivers/STM32H7xx_HAL_Driver/Src/stm32h7xx_hal_fdcan.c.obj
                0x0800456a                HAL_FDCAN_TimeoutOccurredCallback
 .text.HAL_FDCAN_HighPriorityMessageCallback
                0x0800456c        0x2 CMakeFiles/CtrBoard-H7_ALL.elf.dir/Drivers/STM32H7xx_HAL_Driver/Src/stm32h7xx_hal_fdcan.c.obj
                0x0800456c                HAL_FDCAN_HighPriorityMessageCallback
 .text.HAL_FDCAN_ErrorCallback
                0x0800456e        0x2 CMakeFiles/CtrBoard-H7_ALL.elf.dir/Drivers/STM32H7xx_HAL_Driver/Src/stm32h7xx_hal_fdcan.c.obj
                0x0800456e                HAL_FDCAN_ErrorCallback
 .text.HAL_FDCAN_ErrorStatusCallback
                0x08004570        0x2 CMakeFiles/CtrBoard-H7_ALL.elf.dir/Drivers/STM32H7xx_HAL_Driver/Src/stm32h7xx_hal_fdcan.c.obj
                0x08004570                HAL_FDCAN_ErrorStatusCallback
 .text.HAL_FDCAN_TT_ScheduleSyncCallback
                0x08004572        0x2 CMakeFiles/CtrBoard-H7_ALL.elf.dir/Drivers/STM32H7xx_HAL_Driver/Src/stm32h7xx_hal_fdcan.c.obj
                0x08004572                HAL_FDCAN_TT_ScheduleSyncCallback
 .text.HAL_FDCAN_TT_TimeMarkCallback
                0x08004574        0x2 CMakeFiles/CtrBoard-H7_ALL.elf.dir/Drivers/STM32H7xx_HAL_Driver/Src/stm32h7xx_hal_fdcan.c.obj
                0x08004574                HAL_FDCAN_TT_TimeMarkCallback
 .text.HAL_FDCAN_TT_StopWatchCallback
                0x08004576        0x2 CMakeFiles/CtrBoard-H7_ALL.elf.dir/Drivers/STM32H7xx_HAL_Driver/Src/stm32h7xx_hal_fdcan.c.obj
                0x08004576                HAL_FDCAN_TT_StopWatchCallback
 .text.HAL_FDCAN_TT_GlobalTimeCallback
                0x08004578        0x2 CMakeFiles/CtrBoard-H7_ALL.elf.dir/Drivers/STM32H7xx_HAL_Driver/Src/stm32h7xx_hal_fdcan.c.obj
                0x08004578                HAL_FDCAN_TT_GlobalTimeCallback
 *fill*         0x0800457a        0x2 
 .text.HAL_FDCAN_IRQHandler
                0x0800457c      0x31c CMakeFiles/CtrBoard-H7_ALL.elf.dir/Drivers/STM32H7xx_HAL_Driver/Src/stm32h7xx_hal_fdcan.c.obj
                0x0800457c                HAL_FDCAN_IRQHandler
 .text.HAL_GPIO_Init
                0x08004898      0x214 CMakeFiles/CtrBoard-H7_ALL.elf.dir/Drivers/STM32H7xx_HAL_Driver/Src/stm32h7xx_hal_gpio.c.obj
                0x08004898                HAL_GPIO_Init
 .text.HAL_GPIO_WritePin
                0x08004aac        0xc CMakeFiles/CtrBoard-H7_ALL.elf.dir/Drivers/STM32H7xx_HAL_Driver/Src/stm32h7xx_hal_gpio.c.obj
                0x08004aac                HAL_GPIO_WritePin
 .text.PCD_WriteEmptyTxFifo
                0x08004ab8       0xd0 CMakeFiles/CtrBoard-H7_ALL.elf.dir/Drivers/STM32H7xx_HAL_Driver/Src/stm32h7xx_hal_pcd.c.obj
 .text.HAL_PCD_Init
                0x08004b88      0x102 CMakeFiles/CtrBoard-H7_ALL.elf.dir/Drivers/STM32H7xx_HAL_Driver/Src/stm32h7xx_hal_pcd.c.obj
                0x08004b88                HAL_PCD_Init
 .text.HAL_PCD_Start
                0x08004c8a       0x44 CMakeFiles/CtrBoard-H7_ALL.elf.dir/Drivers/STM32H7xx_HAL_Driver/Src/stm32h7xx_hal_pcd.c.obj
                0x08004c8a                HAL_PCD_Start
 *fill*         0x08004cce        0x2 
 .text.PCD_EP_OutXfrComplete_int
                0x08004cd0      0x104 CMakeFiles/CtrBoard-H7_ALL.elf.dir/Drivers/STM32H7xx_HAL_Driver/Src/stm32h7xx_hal_pcd.c.obj
 .text.PCD_EP_OutSetupPacket_int
                0x08004dd4       0x50 CMakeFiles/CtrBoard-H7_ALL.elf.dir/Drivers/STM32H7xx_HAL_Driver/Src/stm32h7xx_hal_pcd.c.obj
 .text.HAL_PCD_SetAddress
                0x08004e24       0x26 CMakeFiles/CtrBoard-H7_ALL.elf.dir/Drivers/STM32H7xx_HAL_Driver/Src/stm32h7xx_hal_pcd.c.obj
                0x08004e24                HAL_PCD_SetAddress
 .text.HAL_PCD_EP_Open
                0x08004e4a       0x8c CMakeFiles/CtrBoard-H7_ALL.elf.dir/Drivers/STM32H7xx_HAL_Driver/Src/stm32h7xx_hal_pcd.c.obj
                0x08004e4a                HAL_PCD_EP_Open
 .text.HAL_PCD_EP_Close
                0x08004ed6       0x70 CMakeFiles/CtrBoard-H7_ALL.elf.dir/Drivers/STM32H7xx_HAL_Driver/Src/stm32h7xx_hal_pcd.c.obj
                0x08004ed6                HAL_PCD_EP_Close
 .text.HAL_PCD_EP_Receive
                0x08004f46       0x4a CMakeFiles/CtrBoard-H7_ALL.elf.dir/Drivers/STM32H7xx_HAL_Driver/Src/stm32h7xx_hal_pcd.c.obj
                0x08004f46                HAL_PCD_EP_Receive
 .text.HAL_PCD_EP_GetRxCount
                0x08004f90       0x12 CMakeFiles/CtrBoard-H7_ALL.elf.dir/Drivers/STM32H7xx_HAL_Driver/Src/stm32h7xx_hal_pcd.c.obj
                0x08004f90                HAL_PCD_EP_GetRxCount
 .text.HAL_PCD_EP_Transmit
                0x08004fa2       0x4a CMakeFiles/CtrBoard-H7_ALL.elf.dir/Drivers/STM32H7xx_HAL_Driver/Src/stm32h7xx_hal_pcd.c.obj
                0x08004fa2                HAL_PCD_EP_Transmit
 .text.HAL_PCD_EP_SetStall
                0x08004fec       0x86 CMakeFiles/CtrBoard-H7_ALL.elf.dir/Drivers/STM32H7xx_HAL_Driver/Src/stm32h7xx_hal_pcd.c.obj
                0x08004fec                HAL_PCD_EP_SetStall
 .text.HAL_PCD_EP_ClrStall
                0x08005072       0x74 CMakeFiles/CtrBoard-H7_ALL.elf.dir/Drivers/STM32H7xx_HAL_Driver/Src/stm32h7xx_hal_pcd.c.obj
                0x08005072                HAL_PCD_EP_ClrStall
 .text.HAL_PCD_EP_Abort
                0x080050e6       0x34 CMakeFiles/CtrBoard-H7_ALL.elf.dir/Drivers/STM32H7xx_HAL_Driver/Src/stm32h7xx_hal_pcd.c.obj
                0x080050e6                HAL_PCD_EP_Abort
 .text.HAL_PCD_IRQHandler
                0x0800511a      0x5fc CMakeFiles/CtrBoard-H7_ALL.elf.dir/Drivers/STM32H7xx_HAL_Driver/Src/stm32h7xx_hal_pcd.c.obj
                0x0800511a                HAL_PCD_IRQHandler
 .text.HAL_PCDEx_SetTxFiFo
                0x08005716       0x4c CMakeFiles/CtrBoard-H7_ALL.elf.dir/Drivers/STM32H7xx_HAL_Driver/Src/stm32h7xx_hal_pcd_ex.c.obj
                0x08005716                HAL_PCDEx_SetTxFiFo
 .text.HAL_PCDEx_SetRxFiFo
                0x08005762        0x8 CMakeFiles/CtrBoard-H7_ALL.elf.dir/Drivers/STM32H7xx_HAL_Driver/Src/stm32h7xx_hal_pcd_ex.c.obj
                0x08005762                HAL_PCDEx_SetRxFiFo
 *fill*         0x0800576a        0x2 
 .text.HAL_PCDEx_ActivateLPM
                0x0800576c       0x28 CMakeFiles/CtrBoard-H7_ALL.elf.dir/Drivers/STM32H7xx_HAL_Driver/Src/stm32h7xx_hal_pcd_ex.c.obj
                0x0800576c                HAL_PCDEx_ActivateLPM
 .text.HAL_PCDEx_LPM_Callback
                0x08005794        0x2 CMakeFiles/CtrBoard-H7_ALL.elf.dir/Drivers/STM32H7xx_HAL_Driver/Src/stm32h7xx_hal_pcd_ex.c.obj
                0x08005794                HAL_PCDEx_LPM_Callback
 *fill*         0x08005796        0x2 
 .text.HAL_PWREx_ConfigSupply
                0x08005798       0x54 CMakeFiles/CtrBoard-H7_ALL.elf.dir/Drivers/STM32H7xx_HAL_Driver/Src/stm32h7xx_hal_pwr_ex.c.obj
                0x08005798                HAL_PWREx_ConfigSupply
 .text.HAL_PWREx_EnableUSBVoltageDetector
                0x080057ec       0x10 CMakeFiles/CtrBoard-H7_ALL.elf.dir/Drivers/STM32H7xx_HAL_Driver/Src/stm32h7xx_hal_pwr_ex.c.obj
                0x080057ec                HAL_PWREx_EnableUSBVoltageDetector
 .text.HAL_RCC_OscConfig
                0x080057fc      0x5ec CMakeFiles/CtrBoard-H7_ALL.elf.dir/Drivers/STM32H7xx_HAL_Driver/Src/stm32h7xx_hal_rcc.c.obj
                0x080057fc                HAL_RCC_OscConfig
 .text.HAL_RCC_MCOConfig
                0x08005de8       0xa4 CMakeFiles/CtrBoard-H7_ALL.elf.dir/Drivers/STM32H7xx_HAL_Driver/Src/stm32h7xx_hal_rcc.c.obj
                0x08005de8                HAL_RCC_MCOConfig
 .text.HAL_RCC_GetSysClockFreq
                0x08005e8c      0x1f4 CMakeFiles/CtrBoard-H7_ALL.elf.dir/Drivers/STM32H7xx_HAL_Driver/Src/stm32h7xx_hal_rcc.c.obj
                0x08005e8c                HAL_RCC_GetSysClockFreq
 .text.HAL_RCC_ClockConfig
                0x08006080      0x294 CMakeFiles/CtrBoard-H7_ALL.elf.dir/Drivers/STM32H7xx_HAL_Driver/Src/stm32h7xx_hal_rcc.c.obj
                0x08006080                HAL_RCC_ClockConfig
 .text.HAL_RCC_GetHCLKFreq
                0x08006314       0x44 CMakeFiles/CtrBoard-H7_ALL.elf.dir/Drivers/STM32H7xx_HAL_Driver/Src/stm32h7xx_hal_rcc.c.obj
                0x08006314                HAL_RCC_GetHCLKFreq
 .text.HAL_RCC_GetPCLK1Freq
                0x08006358       0x24 CMakeFiles/CtrBoard-H7_ALL.elf.dir/Drivers/STM32H7xx_HAL_Driver/Src/stm32h7xx_hal_rcc.c.obj
                0x08006358                HAL_RCC_GetPCLK1Freq
 .text.HAL_RCC_GetPCLK2Freq
                0x0800637c       0x24 CMakeFiles/CtrBoard-H7_ALL.elf.dir/Drivers/STM32H7xx_HAL_Driver/Src/stm32h7xx_hal_rcc.c.obj
                0x0800637c                HAL_RCC_GetPCLK2Freq
 .text.HAL_RCC_GetClockConfig
                0x080063a0       0x54 CMakeFiles/CtrBoard-H7_ALL.elf.dir/Drivers/STM32H7xx_HAL_Driver/Src/stm32h7xx_hal_rcc.c.obj
                0x080063a0                HAL_RCC_GetClockConfig
 .text.RCCEx_PLL2_Config
                0x080063f4      0x10c CMakeFiles/CtrBoard-H7_ALL.elf.dir/Drivers/STM32H7xx_HAL_Driver/Src/stm32h7xx_hal_rcc_ex.c.obj
 .text.RCCEx_PLL3_Config
                0x08006500      0x10c CMakeFiles/CtrBoard-H7_ALL.elf.dir/Drivers/STM32H7xx_HAL_Driver/Src/stm32h7xx_hal_rcc_ex.c.obj
 .text.HAL_RCCEx_PeriphCLKConfig
                0x0800660c      0xa0c CMakeFiles/CtrBoard-H7_ALL.elf.dir/Drivers/STM32H7xx_HAL_Driver/Src/stm32h7xx_hal_rcc_ex.c.obj
                0x0800660c                HAL_RCCEx_PeriphCLKConfig
 .text.HAL_RCCEx_GetD3PCLK1Freq
                0x08007018       0x24 CMakeFiles/CtrBoard-H7_ALL.elf.dir/Drivers/STM32H7xx_HAL_Driver/Src/stm32h7xx_hal_rcc_ex.c.obj
                0x08007018                HAL_RCCEx_GetD3PCLK1Freq
 .text.HAL_RCCEx_GetPLL2ClockFreq
                0x0800703c      0x1f8 CMakeFiles/CtrBoard-H7_ALL.elf.dir/Drivers/STM32H7xx_HAL_Driver/Src/stm32h7xx_hal_rcc_ex.c.obj
                0x0800703c                HAL_RCCEx_GetPLL2ClockFreq
 .text.HAL_RCCEx_GetPLL3ClockFreq
                0x08007234      0x1f8 CMakeFiles/CtrBoard-H7_ALL.elf.dir/Drivers/STM32H7xx_HAL_Driver/Src/stm32h7xx_hal_rcc_ex.c.obj
                0x08007234                HAL_RCCEx_GetPLL3ClockFreq
 .text.SPI_CloseTransfer
                0x0800742c       0xd0 CMakeFiles/CtrBoard-H7_ALL.elf.dir/Drivers/STM32H7xx_HAL_Driver/Src/stm32h7xx_hal_spi.c.obj
 .text.SPI_GetPacketSize
                0x080074fc       0x10 CMakeFiles/CtrBoard-H7_ALL.elf.dir/Drivers/STM32H7xx_HAL_Driver/Src/stm32h7xx_hal_spi.c.obj
 .text.SPI_WaitOnFlagUntilTimeout
                0x0800750c       0x46 CMakeFiles/CtrBoard-H7_ALL.elf.dir/Drivers/STM32H7xx_HAL_Driver/Src/stm32h7xx_hal_spi.c.obj
 *fill*         0x08007552        0x2 
 .text.HAL_SPI_Init
                0x08007554      0x190 CMakeFiles/CtrBoard-H7_ALL.elf.dir/Drivers/STM32H7xx_HAL_Driver/Src/stm32h7xx_hal_spi.c.obj
                0x08007554                HAL_SPI_Init
 .text.HAL_SPI_Transmit
                0x080076e4      0x2c4 CMakeFiles/CtrBoard-H7_ALL.elf.dir/Drivers/STM32H7xx_HAL_Driver/Src/stm32h7xx_hal_spi.c.obj
                0x080076e4                HAL_SPI_Transmit
 .text.HAL_SPI_TransmitReceive
                0x080079a8      0x494 CMakeFiles/CtrBoard-H7_ALL.elf.dir/Drivers/STM32H7xx_HAL_Driver/Src/stm32h7xx_hal_spi.c.obj
                0x080079a8                HAL_SPI_TransmitReceive
 .text.HAL_SPI_TxCpltCallback
                0x08007e3c        0x2 CMakeFiles/CtrBoard-H7_ALL.elf.dir/Drivers/STM32H7xx_HAL_Driver/Src/stm32h7xx_hal_spi.c.obj
                0x08007e3c                HAL_SPI_TxCpltCallback
 .text.HAL_SPI_RxCpltCallback
                0x08007e3e        0x2 CMakeFiles/CtrBoard-H7_ALL.elf.dir/Drivers/STM32H7xx_HAL_Driver/Src/stm32h7xx_hal_spi.c.obj
                0x08007e3e                HAL_SPI_RxCpltCallback
 .text.HAL_SPI_TxRxCpltCallback
                0x08007e40        0x2 CMakeFiles/CtrBoard-H7_ALL.elf.dir/Drivers/STM32H7xx_HAL_Driver/Src/stm32h7xx_hal_spi.c.obj
                0x08007e40                HAL_SPI_TxRxCpltCallback
 .text.HAL_SPI_ErrorCallback
                0x08007e42        0x2 CMakeFiles/CtrBoard-H7_ALL.elf.dir/Drivers/STM32H7xx_HAL_Driver/Src/stm32h7xx_hal_spi.c.obj
                0x08007e42                HAL_SPI_ErrorCallback
 .text.SPI_DMAAbortOnError
                0x08007e44       0x1a CMakeFiles/CtrBoard-H7_ALL.elf.dir/Drivers/STM32H7xx_HAL_Driver/Src/stm32h7xx_hal_spi.c.obj
 .text.HAL_SPI_SuspendCallback
                0x08007e5e        0x2 CMakeFiles/CtrBoard-H7_ALL.elf.dir/Drivers/STM32H7xx_HAL_Driver/Src/stm32h7xx_hal_spi.c.obj
                0x08007e5e                HAL_SPI_SuspendCallback
 .text.HAL_SPI_IRQHandler
                0x08007e60      0x240 CMakeFiles/CtrBoard-H7_ALL.elf.dir/Drivers/STM32H7xx_HAL_Driver/Src/stm32h7xx_hal_spi.c.obj
                0x08007e60                HAL_SPI_IRQHandler
 .text.TIM_OC1_SetConfig
                0x080080a0       0xa8 CMakeFiles/CtrBoard-H7_ALL.elf.dir/Drivers/STM32H7xx_HAL_Driver/Src/stm32h7xx_hal_tim.c.obj
 .text.TIM_OC3_SetConfig
                0x08008148       0x94 CMakeFiles/CtrBoard-H7_ALL.elf.dir/Drivers/STM32H7xx_HAL_Driver/Src/stm32h7xx_hal_tim.c.obj
 .text.TIM_OC4_SetConfig
                0x080081dc       0x74 CMakeFiles/CtrBoard-H7_ALL.elf.dir/Drivers/STM32H7xx_HAL_Driver/Src/stm32h7xx_hal_tim.c.obj
 .text.TIM_OC5_SetConfig
                0x08008250       0x74 CMakeFiles/CtrBoard-H7_ALL.elf.dir/Drivers/STM32H7xx_HAL_Driver/Src/stm32h7xx_hal_tim.c.obj
 .text.TIM_OC6_SetConfig
                0x080082c4       0x74 CMakeFiles/CtrBoard-H7_ALL.elf.dir/Drivers/STM32H7xx_HAL_Driver/Src/stm32h7xx_hal_tim.c.obj
 .text.TIM_TI1_ConfigInputStage
                0x08008338       0x26 CMakeFiles/CtrBoard-H7_ALL.elf.dir/Drivers/STM32H7xx_HAL_Driver/Src/stm32h7xx_hal_tim.c.obj
 .text.TIM_TI2_ConfigInputStage
                0x0800835e       0x28 CMakeFiles/CtrBoard-H7_ALL.elf.dir/Drivers/STM32H7xx_HAL_Driver/Src/stm32h7xx_hal_tim.c.obj
 *fill*         0x08008386        0x2 
 .text.TIM_ITRx_SetConfig
                0x08008388       0x14 CMakeFiles/CtrBoard-H7_ALL.elf.dir/Drivers/STM32H7xx_HAL_Driver/Src/stm32h7xx_hal_tim.c.obj
 .text.HAL_TIM_Base_Start_IT
                0x0800839c       0xa0 CMakeFiles/CtrBoard-H7_ALL.elf.dir/Drivers/STM32H7xx_HAL_Driver/Src/stm32h7xx_hal_tim.c.obj
                0x0800839c                HAL_TIM_Base_Start_IT
 .text.HAL_TIM_OC_DelayElapsedCallback
                0x0800843c        0x2 CMakeFiles/CtrBoard-H7_ALL.elf.dir/Drivers/STM32H7xx_HAL_Driver/Src/stm32h7xx_hal_tim.c.obj
                0x0800843c                HAL_TIM_OC_DelayElapsedCallback
 .text.HAL_TIM_IC_CaptureCallback
                0x0800843e        0x2 CMakeFiles/CtrBoard-H7_ALL.elf.dir/Drivers/STM32H7xx_HAL_Driver/Src/stm32h7xx_hal_tim.c.obj
                0x0800843e                HAL_TIM_IC_CaptureCallback
 .text.HAL_TIM_PWM_PulseFinishedCallback
                0x08008440        0x2 CMakeFiles/CtrBoard-H7_ALL.elf.dir/Drivers/STM32H7xx_HAL_Driver/Src/stm32h7xx_hal_tim.c.obj
                0x08008440                HAL_TIM_PWM_PulseFinishedCallback
 .text.HAL_TIM_TriggerCallback
                0x08008442        0x2 CMakeFiles/CtrBoard-H7_ALL.elf.dir/Drivers/STM32H7xx_HAL_Driver/Src/stm32h7xx_hal_tim.c.obj
                0x08008442                HAL_TIM_TriggerCallback
 .text.HAL_TIM_IRQHandler
                0x08008444      0x17a CMakeFiles/CtrBoard-H7_ALL.elf.dir/Drivers/STM32H7xx_HAL_Driver/Src/stm32h7xx_hal_tim.c.obj
                0x08008444                HAL_TIM_IRQHandler
 *fill*         0x080085be        0x2 
 .text.TIM_Base_SetConfig
                0x080085c0      0x120 CMakeFiles/CtrBoard-H7_ALL.elf.dir/Drivers/STM32H7xx_HAL_Driver/Src/stm32h7xx_hal_tim.c.obj
                0x080085c0                TIM_Base_SetConfig
 .text.HAL_TIM_Base_Init
                0x080086e0       0x60 CMakeFiles/CtrBoard-H7_ALL.elf.dir/Drivers/STM32H7xx_HAL_Driver/Src/stm32h7xx_hal_tim.c.obj
                0x080086e0                HAL_TIM_Base_Init
 .text.HAL_TIM_PWM_Init
                0x08008740       0x60 CMakeFiles/CtrBoard-H7_ALL.elf.dir/Drivers/STM32H7xx_HAL_Driver/Src/stm32h7xx_hal_tim.c.obj
                0x08008740                HAL_TIM_PWM_Init
 .text.TIM_OC2_SetConfig
                0x080087a0       0x94 CMakeFiles/CtrBoard-H7_ALL.elf.dir/Drivers/STM32H7xx_HAL_Driver/Src/stm32h7xx_hal_tim.c.obj
                0x080087a0                TIM_OC2_SetConfig
 .text.HAL_TIM_PWM_ConfigChannel
                0x08008834      0x13a CMakeFiles/CtrBoard-H7_ALL.elf.dir/Drivers/STM32H7xx_HAL_Driver/Src/stm32h7xx_hal_tim.c.obj
                0x08008834                HAL_TIM_PWM_ConfigChannel
 .text.TIM_ETR_SetConfig
                0x0800896e       0x1a CMakeFiles/CtrBoard-H7_ALL.elf.dir/Drivers/STM32H7xx_HAL_Driver/Src/stm32h7xx_hal_tim.c.obj
                0x0800896e                TIM_ETR_SetConfig
 .text.HAL_TIM_ConfigClockSource
                0x08008988      0x138 CMakeFiles/CtrBoard-H7_ALL.elf.dir/Drivers/STM32H7xx_HAL_Driver/Src/stm32h7xx_hal_tim.c.obj
                0x08008988                HAL_TIM_ConfigClockSource
 .text.TIM_CCxChannelCmd
                0x08008ac0       0x1e CMakeFiles/CtrBoard-H7_ALL.elf.dir/Drivers/STM32H7xx_HAL_Driver/Src/stm32h7xx_hal_tim.c.obj
                0x08008ac0                TIM_CCxChannelCmd
 *fill*         0x08008ade        0x2 
 .text.HAL_TIM_PWM_Start
                0x08008ae0      0x178 CMakeFiles/CtrBoard-H7_ALL.elf.dir/Drivers/STM32H7xx_HAL_Driver/Src/stm32h7xx_hal_tim.c.obj
                0x08008ae0                HAL_TIM_PWM_Start
 .text.HAL_TIMEx_MasterConfigSynchronization
                0x08008c58       0xb0 CMakeFiles/CtrBoard-H7_ALL.elf.dir/Drivers/STM32H7xx_HAL_Driver/Src/stm32h7xx_hal_tim_ex.c.obj
                0x08008c58                HAL_TIMEx_MasterConfigSynchronization
 .text.HAL_TIMEx_CommutCallback
                0x08008d08        0x2 CMakeFiles/CtrBoard-H7_ALL.elf.dir/Drivers/STM32H7xx_HAL_Driver/Src/stm32h7xx_hal_tim_ex.c.obj
                0x08008d08                HAL_TIMEx_CommutCallback
 .text.HAL_TIMEx_BreakCallback
                0x08008d0a        0x2 CMakeFiles/CtrBoard-H7_ALL.elf.dir/Drivers/STM32H7xx_HAL_Driver/Src/stm32h7xx_hal_tim_ex.c.obj
                0x08008d0a                HAL_TIMEx_BreakCallback
 .text.HAL_TIMEx_Break2Callback
                0x08008d0c        0x2 CMakeFiles/CtrBoard-H7_ALL.elf.dir/Drivers/STM32H7xx_HAL_Driver/Src/stm32h7xx_hal_tim_ex.c.obj
                0x08008d0c                HAL_TIMEx_Break2Callback
 *fill*         0x08008d0e        0x2 
 .text.UART_EndRxTransfer
                0x08008d10       0x58 CMakeFiles/CtrBoard-H7_ALL.elf.dir/Drivers/STM32H7xx_HAL_Driver/Src/stm32h7xx_hal_uart.c.obj
 .text.HAL_UART_TxCpltCallback
                0x08008d68        0x2 CMakeFiles/CtrBoard-H7_ALL.elf.dir/Drivers/STM32H7xx_HAL_Driver/Src/stm32h7xx_hal_uart.c.obj
                0x08008d68                HAL_UART_TxCpltCallback
 .text.UART_EndTransmit_IT
                0x08008d6a       0x24 CMakeFiles/CtrBoard-H7_ALL.elf.dir/Drivers/STM32H7xx_HAL_Driver/Src/stm32h7xx_hal_uart.c.obj
 .text.HAL_UART_ErrorCallback
                0x08008d8e        0x2 CMakeFiles/CtrBoard-H7_ALL.elf.dir/Drivers/STM32H7xx_HAL_Driver/Src/stm32h7xx_hal_uart.c.obj
                0x08008d8e                HAL_UART_ErrorCallback
 .text.UART_DMAAbortOnError
                0x08008d90       0x10 CMakeFiles/CtrBoard-H7_ALL.elf.dir/Drivers/STM32H7xx_HAL_Driver/Src/stm32h7xx_hal_uart.c.obj
 .text.HAL_UART_IRQHandler
                0x08008da0      0x3d4 CMakeFiles/CtrBoard-H7_ALL.elf.dir/Drivers/STM32H7xx_HAL_Driver/Src/stm32h7xx_hal_uart.c.obj
                0x08008da0                HAL_UART_IRQHandler
 .text.UART_SetConfig
                0x08009174      0x6bc CMakeFiles/CtrBoard-H7_ALL.elf.dir/Drivers/STM32H7xx_HAL_Driver/Src/stm32h7xx_hal_uart.c.obj
                0x08009174                UART_SetConfig
 .text.UART_AdvFeatureConfig
                0x08009830       0xca CMakeFiles/CtrBoard-H7_ALL.elf.dir/Drivers/STM32H7xx_HAL_Driver/Src/stm32h7xx_hal_uart.c.obj
                0x08009830                UART_AdvFeatureConfig
 .text.UART_WaitOnFlagUntilTimeout
                0x080098fa       0xaa CMakeFiles/CtrBoard-H7_ALL.elf.dir/Drivers/STM32H7xx_HAL_Driver/Src/stm32h7xx_hal_uart.c.obj
                0x080098fa                UART_WaitOnFlagUntilTimeout
 .text.UART_CheckIdleState
                0x080099a4       0xca CMakeFiles/CtrBoard-H7_ALL.elf.dir/Drivers/STM32H7xx_HAL_Driver/Src/stm32h7xx_hal_uart.c.obj
                0x080099a4                UART_CheckIdleState
 .text.HAL_UART_Init
                0x08009a6e       0x66 CMakeFiles/CtrBoard-H7_ALL.elf.dir/Drivers/STM32H7xx_HAL_Driver/Src/stm32h7xx_hal_uart.c.obj
                0x08009a6e                HAL_UART_Init
 .text.UARTEx_SetNbDataToProcess
                0x08009ad4       0x4c CMakeFiles/CtrBoard-H7_ALL.elf.dir/Drivers/STM32H7xx_HAL_Driver/Src/stm32h7xx_hal_uart_ex.c.obj
 .text.HAL_UARTEx_WakeupCallback
                0x08009b20        0x2 CMakeFiles/CtrBoard-H7_ALL.elf.dir/Drivers/STM32H7xx_HAL_Driver/Src/stm32h7xx_hal_uart_ex.c.obj
                0x08009b20                HAL_UARTEx_WakeupCallback
 .text.HAL_UARTEx_RxFifoFullCallback
                0x08009b22        0x2 CMakeFiles/CtrBoard-H7_ALL.elf.dir/Drivers/STM32H7xx_HAL_Driver/Src/stm32h7xx_hal_uart_ex.c.obj
                0x08009b22                HAL_UARTEx_RxFifoFullCallback
 .text.HAL_UARTEx_TxFifoEmptyCallback
                0x08009b24        0x2 CMakeFiles/CtrBoard-H7_ALL.elf.dir/Drivers/STM32H7xx_HAL_Driver/Src/stm32h7xx_hal_uart_ex.c.obj
                0x08009b24                HAL_UARTEx_TxFifoEmptyCallback
 .text.HAL_UARTEx_DisableFifoMode
                0x08009b26       0x3e CMakeFiles/CtrBoard-H7_ALL.elf.dir/Drivers/STM32H7xx_HAL_Driver/Src/stm32h7xx_hal_uart_ex.c.obj
                0x08009b26                HAL_UARTEx_DisableFifoMode
 .text.HAL_UARTEx_SetTxFifoThreshold
                0x08009b64       0x4a CMakeFiles/CtrBoard-H7_ALL.elf.dir/Drivers/STM32H7xx_HAL_Driver/Src/stm32h7xx_hal_uart_ex.c.obj
                0x08009b64                HAL_UARTEx_SetTxFifoThreshold
 .text.HAL_UARTEx_SetRxFifoThreshold
                0x08009bae       0x4a CMakeFiles/CtrBoard-H7_ALL.elf.dir/Drivers/STM32H7xx_HAL_Driver/Src/stm32h7xx_hal_uart_ex.c.obj
                0x08009bae                HAL_UARTEx_SetRxFifoThreshold
 .text.USB_CoreReset
                0x08009bf8       0x4a CMakeFiles/CtrBoard-H7_ALL.elf.dir/Drivers/STM32H7xx_HAL_Driver/Src/stm32h7xx_ll_usb.c.obj
 *fill*         0x08009c42        0x2 
 .text.USB_CoreInit
                0x08009c44       0xa4 CMakeFiles/CtrBoard-H7_ALL.elf.dir/Drivers/STM32H7xx_HAL_Driver/Src/stm32h7xx_ll_usb.c.obj
                0x08009c44                USB_CoreInit
 .text.USB_SetTurnaroundTime
                0x08009ce8       0xe4 CMakeFiles/CtrBoard-H7_ALL.elf.dir/Drivers/STM32H7xx_HAL_Driver/Src/stm32h7xx_ll_usb.c.obj
                0x08009ce8                USB_SetTurnaroundTime
 .text.USB_EnableGlobalInt
                0x08009dcc        0xc CMakeFiles/CtrBoard-H7_ALL.elf.dir/Drivers/STM32H7xx_HAL_Driver/Src/stm32h7xx_ll_usb.c.obj
                0x08009dcc                USB_EnableGlobalInt
 .text.USB_DisableGlobalInt
                0x08009dd8        0xc CMakeFiles/CtrBoard-H7_ALL.elf.dir/Drivers/STM32H7xx_HAL_Driver/Src/stm32h7xx_ll_usb.c.obj
                0x08009dd8                USB_DisableGlobalInt
 .text.USB_FlushTxFifo
                0x08009de4       0x4a CMakeFiles/CtrBoard-H7_ALL.elf.dir/Drivers/STM32H7xx_HAL_Driver/Src/stm32h7xx_ll_usb.c.obj
                0x08009de4                USB_FlushTxFifo
 .text.USB_FlushRxFifo
                0x08009e2e       0x46 CMakeFiles/CtrBoard-H7_ALL.elf.dir/Drivers/STM32H7xx_HAL_Driver/Src/stm32h7xx_ll_usb.c.obj
                0x08009e2e                USB_FlushRxFifo
 .text.USB_SetDevSpeed
                0x08009e74        0xe CMakeFiles/CtrBoard-H7_ALL.elf.dir/Drivers/STM32H7xx_HAL_Driver/Src/stm32h7xx_ll_usb.c.obj
                0x08009e74                USB_SetDevSpeed
 *fill*         0x08009e82        0x2 
 .text.USB_DevInit
                0x08009e84      0x18c CMakeFiles/CtrBoard-H7_ALL.elf.dir/Drivers/STM32H7xx_HAL_Driver/Src/stm32h7xx_ll_usb.c.obj
                0x08009e84                USB_DevInit
 .text.USB_GetDevSpeed
                0x0800a010       0x1e CMakeFiles/CtrBoard-H7_ALL.elf.dir/Drivers/STM32H7xx_HAL_Driver/Src/stm32h7xx_ll_usb.c.obj
                0x0800a010                USB_GetDevSpeed
 *fill*         0x0800a02e        0x2 
 .text.USB_ActivateEndpoint
                0x0800a030       0x9c CMakeFiles/CtrBoard-H7_ALL.elf.dir/Drivers/STM32H7xx_HAL_Driver/Src/stm32h7xx_ll_usb.c.obj
                0x0800a030                USB_ActivateEndpoint
 .text.USB_DeactivateEndpoint
                0x0800a0cc       0xe0 CMakeFiles/CtrBoard-H7_ALL.elf.dir/Drivers/STM32H7xx_HAL_Driver/Src/stm32h7xx_ll_usb.c.obj
                0x0800a0cc                USB_DeactivateEndpoint
 .text.USB_EPStopXfer
                0x0800a1ac       0xbe CMakeFiles/CtrBoard-H7_ALL.elf.dir/Drivers/STM32H7xx_HAL_Driver/Src/stm32h7xx_ll_usb.c.obj
                0x0800a1ac                USB_EPStopXfer
 .text.USB_WritePacket
                0x0800a26a       0x2e CMakeFiles/CtrBoard-H7_ALL.elf.dir/Drivers/STM32H7xx_HAL_Driver/Src/stm32h7xx_ll_usb.c.obj
                0x0800a26a                USB_WritePacket
 .text.USB_EPStartXfer
                0x0800a298      0x248 CMakeFiles/CtrBoard-H7_ALL.elf.dir/Drivers/STM32H7xx_HAL_Driver/Src/stm32h7xx_ll_usb.c.obj
                0x0800a298                USB_EPStartXfer
 .text.USB_ReadPacket
                0x0800a4e0       0x54 CMakeFiles/CtrBoard-H7_ALL.elf.dir/Drivers/STM32H7xx_HAL_Driver/Src/stm32h7xx_ll_usb.c.obj
                0x0800a4e0                USB_ReadPacket
 .text.USB_EPSetStall
                0x0800a534       0x5a CMakeFiles/CtrBoard-H7_ALL.elf.dir/Drivers/STM32H7xx_HAL_Driver/Src/stm32h7xx_ll_usb.c.obj
                0x0800a534                USB_EPSetStall
 .text.USB_EPClearStall
                0x0800a58e       0x5c CMakeFiles/CtrBoard-H7_ALL.elf.dir/Drivers/STM32H7xx_HAL_Driver/Src/stm32h7xx_ll_usb.c.obj
                0x0800a58e                USB_EPClearStall
 .text.USB_SetDevAddress
                0x0800a5ea       0x20 CMakeFiles/CtrBoard-H7_ALL.elf.dir/Drivers/STM32H7xx_HAL_Driver/Src/stm32h7xx_ll_usb.c.obj
                0x0800a5ea                USB_SetDevAddress
 .text.USB_DevConnect
                0x0800a60a       0x1c CMakeFiles/CtrBoard-H7_ALL.elf.dir/Drivers/STM32H7xx_HAL_Driver/Src/stm32h7xx_ll_usb.c.obj
                0x0800a60a                USB_DevConnect
 .text.USB_DevDisconnect
                0x0800a626       0x1c CMakeFiles/CtrBoard-H7_ALL.elf.dir/Drivers/STM32H7xx_HAL_Driver/Src/stm32h7xx_ll_usb.c.obj
                0x0800a626                USB_DevDisconnect
 .text.USB_ReadInterrupts
                0x0800a642        0x8 CMakeFiles/CtrBoard-H7_ALL.elf.dir/Drivers/STM32H7xx_HAL_Driver/Src/stm32h7xx_ll_usb.c.obj
                0x0800a642                USB_ReadInterrupts
 .text.USB_ReadDevAllOutEpInterrupt
                0x0800a64a       0x10 CMakeFiles/CtrBoard-H7_ALL.elf.dir/Drivers/STM32H7xx_HAL_Driver/Src/stm32h7xx_ll_usb.c.obj
                0x0800a64a                USB_ReadDevAllOutEpInterrupt
 .text.USB_ReadDevAllInEpInterrupt
                0x0800a65a       0x10 CMakeFiles/CtrBoard-H7_ALL.elf.dir/Drivers/STM32H7xx_HAL_Driver/Src/stm32h7xx_ll_usb.c.obj
                0x0800a65a                USB_ReadDevAllInEpInterrupt
 .text.USB_ReadDevOutEPInterrupt
                0x0800a66a       0x12 CMakeFiles/CtrBoard-H7_ALL.elf.dir/Drivers/STM32H7xx_HAL_Driver/Src/stm32h7xx_ll_usb.c.obj
                0x0800a66a                USB_ReadDevOutEPInterrupt
 .text.USB_ReadDevInEPInterrupt
                0x0800a67c       0x28 CMakeFiles/CtrBoard-H7_ALL.elf.dir/Drivers/STM32H7xx_HAL_Driver/Src/stm32h7xx_ll_usb.c.obj
                0x0800a67c                USB_ReadDevInEPInterrupt
 .text.USB_GetMode
                0x0800a6a4        0x8 CMakeFiles/CtrBoard-H7_ALL.elf.dir/Drivers/STM32H7xx_HAL_Driver/Src/stm32h7xx_ll_usb.c.obj
                0x0800a6a4                USB_GetMode
 .text.USB_SetCurrentMode
                0x0800a6ac       0x62 CMakeFiles/CtrBoard-H7_ALL.elf.dir/Drivers/STM32H7xx_HAL_Driver/Src/stm32h7xx_ll_usb.c.obj
                0x0800a6ac                USB_SetCurrentMode
 *fill*         0x0800a70e        0x2 
 .text.USB_ActivateSetup
                0x0800a710       0x20 CMakeFiles/CtrBoard-H7_ALL.elf.dir/Drivers/STM32H7xx_HAL_Driver/Src/stm32h7xx_ll_usb.c.obj
                0x0800a710                USB_ActivateSetup
 .text.USB_EP0_OutStart
                0x0800a730       0x60 CMakeFiles/CtrBoard-H7_ALL.elf.dir/Drivers/STM32H7xx_HAL_Driver/Src/stm32h7xx_ll_usb.c.obj
                0x0800a730                USB_EP0_OutStart
 .text.USBD_CDC_EP0_RxReady
                0x0800a790       0x40 CMakeFiles/CtrBoard-H7_ALL.elf.dir/Middlewares/ST/STM32_USB_Device_Library/Class/CDC/Src/usbd_cdc.c.obj
 .text.USBD_CDC_GetDeviceQualifierDescriptor
                0x0800a7d0        0xc CMakeFiles/CtrBoard-H7_ALL.elf.dir/Middlewares/ST/STM32_USB_Device_Library/Class/CDC/Src/usbd_cdc.c.obj
                0x0800a7d0                USBD_CDC_GetDeviceQualifierDescriptor
 .text.USBD_CDC_GetOtherSpeedCfgDesc
                0x0800a7dc       0x48 CMakeFiles/CtrBoard-H7_ALL.elf.dir/Middlewares/ST/STM32_USB_Device_Library/Class/CDC/Src/usbd_cdc.c.obj
 .text.USBD_CDC_GetFSCfgDesc
                0x0800a824       0x48 CMakeFiles/CtrBoard-H7_ALL.elf.dir/Middlewares/ST/STM32_USB_Device_Library/Class/CDC/Src/usbd_cdc.c.obj
 .text.USBD_CDC_GetHSCfgDesc
                0x0800a86c       0x48 CMakeFiles/CtrBoard-H7_ALL.elf.dir/Middlewares/ST/STM32_USB_Device_Library/Class/CDC/Src/usbd_cdc.c.obj
 .text.USBD_CDC_DataOut
                0x0800a8b4       0x38 CMakeFiles/CtrBoard-H7_ALL.elf.dir/Middlewares/ST/STM32_USB_Device_Library/Class/CDC/Src/usbd_cdc.c.obj
 .text.USBD_CDC_DataIn
                0x0800a8ec       0x7c CMakeFiles/CtrBoard-H7_ALL.elf.dir/Middlewares/ST/STM32_USB_Device_Library/Class/CDC/Src/usbd_cdc.c.obj
 .text.USBD_CDC_Setup
                0x0800a968      0x11a CMakeFiles/CtrBoard-H7_ALL.elf.dir/Middlewares/ST/STM32_USB_Device_Library/Class/CDC/Src/usbd_cdc.c.obj
 .text.USBD_CDC_DeInit
                0x0800aa82       0x64 CMakeFiles/CtrBoard-H7_ALL.elf.dir/Middlewares/ST/STM32_USB_Device_Library/Class/CDC/Src/usbd_cdc.c.obj
 .text.USBD_CDC_Init
                0x0800aae6       0xee CMakeFiles/CtrBoard-H7_ALL.elf.dir/Middlewares/ST/STM32_USB_Device_Library/Class/CDC/Src/usbd_cdc.c.obj
 .text.USBD_CDC_RegisterInterface
                0x0800abd4       0x16 CMakeFiles/CtrBoard-H7_ALL.elf.dir/Middlewares/ST/STM32_USB_Device_Library/Class/CDC/Src/usbd_cdc.c.obj
                0x0800abd4                USBD_CDC_RegisterInterface
 .text.USBD_CDC_SetTxBuffer
                0x0800abea       0x1c CMakeFiles/CtrBoard-H7_ALL.elf.dir/Middlewares/ST/STM32_USB_Device_Library/Class/CDC/Src/usbd_cdc.c.obj
                0x0800abea                USBD_CDC_SetTxBuffer
 .text.USBD_CDC_SetRxBuffer
                0x0800ac06       0x18 CMakeFiles/CtrBoard-H7_ALL.elf.dir/Middlewares/ST/STM32_USB_Device_Library/Class/CDC/Src/usbd_cdc.c.obj
                0x0800ac06                USBD_CDC_SetRxBuffer
 .text.USBD_CDC_TransmitPacket
                0x0800ac1e       0x3a CMakeFiles/CtrBoard-H7_ALL.elf.dir/Middlewares/ST/STM32_USB_Device_Library/Class/CDC/Src/usbd_cdc.c.obj
                0x0800ac1e                USBD_CDC_TransmitPacket
 .text.USBD_CDC_ReceivePacket
                0x0800ac58       0x38 CMakeFiles/CtrBoard-H7_ALL.elf.dir/Middlewares/ST/STM32_USB_Device_Library/Class/CDC/Src/usbd_cdc.c.obj
                0x0800ac58                USBD_CDC_ReceivePacket
 .text.USBD_Init
                0x0800ac90       0x2e CMakeFiles/CtrBoard-H7_ALL.elf.dir/Middlewares/ST/STM32_USB_Device_Library/Core/Src/usbd_core.c.obj
                0x0800ac90                USBD_Init
 .text.USBD_RegisterClass
                0x0800acbe       0x34 CMakeFiles/CtrBoard-H7_ALL.elf.dir/Middlewares/ST/STM32_USB_Device_Library/Core/Src/usbd_core.c.obj
                0x0800acbe                USBD_RegisterClass
 .text.USBD_Start
                0x0800acf2        0x8 CMakeFiles/CtrBoard-H7_ALL.elf.dir/Middlewares/ST/STM32_USB_Device_Library/Core/Src/usbd_core.c.obj
                0x0800acf2                USBD_Start
 .text.USBD_SetClassConfig
                0x0800acfa       0x12 CMakeFiles/CtrBoard-H7_ALL.elf.dir/Middlewares/ST/STM32_USB_Device_Library/Core/Src/usbd_core.c.obj
                0x0800acfa                USBD_SetClassConfig
 .text.USBD_ClrClassConfig
                0x0800ad0c       0x12 CMakeFiles/CtrBoard-H7_ALL.elf.dir/Middlewares/ST/STM32_USB_Device_Library/Core/Src/usbd_core.c.obj
                0x0800ad0c                USBD_ClrClassConfig
 .text.USBD_LL_SetupStage
                0x0800ad1e       0x58 CMakeFiles/CtrBoard-H7_ALL.elf.dir/Middlewares/ST/STM32_USB_Device_Library/Core/Src/usbd_core.c.obj
                0x0800ad1e                USBD_LL_SetupStage
 .text.USBD_LL_Reset
                0x0800ad76       0x64 CMakeFiles/CtrBoard-H7_ALL.elf.dir/Middlewares/ST/STM32_USB_Device_Library/Core/Src/usbd_core.c.obj
                0x0800ad76                USBD_LL_Reset
 .text.USBD_LL_SetSpeed
                0x0800adda        0x6 CMakeFiles/CtrBoard-H7_ALL.elf.dir/Middlewares/ST/STM32_USB_Device_Library/Core/Src/usbd_core.c.obj
                0x0800adda                USBD_LL_SetSpeed
 .text.USBD_LL_Suspend
                0x0800ade0       0x1e CMakeFiles/CtrBoard-H7_ALL.elf.dir/Middlewares/ST/STM32_USB_Device_Library/Core/Src/usbd_core.c.obj
                0x0800ade0                USBD_LL_Suspend
 .text.USBD_LL_Resume
                0x0800adfe       0x1a CMakeFiles/CtrBoard-H7_ALL.elf.dir/Middlewares/ST/STM32_USB_Device_Library/Core/Src/usbd_core.c.obj
                0x0800adfe                USBD_LL_Resume
 .text.USBD_LL_SOF
                0x0800ae18       0x22 CMakeFiles/CtrBoard-H7_ALL.elf.dir/Middlewares/ST/STM32_USB_Device_Library/Core/Src/usbd_core.c.obj
                0x0800ae18                USBD_LL_SOF
 .text.USBD_LL_IsoINIncomplete
                0x0800ae3a       0x2e CMakeFiles/CtrBoard-H7_ALL.elf.dir/Middlewares/ST/STM32_USB_Device_Library/Core/Src/usbd_core.c.obj
                0x0800ae3a                USBD_LL_IsoINIncomplete
 .text.USBD_LL_IsoOUTIncomplete
                0x0800ae68       0x2e CMakeFiles/CtrBoard-H7_ALL.elf.dir/Middlewares/ST/STM32_USB_Device_Library/Core/Src/usbd_core.c.obj
                0x0800ae68                USBD_LL_IsoOUTIncomplete
 .text.USBD_LL_DevConnected
                0x0800ae96        0x4 CMakeFiles/CtrBoard-H7_ALL.elf.dir/Middlewares/ST/STM32_USB_Device_Library/Core/Src/usbd_core.c.obj
                0x0800ae96                USBD_LL_DevConnected
 .text.USBD_LL_DevDisconnected
                0x0800ae9a       0x20 CMakeFiles/CtrBoard-H7_ALL.elf.dir/Middlewares/ST/STM32_USB_Device_Library/Core/Src/usbd_core.c.obj
                0x0800ae9a                USBD_LL_DevDisconnected
 .text.USBD_CoreFindIF
                0x0800aeba        0x4 CMakeFiles/CtrBoard-H7_ALL.elf.dir/Middlewares/ST/STM32_USB_Device_Library/Core/Src/usbd_core.c.obj
                0x0800aeba                USBD_CoreFindIF
 .text.USBD_CoreFindEP
                0x0800aebe        0x4 CMakeFiles/CtrBoard-H7_ALL.elf.dir/Middlewares/ST/STM32_USB_Device_Library/Core/Src/usbd_core.c.obj
                0x0800aebe                USBD_CoreFindEP
 .text.USBD_LL_DataOutStage
                0x0800aec2       0xc6 CMakeFiles/CtrBoard-H7_ALL.elf.dir/Middlewares/ST/STM32_USB_Device_Library/Core/Src/usbd_core.c.obj
                0x0800aec2                USBD_LL_DataOutStage
 .text.USBD_LL_DataInStage
                0x0800af88       0xd6 CMakeFiles/CtrBoard-H7_ALL.elf.dir/Middlewares/ST/STM32_USB_Device_Library/Core/Src/usbd_core.c.obj
                0x0800af88                USBD_LL_DataInStage
 .text.USBD_GetNextDesc
                0x0800b05e        0xe CMakeFiles/CtrBoard-H7_ALL.elf.dir/Middlewares/ST/STM32_USB_Device_Library/Core/Src/usbd_core.c.obj
                0x0800b05e                USBD_GetNextDesc
 .text.USBD_GetEpDesc
                0x0800b06c       0x3e CMakeFiles/CtrBoard-H7_ALL.elf.dir/Middlewares/ST/STM32_USB_Device_Library/Core/Src/usbd_core.c.obj
                0x0800b06c                USBD_GetEpDesc
 .text.USBD_GetLen
                0x0800b0aa       0x14 CMakeFiles/CtrBoard-H7_ALL.elf.dir/Middlewares/ST/STM32_USB_Device_Library/Core/Src/usbd_ctlreq.c.obj
 .text.USBD_ParseSetupRequest
                0x0800b0be       0x28 CMakeFiles/CtrBoard-H7_ALL.elf.dir/Middlewares/ST/STM32_USB_Device_Library/Core/Src/usbd_ctlreq.c.obj
                0x0800b0be                USBD_ParseSetupRequest
 .text.USBD_CtlError
                0x0800b0e6       0x14 CMakeFiles/CtrBoard-H7_ALL.elf.dir/Middlewares/ST/STM32_USB_Device_Library/Core/Src/usbd_ctlreq.c.obj
                0x0800b0e6                USBD_CtlError
 .text.USBD_GetDescriptor
                0x0800b0fa      0x1ac CMakeFiles/CtrBoard-H7_ALL.elf.dir/Middlewares/ST/STM32_USB_Device_Library/Core/Src/usbd_ctlreq.c.obj
 .text.USBD_SetAddress
                0x0800b2a6       0x50 CMakeFiles/CtrBoard-H7_ALL.elf.dir/Middlewares/ST/STM32_USB_Device_Library/Core/Src/usbd_ctlreq.c.obj
 *fill*         0x0800b2f6        0x2 
 .text.USBD_SetConfig
                0x0800b2f8       0xcc CMakeFiles/CtrBoard-H7_ALL.elf.dir/Middlewares/ST/STM32_USB_Device_Library/Core/Src/usbd_ctlreq.c.obj
 .text.USBD_GetConfig
                0x0800b3c4       0x40 CMakeFiles/CtrBoard-H7_ALL.elf.dir/Middlewares/ST/STM32_USB_Device_Library/Core/Src/usbd_ctlreq.c.obj
 .text.USBD_GetStatus
                0x0800b404       0x38 CMakeFiles/CtrBoard-H7_ALL.elf.dir/Middlewares/ST/STM32_USB_Device_Library/Core/Src/usbd_ctlreq.c.obj
 .text.USBD_SetFeature
                0x0800b43c       0x2a CMakeFiles/CtrBoard-H7_ALL.elf.dir/Middlewares/ST/STM32_USB_Device_Library/Core/Src/usbd_ctlreq.c.obj
 .text.USBD_ClrFeature
                0x0800b466       0x26 CMakeFiles/CtrBoard-H7_ALL.elf.dir/Middlewares/ST/STM32_USB_Device_Library/Core/Src/usbd_ctlreq.c.obj
 .text.USBD_StdDevReq
                0x0800b48c       0x76 CMakeFiles/CtrBoard-H7_ALL.elf.dir/Middlewares/ST/STM32_USB_Device_Library/Core/Src/usbd_ctlreq.c.obj
                0x0800b48c                USBD_StdDevReq
 .text.USBD_StdItfReq
                0x0800b502       0x84 CMakeFiles/CtrBoard-H7_ALL.elf.dir/Middlewares/ST/STM32_USB_Device_Library/Core/Src/usbd_ctlreq.c.obj
                0x0800b502                USBD_StdItfReq
 .text.USBD_StdEPReq
                0x0800b586      0x232 CMakeFiles/CtrBoard-H7_ALL.elf.dir/Middlewares/ST/STM32_USB_Device_Library/Core/Src/usbd_ctlreq.c.obj
                0x0800b586                USBD_StdEPReq
 .text.USBD_GetString
                0x0800b7b8       0x46 CMakeFiles/CtrBoard-H7_ALL.elf.dir/Middlewares/ST/STM32_USB_Device_Library/Core/Src/usbd_ctlreq.c.obj
                0x0800b7b8                USBD_GetString
 .text.USBD_CtlSendData
                0x0800b7fe       0x1a CMakeFiles/CtrBoard-H7_ALL.elf.dir/Middlewares/ST/STM32_USB_Device_Library/Core/Src/usbd_ioreq.c.obj
                0x0800b7fe                USBD_CtlSendData
 .text.USBD_CtlContinueSendData
                0x0800b818       0x10 CMakeFiles/CtrBoard-H7_ALL.elf.dir/Middlewares/ST/STM32_USB_Device_Library/Core/Src/usbd_ioreq.c.obj
                0x0800b818                USBD_CtlContinueSendData
 .text.USBD_CtlPrepareRx
                0x0800b828       0x1e CMakeFiles/CtrBoard-H7_ALL.elf.dir/Middlewares/ST/STM32_USB_Device_Library/Core/Src/usbd_ioreq.c.obj
                0x0800b828                USBD_CtlPrepareRx
 .text.USBD_CtlContinueRx
                0x0800b846       0x10 CMakeFiles/CtrBoard-H7_ALL.elf.dir/Middlewares/ST/STM32_USB_Device_Library/Core/Src/usbd_ioreq.c.obj
                0x0800b846                USBD_CtlContinueRx
 .text.USBD_CtlSendStatus
                0x0800b856       0x16 CMakeFiles/CtrBoard-H7_ALL.elf.dir/Middlewares/ST/STM32_USB_Device_Library/Core/Src/usbd_ioreq.c.obj
                0x0800b856                USBD_CtlSendStatus
 .text.USBD_CtlReceiveStatus
                0x0800b86c       0x16 CMakeFiles/CtrBoard-H7_ALL.elf.dir/Middlewares/ST/STM32_USB_Device_Library/Core/Src/usbd_ioreq.c.obj
                0x0800b86c                USBD_CtlReceiveStatus
 .text.makeFreeRtosPriority
                0x0800b882        0xc CMakeFiles/CtrBoard-H7_ALL.elf.dir/Middlewares/Third_Party/FreeRTOS/Source/CMSIS_RTOS/cmsis_os.c.obj
 .text.inHandlerMode
                0x0800b88e        0xc CMakeFiles/CtrBoard-H7_ALL.elf.dir/Middlewares/Third_Party/FreeRTOS/Source/CMSIS_RTOS/cmsis_os.c.obj
 .text.osKernelStart
                0x0800b89a        0xa CMakeFiles/CtrBoard-H7_ALL.elf.dir/Middlewares/Third_Party/FreeRTOS/Source/CMSIS_RTOS/cmsis_os.c.obj
                0x0800b89a                osKernelStart
 .text.osKernelSysTick
                0x0800b8a4       0x14 CMakeFiles/CtrBoard-H7_ALL.elf.dir/Middlewares/Third_Party/FreeRTOS/Source/CMSIS_RTOS/cmsis_os.c.obj
                0x0800b8a4                osKernelSysTick
 .text.osThreadCreate
                0x0800b8b8       0x6a CMakeFiles/CtrBoard-H7_ALL.elf.dir/Middlewares/Third_Party/FreeRTOS/Source/CMSIS_RTOS/cmsis_os.c.obj
                0x0800b8b8                osThreadCreate
 .text.osDelay  0x0800b922        0xe CMakeFiles/CtrBoard-H7_ALL.elf.dir/Middlewares/Third_Party/FreeRTOS/Source/CMSIS_RTOS/cmsis_os.c.obj
                0x0800b922                osDelay
 .text.osMutexCreate
                0x0800b930       0x16 CMakeFiles/CtrBoard-H7_ALL.elf.dir/Middlewares/Third_Party/FreeRTOS/Source/CMSIS_RTOS/cmsis_os.c.obj
                0x0800b930                osMutexCreate
 .text.osSemaphoreCreate
                0x0800b946       0x58 CMakeFiles/CtrBoard-H7_ALL.elf.dir/Middlewares/Third_Party/FreeRTOS/Source/CMSIS_RTOS/cmsis_os.c.obj
                0x0800b946                osSemaphoreCreate
 .text.osSemaphoreWait
                0x0800b99e       0x5e CMakeFiles/CtrBoard-H7_ALL.elf.dir/Middlewares/Third_Party/FreeRTOS/Source/CMSIS_RTOS/cmsis_os.c.obj
                0x0800b99e                osSemaphoreWait
 .text.osSemaphoreRelease
                0x0800b9fc       0x5a CMakeFiles/CtrBoard-H7_ALL.elf.dir/Middlewares/Third_Party/FreeRTOS/Source/CMSIS_RTOS/cmsis_os.c.obj
                0x0800b9fc                osSemaphoreRelease
 .text.vListInitialise
                0x0800ba56       0x16 CMakeFiles/CtrBoard-H7_ALL.elf.dir/Middlewares/Third_Party/FreeRTOS/Source/list.c.obj
                0x0800ba56                vListInitialise
 .text.vListInitialiseItem
                0x0800ba6c        0x6 CMakeFiles/CtrBoard-H7_ALL.elf.dir/Middlewares/Third_Party/FreeRTOS/Source/list.c.obj
                0x0800ba6c                vListInitialiseItem
 .text.vListInsertEnd
                0x0800ba72       0x16 CMakeFiles/CtrBoard-H7_ALL.elf.dir/Middlewares/Third_Party/FreeRTOS/Source/list.c.obj
                0x0800ba72                vListInsertEnd
 .text.vListInsert
                0x0800ba88       0x32 CMakeFiles/CtrBoard-H7_ALL.elf.dir/Middlewares/Third_Party/FreeRTOS/Source/list.c.obj
                0x0800ba88                vListInsert
 .text.uxListRemove
                0x0800baba       0x26 CMakeFiles/CtrBoard-H7_ALL.elf.dir/Middlewares/Third_Party/FreeRTOS/Source/list.c.obj
                0x0800baba                uxListRemove
 .text.prvTaskExitError
                0x0800bae0       0x40 CMakeFiles/CtrBoard-H7_ALL.elf.dir/Middlewares/Third_Party/FreeRTOS/Source/portable/GCC/ARM_CM4F/port.c.obj
 .text.prvPortStartFirstTask
                0x0800bb20       0x28 CMakeFiles/CtrBoard-H7_ALL.elf.dir/Middlewares/Third_Party/FreeRTOS/Source/portable/GCC/ARM_CM4F/port.c.obj
 .text.vPortEnableVFP
                0x0800bb48       0x14 CMakeFiles/CtrBoard-H7_ALL.elf.dir/Middlewares/Third_Party/FreeRTOS/Source/portable/GCC/ARM_CM4F/port.c.obj
 .text.pxPortInitialiseStack
                0x0800bb5c       0x2c CMakeFiles/CtrBoard-H7_ALL.elf.dir/Middlewares/Third_Party/FreeRTOS/Source/portable/GCC/ARM_CM4F/port.c.obj
                0x0800bb5c                pxPortInitialiseStack
 *fill*         0x0800bb88        0x8 
 .text.SVC_Handler
                0x0800bb90       0x24 CMakeFiles/CtrBoard-H7_ALL.elf.dir/Middlewares/Third_Party/FreeRTOS/Source/portable/GCC/ARM_CM4F/port.c.obj
                0x0800bb90                SVC_Handler
 .text.vPortEnterCritical
                0x0800bbb4       0x44 CMakeFiles/CtrBoard-H7_ALL.elf.dir/Middlewares/Third_Party/FreeRTOS/Source/portable/GCC/ARM_CM4F/port.c.obj
                0x0800bbb4                vPortEnterCritical
 .text.vPortExitCritical
                0x0800bbf8       0x2c CMakeFiles/CtrBoard-H7_ALL.elf.dir/Middlewares/Third_Party/FreeRTOS/Source/portable/GCC/ARM_CM4F/port.c.obj
                0x0800bbf8                vPortExitCritical
 *fill*         0x0800bc24        0xc 
 .text.PendSV_Handler
                0x0800bc30       0x64 CMakeFiles/CtrBoard-H7_ALL.elf.dir/Middlewares/Third_Party/FreeRTOS/Source/portable/GCC/ARM_CM4F/port.c.obj
                0x0800bc30                PendSV_Handler
 .text.SysTick_Handler
                0x0800bc94       0x2c CMakeFiles/CtrBoard-H7_ALL.elf.dir/Middlewares/Third_Party/FreeRTOS/Source/portable/GCC/ARM_CM4F/port.c.obj
                0x0800bc94                SysTick_Handler
 .text.vPortSetupTimerInterrupt
                0x0800bcc0       0x28 CMakeFiles/CtrBoard-H7_ALL.elf.dir/Middlewares/Third_Party/FreeRTOS/Source/portable/GCC/ARM_CM4F/port.c.obj
                0x0800bcc0                vPortSetupTimerInterrupt
 .text.xPortStartScheduler
                0x0800bce8      0x118 CMakeFiles/CtrBoard-H7_ALL.elf.dir/Middlewares/Third_Party/FreeRTOS/Source/portable/GCC/ARM_CM4F/port.c.obj
                0x0800bce8                xPortStartScheduler
 .text.vPortValidateInterruptPriority
                0x0800be00       0x5c CMakeFiles/CtrBoard-H7_ALL.elf.dir/Middlewares/Third_Party/FreeRTOS/Source/portable/GCC/ARM_CM4F/port.c.obj
                0x0800be00                vPortValidateInterruptPriority
 .text.prvHeapInit
                0x0800be5c       0x68 CMakeFiles/CtrBoard-H7_ALL.elf.dir/Middlewares/Third_Party/FreeRTOS/Source/portable/MemMang/heap_4.c.obj
 .text.prvInsertBlockIntoFreeList
                0x0800bec4       0x64 CMakeFiles/CtrBoard-H7_ALL.elf.dir/Middlewares/Third_Party/FreeRTOS/Source/portable/MemMang/heap_4.c.obj
 .text.pvPortMalloc
                0x0800bf28       0xfc CMakeFiles/CtrBoard-H7_ALL.elf.dir/Middlewares/Third_Party/FreeRTOS/Source/portable/MemMang/heap_4.c.obj
                0x0800bf28                pvPortMalloc
 .text.vPortFree
                0x0800c024       0x7c CMakeFiles/CtrBoard-H7_ALL.elf.dir/Middlewares/Third_Party/FreeRTOS/Source/portable/MemMang/heap_4.c.obj
                0x0800c024                vPortFree
 .text.prvGetDisinheritPriorityAfterTimeout
                0x0800c0a0       0x10 CMakeFiles/CtrBoard-H7_ALL.elf.dir/Middlewares/Third_Party/FreeRTOS/Source/queue.c.obj
 .text.prvIsQueueFull
                0x0800c0b0       0x1e CMakeFiles/CtrBoard-H7_ALL.elf.dir/Middlewares/Third_Party/FreeRTOS/Source/queue.c.obj
 .text.prvIsQueueEmpty
                0x0800c0ce       0x1a CMakeFiles/CtrBoard-H7_ALL.elf.dir/Middlewares/Third_Party/FreeRTOS/Source/queue.c.obj
 .text.prvCopyDataToQueue
                0x0800c0e8       0x76 CMakeFiles/CtrBoard-H7_ALL.elf.dir/Middlewares/Third_Party/FreeRTOS/Source/queue.c.obj
 .text.prvNotifyQueueSetContainer
                0x0800c15e       0x7c CMakeFiles/CtrBoard-H7_ALL.elf.dir/Middlewares/Third_Party/FreeRTOS/Source/queue.c.obj
 .text.prvCopyDataFromQueue
                0x0800c1da       0x24 CMakeFiles/CtrBoard-H7_ALL.elf.dir/Middlewares/Third_Party/FreeRTOS/Source/queue.c.obj
 .text.prvUnlockQueue
                0x0800c1fe       0x82 CMakeFiles/CtrBoard-H7_ALL.elf.dir/Middlewares/Third_Party/FreeRTOS/Source/queue.c.obj
 .text.xQueueGenericReset
                0x0800c280       0x84 CMakeFiles/CtrBoard-H7_ALL.elf.dir/Middlewares/Third_Party/FreeRTOS/Source/queue.c.obj
                0x0800c280                xQueueGenericReset
 .text.prvInitialiseNewQueue
                0x0800c304       0x26 CMakeFiles/CtrBoard-H7_ALL.elf.dir/Middlewares/Third_Party/FreeRTOS/Source/queue.c.obj
 .text.xQueueGenericCreateStatic
                0x0800c32a       0xa6 CMakeFiles/CtrBoard-H7_ALL.elf.dir/Middlewares/Third_Party/FreeRTOS/Source/queue.c.obj
                0x0800c32a                xQueueGenericCreateStatic
 .text.xQueueGenericCreate
                0x0800c3d0       0x48 CMakeFiles/CtrBoard-H7_ALL.elf.dir/Middlewares/Third_Party/FreeRTOS/Source/queue.c.obj
                0x0800c3d0                xQueueGenericCreate
 .text.xQueueCreateCountingSemaphoreStatic
                0x0800c418       0x46 CMakeFiles/CtrBoard-H7_ALL.elf.dir/Middlewares/Third_Party/FreeRTOS/Source/queue.c.obj
                0x0800c418                xQueueCreateCountingSemaphoreStatic
 .text.xQueueCreateCountingSemaphore
                0x0800c45e       0x3c CMakeFiles/CtrBoard-H7_ALL.elf.dir/Middlewares/Third_Party/FreeRTOS/Source/queue.c.obj
                0x0800c45e                xQueueCreateCountingSemaphore
 .text.xQueueGenericSend
                0x0800c49a      0x1c2 CMakeFiles/CtrBoard-H7_ALL.elf.dir/Middlewares/Third_Party/FreeRTOS/Source/queue.c.obj
                0x0800c49a                xQueueGenericSend
 .text.prvInitialiseMutex
                0x0800c65c       0x18 CMakeFiles/CtrBoard-H7_ALL.elf.dir/Middlewares/Third_Party/FreeRTOS/Source/queue.c.obj
 .text.xQueueCreateMutex
                0x0800c674       0x16 CMakeFiles/CtrBoard-H7_ALL.elf.dir/Middlewares/Third_Party/FreeRTOS/Source/queue.c.obj
                0x0800c674                xQueueCreateMutex
 .text.xQueueCreateMutexStatic
                0x0800c68a       0x1e CMakeFiles/CtrBoard-H7_ALL.elf.dir/Middlewares/Third_Party/FreeRTOS/Source/queue.c.obj
                0x0800c68a                xQueueCreateMutexStatic
 .text.xQueueGenericSendFromISR
                0x0800c6a8      0x102 CMakeFiles/CtrBoard-H7_ALL.elf.dir/Middlewares/Third_Party/FreeRTOS/Source/queue.c.obj
                0x0800c6a8                xQueueGenericSendFromISR
 .text.xQueueGiveFromISR
                0x0800c7aa       0xce CMakeFiles/CtrBoard-H7_ALL.elf.dir/Middlewares/Third_Party/FreeRTOS/Source/queue.c.obj
                0x0800c7aa                xQueueGiveFromISR
 .text.xQueueReceive
                0x0800c878      0x15e CMakeFiles/CtrBoard-H7_ALL.elf.dir/Middlewares/Third_Party/FreeRTOS/Source/queue.c.obj
                0x0800c878                xQueueReceive
 .text.xQueueSemaphoreTake
                0x0800c9d6      0x1a6 CMakeFiles/CtrBoard-H7_ALL.elf.dir/Middlewares/Third_Party/FreeRTOS/Source/queue.c.obj
                0x0800c9d6                xQueueSemaphoreTake
 .text.xQueueReceiveFromISR
                0x0800cb7c       0xa8 CMakeFiles/CtrBoard-H7_ALL.elf.dir/Middlewares/Third_Party/FreeRTOS/Source/queue.c.obj
                0x0800cb7c                xQueueReceiveFromISR
 .text.vQueueAddToRegistry
                0x0800cc24       0x28 CMakeFiles/CtrBoard-H7_ALL.elf.dir/Middlewares/Third_Party/FreeRTOS/Source/queue.c.obj
                0x0800cc24                vQueueAddToRegistry
 .text.vQueueWaitForMessageRestricted
                0x0800cc4c       0x52 CMakeFiles/CtrBoard-H7_ALL.elf.dir/Middlewares/Third_Party/FreeRTOS/Source/queue.c.obj
                0x0800cc4c                vQueueWaitForMessageRestricted
 *fill*         0x0800cc9e        0x2 
 .text.prvResetNextTaskUnblockTime
                0x0800cca0       0x2c CMakeFiles/CtrBoard-H7_ALL.elf.dir/Middlewares/Third_Party/FreeRTOS/Source/tasks.c.obj
 .text.prvInitialiseNewTask
                0x0800cccc      0x106 CMakeFiles/CtrBoard-H7_ALL.elf.dir/Middlewares/Third_Party/FreeRTOS/Source/tasks.c.obj
 *fill*         0x0800cdd2        0x2 
 .text.prvInitialiseTaskLists
                0x0800cdd4       0x68 CMakeFiles/CtrBoard-H7_ALL.elf.dir/Middlewares/Third_Party/FreeRTOS/Source/tasks.c.obj
 .text.prvAddNewTaskToReadyList
                0x0800ce3c       0xac CMakeFiles/CtrBoard-H7_ALL.elf.dir/Middlewares/Third_Party/FreeRTOS/Source/tasks.c.obj
 .text.prvDeleteTCB
                0x0800cee8       0x40 CMakeFiles/CtrBoard-H7_ALL.elf.dir/Middlewares/Third_Party/FreeRTOS/Source/tasks.c.obj
 .text.prvCheckTasksWaitingTermination
                0x0800cf28       0x4c CMakeFiles/CtrBoard-H7_ALL.elf.dir/Middlewares/Third_Party/FreeRTOS/Source/tasks.c.obj
 .text.prvIdleTask
                0x0800cf74       0x28 CMakeFiles/CtrBoard-H7_ALL.elf.dir/Middlewares/Third_Party/FreeRTOS/Source/tasks.c.obj
 .text.prvAddCurrentTaskToDelayedList
                0x0800cf9c       0xa0 CMakeFiles/CtrBoard-H7_ALL.elf.dir/Middlewares/Third_Party/FreeRTOS/Source/tasks.c.obj
 .text.xTaskCreateStatic
                0x0800d03c       0x7a CMakeFiles/CtrBoard-H7_ALL.elf.dir/Middlewares/Third_Party/FreeRTOS/Source/tasks.c.obj
                0x0800d03c                xTaskCreateStatic
 .text.xTaskCreate
                0x0800d0b6       0x6a CMakeFiles/CtrBoard-H7_ALL.elf.dir/Middlewares/Third_Party/FreeRTOS/Source/tasks.c.obj
                0x0800d0b6                xTaskCreate
 .text.vTaskStartScheduler
                0x0800d120       0xac CMakeFiles/CtrBoard-H7_ALL.elf.dir/Middlewares/Third_Party/FreeRTOS/Source/tasks.c.obj
                0x0800d120                vTaskStartScheduler
 .text.vTaskSuspendAll